node.exe : npm warn Unknown cli config "--pretty". This will stop working in the next major version of npm.
At C:\Program Files\nodejs\npm.ps1:29 char:3
+   & $NODE_EXE $NPM_CLI_JS $args
+   ~~~~~~~~~~~~~~~~~~~~~~~~~~~~~
    + CategoryInfo          : NotSpecified: (npm warn Unknow...version of npm.:String) [], RemoteException
    + FullyQualifiedErrorId : NativeCommandError
 
npm warn Unknown project config "auto-install-peers". This will stop working in the next major version of npm.

> remcura@1.0.0 typecheck
> vue-tsc --noEmit

src/components/admin/DemoResetCard.vue(127,27): error TS2304: Cannot find name '$t'.
src/components/admin/TeamOverview.vue(436,29): error TS2339: Property 'is_active' does not exist on type 'EnhancedPermanentUser'.
src/components/admin/TeamOverview.vue(446,28): error TS2339: Property 'full_name' does not exist on type 'EnhancedPermanentUser'.
src/components/admin/TeamOverview.vue(457,16): error TS2339: Property 'is_active' does not exist on type 'EnhancedPermanentUser'.
src/components/admin/TeamOverview.vue(457,36): error TS2339: Property 'is_active' does not exist on type 'EnhancedPermanentUser'.
src/components/admin/TeamOverview.vue(460,63): error TS2339: Property 'full_name' does not exist on type 'EnhancedPermanentUser'.
src/components/admin/TeamOverview.vue(479,18): error TS2339: Property 'personal_magic_code' does not exist on type 'EnhancedPermanentUser'.
src/components/admin/TeamOverview.vue(484,50): error TS2339: Property 'personal_magic_code' does not exist on type 'EnhancedPermanentUser'.
src/components/auth/UpgradeToMemberDialog.vue(306,23): error TS2532: Object is possibly 'undefined'.
src/components/BarcodeScanner.vue(291,14): error TS2532: Object is possibly 'undefined'.
src/components/base/FormDialog.vue(9,6): error TS2322: Type 'string' is not assignable to type '"standard" | "modern" | "glass" | "elegant" | "minimal"'.
src/components/base/FormDialog.vue(10,6): error TS2322: Type 'string' is not assignable to type '"glass" | "minimal" | "gradient" | "solid"'.
src/components/base/OptimizedImage.vue(20,9): error TS2322: Type '"img"' is not assignable to type '"text" | "circle" | "rect" | "QAvatar" | "QBadge" | "QBtn" | "QCheckbox" | "QChip" | "QInput" | "QRadio" | "QRange" | "QSlider" | "QToggle" | "QToolbar" | undefined'.
src/components/base/OptimizedImage.vue(21,10): error TS2322: Type 'string | number | undefined' is not assignable to type 'string | undefined'.
  Type 'number' is not assignable to type 'string'.
src/components/base/OptimizedImage.vue(22,10): error TS2322: Type 'string | number | undefined' is not assignable to type 'string | undefined'.
  Type 'number' is not assignable to type 'string'.
src/components/base/OptimizedImage.vue(37,6): error TS2379: Argument of type '{ class: string; ref: string; src: string; alt: string; width: string | number | undefined; height: string | number | undefined; loading: "lazy" | "eager"; onClick: () => void; onError: () => void; onLoad: () => void; }' is not assignable to parameter of type 'ImgHTMLAttributes & ReservedProps & Record<string, unknown>' with 'exactOptionalPropertyTypes: true'. Consider adding 'undefined' to the types of the target's properties.
  Type '{ class: string; ref: string; src: string; alt: string; width: string | number | undefined; height: string | number | undefined; loading: "lazy" | "eager"; onClick: () => void; onError: () => void; onLoad: () => void; }' is not assignable to type 'ImgHTMLAttributes' with 'exactOptionalPropertyTypes: true'. Consider adding 'undefined' to the types of the target's properties.
    Types of property 'height' are incompatible.
      Type 'string | number | undefined' is not assignable to type 'Numberish'.
        Type 'undefined' is not assignable to type 'Numberish'.
src/components/BatchInput.vue(18,20): error TS2339: Property 'option' does not exist on type '{}'.
src/components/BatchInput.vue(152,35): error TS2307: Cannot find module 'src/stores/product' or its corresponding type declarations.
src/components/BatchInput.vue(218,38): error TS7006: Parameter 'product' implicitly has an 'any' type.
src/components/BatchInput.vue(307,5): error TS2769: No overload matches this call.
  Overload 1 of 3, '(e: "update:modelValue", value: { productId?: string; batchNumber?: string; expiryDate?: string; quantity?: number; batchId?: string; isExistingBatch?: boolean; }): void', gave the following error.
    Argument of type '{ productId: string | undefined; batchNumber: string; expiryDate: string; quantity: number; batchId: string; isExistingBatch: boolean; }' is not assignable to parameter of type '{ productId?: string; batchNumber?: string; expiryDate?: string; quantity?: number; batchId?: string; isExistingBatch?: boolean; }' with 'exactOptionalPropertyTypes: true'. Consider adding 'undefined' to the types of the target's properties.
      Types of property 'productId' are incompatible.
        Type 'string | undefined' is not assignable to type 'string'.
          Type 'undefined' is not assignable to type 'string'.
  Overload 2 of 3, '(e: "batch-selected", batch: ProductBatchWithDetails): void', gave the following error.
    Argument of type '"update:modelValue"' is not assignable to parameter of type '"batch-selected"'.
  Overload 3 of 3, '(e: "validation-changed", isValid: boolean): void', gave the following error.
    Argument of type '"update:modelValue"' is not assignable to parameter of type '"validation-changed"'.
src/components/BatchInput.vue(346,5): error TS2769: No overload matches this call.
  Overload 1 of 3, '(e: "update:modelValue", value: { productId?: string; batchNumber?: string; expiryDate?: string; quantity?: number; batchId?: string; isExistingBatch?: boolean; }): void', gave the following error.
    Argument of type '{ productId: string | undefined; batchNumber: string; expiryDate: string; quantity: number | undefined; batchId: undefined; isExistingBatch: boolean; }' is not assignable to parameter of type '{ productId?: string; batchNumber?: string; expiryDate?: string; quantity?: number; batchId?: string; isExistingBatch?: boolean; }' with 'exactOptionalPropertyTypes: true'. Consider adding 'undefined' to the types of the target's properties.
      Types of property 'productId' are incompatible.
        Type 'string | undefined' is not assignable to type 'string'.
          Type 'undefined' is not assignable to type 'string'.
  Overload 2 of 3, '(e: "batch-selected", batch: ProductBatchWithDetails): void', gave the following error.
    Argument of type '"update:modelValue"' is not assignable to parameter of type '"batch-selected"'.
  Overload 3 of 3, '(e: "validation-changed", isValid: boolean): void', gave the following error.
    Argument of type '"update:modelValue"' is not assignable to parameter of type '"validation-changed"'.
src/components/BatchInput.vue(361,13): error TS7006: Parameter 'p' implicitly has an 'any' type.
src/components/BatchOverview.vue(68,10): error TS2322: Type '({ name: string; label: string; align: string; sortable: boolean; field: string; } | { name: string; label: string; align: string; sortable?: never; field?: never; })[]' is not assignable to type '{ name: string; label: string; field: string | ((row: any) => any); required?: boolean; align?: "left" | "right" | "center"; sortable?: boolean; sort?: (a: any, b: any, rowA: any, rowB: any) => number; ... 6 more ...; headerClasses?: string; }[]'.
  Type '{ name: string; label: string; align: string; sortable: boolean; field: string; } | { name: string; label: string; align: string; sortable?: never; field?: never; }' is not assignable to type '{ name: string; label: string; field: string | ((row: any) => any); required?: boolean; align?: "left" | "right" | "center"; sortable?: boolean; sort?: (a: any, b: any, rowA: any, rowB: any) => number; ... 6 more ...; headerClasses?: string; }' with 'exactOptionalPropertyTypes: true'. Consider adding 'undefined' to the types of the target's properties.
    Type '{ name: string; label: string; align: string; sortable: boolean; field: string; }' is not assignable to type '{ name: string; label: string; field: string | ((row: any) => any); required?: boolean; align?: "left" | "right" | "center"; sortable?: boolean; sort?: (a: any, b: any, rowA: any, rowB: any) => number; ... 6 more ...; headerClasses?: string; }'.
      Types of property 'align' are incompatible.
        Type 'string' is not assignable to type '"left" | "right" | "center"'.
src/components/BatchOverview.vue(263,30): error TS2551: Property 'batchNumber' does not exist on type '{ available_quantity: number | null; batch_number: string; created_at: string | null; created_by: string | null; currency: string | null; current_quantity: number; expiry_date: string; ... 20 more ...; location: { ...; } | null; }'. Did you mean 'batch_number'?
src/components/BatchOverview.vue(264,33): error TS2339: Property 'productName' does not exist on type '{ available_quantity: number | null; batch_number: string; created_at: string | null; created_by: string | null; currency: string | null; current_quantity: number; expiry_date: string; ... 20 more ...; location: { ...; } | null; }'.
src/components/BatchOverview.vue(275,34): error TS2551: Property 'currentQuantity' does not exist on type '{ available_quantity: number | null; batch_number: string; created_at: string | null; created_by: string | null; currency: string | null; current_quantity: number; expiry_date: string; ... 20 more ...; location: { ...; } | null; }'. Did you mean 'current_quantity'?
src/components/BatchOverview.vue(283,45): error TS2551: Property 'expiryDate' does not exist on type '{ available_quantity: number | null; batch_number: string; created_at: string | null; created_by: string | null; currency: string | null; current_quantity: number; expiry_date: string; ... 20 more ...; location: { ...; } | null; }'. Did you mean 'expiry_date'?
src/components/BatchOverview.vue(427,17): error TS2339: Property 'urgencyLevel' does not exist on type '{ available_quantity: number | null; batch_number: string; created_at: string | null; created_by: string | null; currency: string | null; current_quantity: number; expiry_date: string; ... 20 more ...; location: { ...; } | null; }'.
src/components/BatchOverview.vue(442,24): error TS2339: Property 'urgency_level' does not exist on type '{ available_quantity: number | null; batch_number: string; created_at: string | null; created_by: string | null; currency: string | null; current_quantity: number; expiry_date: string; ... 20 more ...; location: { ...; } | null; }'.
src/components/BatchOverview.vue(478,12): error TS7053: Element implicitly has an 'any' type because expression of type 'string' can't be used to index type '{ storage: string; emergency: string; treatment: string; default: string; }'.
  No index signature with a parameter of type 'string' was found on type '{ storage: string; emergency: string; treatment: string; default: string; }'.
src/components/BatchOverview.vue(498,12): error TS7053: Element implicitly has an 'any' type because expression of type 'string' can't be used to index type '{ expired: string; critical: string; warning: string; normal: string; }'.
  No index signature with a parameter of type 'string' was found on type '{ expired: string; critical: string; warning: string; normal: string; }'.
src/components/BatchOverview.vue(508,12): error TS7053: Element implicitly has an 'any' type because expression of type 'string' can't be used to index type '{ expired: string; critical: string; warning: string; normal: string; }'.
  No index signature with a parameter of type 'string' was found on type '{ expired: string; critical: string; warning: string; normal: string; }'.
src/components/BatchOverview.vue(518,12): error TS7053: Element implicitly has an 'any' type because expression of type 'string' can't be used to index type '{ expired: string; critical: string; warning: string; normal: string; }'.
  No index signature with a parameter of type 'string' was found on type '{ expired: string; critical: string; warning: string; normal: string; }'.
src/components/BatchOverview.vue(541,12): error TS7053: Element implicitly has an 'any' type because expression of type 'string' can't be used to index type '{ active: string; expired: string; depleted: string; recalled: string; quarantine: string; }'.
  No index signature with a parameter of type 'string' was found on type '{ active: string; expired: string; depleted: string; recalled: string; quarantine: string; }'.
src/components/BatchOverview.vue(562,25): error TS2304: Cannot find name '$t'.
src/components/BatchOverview.vue(564,24): error TS2554: Expected 2 arguments, but got 1.
src/components/BatchOverview.vue(606,25): error TS2304: Cannot find name '$t'.
src/components/BatchOverview.vue(609,33): error TS2559: Type 'string' has no properties in common with type '{ practiceId?: string; productId?: string; locationId?: string; includeExpired?: boolean; }'.
src/components/BatchOverview.vue(625,51): error TS2554: Expected 1 arguments, but got 0.
src/components/BatchRegistrationForm.vue(360,53): error TS2379: Argument of type 'CreateBatchRequest' is not assignable to parameter of type '{ available_quantity?: number | null; batch_number: string; created_at?: string | null; created_by?: string | null; currency?: string | null; current_quantity: number; expiry_date: string; ... 17 more ...; updated_at?: string | null; }' with 'exactOptionalPropertyTypes: true'. Consider adding 'undefined' to the types of the target's properties.
  Property 'current_quantity' is missing in type 'CreateBatchRequest' but required in type '{ available_quantity?: number | null; batch_number: string; created_at?: string | null; created_by?: string | null; currency?: string | null; current_quantity: number; expiry_date: string; ... 17 more ...; updated_at?: string | null; }'.
src/components/BatchReports.vue(162,16): error TS2322: Type '{ name: string; label: string; field: string; align: string; }[]' is not assignable to type '{ name: string; label: string; field: string | ((row: any) => any); required?: boolean; align?: "left" | "right" | "center"; sortable?: boolean; sort?: (a: any, b: any, rowA: any, rowB: any) => number; ... 6 more ...; headerClasses?: string; }[]'.
  Type '{ name: string; label: string; field: string; align: string; }' is not assignable to type '{ name: string; label: string; field: string | ((row: any) => any); required?: boolean; align?: "left" | "right" | "center"; sortable?: boolean; sort?: (a: any, b: any, rowA: any, rowB: any) => number; ... 6 more ...; headerClasses?: string; }'.
    Types of property 'align' are incompatible.
      Type 'string' is not assignable to type '"left" | "right" | "center"'.
src/components/BatchReports.vue(520,23): error TS18048: 'product' is possibly 'undefined'.
src/components/BatchReports.vue(521,24): error TS18048: 'location' is possibly 'undefined'.
src/components/BatchReports.vue(534,53): error TS2769: No overload matches this call.
  Overload 1 of 2, '(values: { available_quantity?: number | null; batch_number: string; created_at?: string | null; created_by?: string | null; currency?: string | null; current_quantity: number; expiry_date: string; ... 17 more ...; updated_at?: string | null; }, options?: { ...; } | undefined): PostgrestFilterBuilder<...>', gave the following error.
    Argument of type '{ practice_id: string; product_id: string; location_id: string; batch_number: string; expiry_date: string | undefined; received_date: string | undefined; initial_quantity: number; current_quantity: number; unit_cost: number; status: string; }[]' is not assignable to parameter of type '{ available_quantity?: number | null; batch_number: string; created_at?: string | null; created_by?: string | null; currency?: string | null; current_quantity: number; expiry_date: string; ... 17 more ...; updated_at?: string | null; }'.
      Type '{ practice_id: string; product_id: string; location_id: string; batch_number: string; expiry_date: string | undefined; received_date: string | undefined; initial_quantity: number; current_quantity: number; unit_cost: number; status: string; }[]' is missing the following properties from type '{ available_quantity?: number | null; batch_number: string; created_at?: string | null; created_by?: string | null; currency?: string | null; current_quantity: number; expiry_date: string; ... 17 more ...; updated_at?: string | null; }': batch_number, current_quantity, expiry_date, initial_quantity, and 3 more.
  Overload 2 of 2, '(values: { available_quantity?: number | null; batch_number: string; created_at?: string | null; created_by?: string | null; currency?: string | null; current_quantity: number; expiry_date: string; ... 17 more ...; updated_at?: string | null; }[], options?: { ...; } | undefined): PostgrestFilterBuilder<...>', gave the following error.
    Argument of type '{ practice_id: string; product_id: string; location_id: string; batch_number: string; expiry_date: string | undefined; received_date: string | undefined; initial_quantity: number; current_quantity: number; unit_cost: number; status: string; }[]' is not assignable to parameter of type '{ available_quantity?: number | null; batch_number: string; created_at?: string | null; created_by?: string | null; currency?: string | null; current_quantity: number; expiry_date: string; ... 17 more ...; updated_at?: string | null; }[]'.
      Type '{ practice_id: string; product_id: string; location_id: string; batch_number: string; expiry_date: string | undefined; received_date: string | undefined; initial_quantity: number; current_quantity: number; unit_cost: number; status: string; }' is not assignable to type '{ available_quantity?: number | null; batch_number: string; created_at?: string | null; created_by?: string | null; currency?: string | null; current_quantity: number; expiry_date: string; ... 17 more ...; updated_at?: string | null; }' with 'exactOptionalPropertyTypes: true'. Consider adding 'undefined' to the types of the target's properties.
        Types of property 'expiry_date' are incompatible.
          Type 'string | undefined' is not assignable to type 'string'.
            Type 'undefined' is not assignable to type 'string'.
src/components/cards/AlertCard.vue(3,10): error TS2339: Property 'id' does not exist on type 'CreateComponentPublicInstanceWithMixins<ToResolvedProps<Props, { close: () => any; dismiss: () => any; }>, { hasHeader: ComputedRef<boolean>; hasContent: ComputedRef<boolean>; hasActions: ComputedRef<...>; hasHeaderActions: ComputedRef<...>; statusIcon: ComputedRef<...>; alertClasses: ComputedRef<...>; }, ... 23 mor...'.
src/components/cards/AlertCard.vue(7,37): error TS2339: Property 'paddingClass' does not exist on type 'CreateComponentPublicInstanceWithMixins<ToResolvedProps<Props, { close: () => any; dismiss: () => any; }>, { hasHeader: ComputedRef<boolean>; hasContent: ComputedRef<boolean>; hasActions: ComputedRef<...>; hasHeaderActions: ComputedRef<...>; statusIcon: ComputedRef<...>; alertClasses: ComputedRef<...>; }, ... 23 mor...'.
src/components/cards/AlertCard.vue(38,37): error TS2339: Property 'id' does not exist on type 'CreateComponentPublicInstanceWithMixins<ToResolvedProps<Props, { close: () => any; dismiss: () => any; }>, { hasHeader: ComputedRef<boolean>; hasContent: ComputedRef<boolean>; hasActions: ComputedRef<...>; hasHeaderActions: ComputedRef<...>; statusIcon: ComputedRef<...>; alertClasses: ComputedRef<...>; }, ... 23 mor...'.
src/components/cards/AlertCard.vue(120,5): error TS2322: Type '"default"' is not assignable to type 'InferDefault<LooseRequired<Props>, "info" | "error" | "warning" | "success" | undefined>'.
src/components/cards/BaseCard.vue(84,52): error TS2379: Argument of type '{ iconVariant: "default"; padding: "md"; role: string; title: undefined; subtitle: undefined; icon: undefined; iconColor: "primary"; cardClass: string; headerClass: string; contentClass: string; actionsClass: string; }' is not assignable to parameter of type 'InferDefaults<LooseRequired<Props>>' with 'exactOptionalPropertyTypes: true'. Consider adding 'undefined' to the types of the target's properties.
  Types of property 'title' are incompatible.
    Type 'undefined' is not assignable to type 'InferDefault<LooseRequired<Props>, string | undefined>'.
src/components/cards/BaseDashboardWidget.example.vue(167,21): error TS2339: Property 'saveSettings' does not exist on type 'CreateComponentPublicInstanceWithMixins<ToResolvedProps<{}, {}>, { BaseDashboardWidget: __VLS_WithSlots<DefineComponent<BaseDashboardWidgetProps, {}, {}, {}, {}, ComponentOptionsMixin, ... 13 more ..., any>, __VLS_Slots>; ... 4 more ...; refreshData: () => Promise<...>; }, ... 23 more ..., {}>'.
src/components/cards/BaseDashboardWidget.vue(84,5): error TS2353: Object literal may only specify known properties, and 'subtitle' does not exist in type 'InferDefaults<LooseRequired<BaseDashboardWidgetProps>>'.
src/components/cards/InteractiveCard.vue(103,52): error TS2379: Argument of type '{ title: undefined; subtitle: undefined; icon: undefined; iconColor: "primary"; iconVariant: "default"; padding: "md"; disabled: false; loading: false; showClickIndicator: false; role: string; cardClass: string; headerClass: string; contentClass: string; actionsClass: string; }' is not assignable to parameter of type 'InferDefaults<LooseRequired<Props>>' with 'exactOptionalPropertyTypes: true'. Consider adding 'undefined' to the types of the target's properties.
  Types of property 'title' are incompatible.
    Type 'undefined' is not assignable to type 'InferDefault<LooseRequired<Props>, string | undefined>'.
src/components/charts/ChartCanvas.vue(63,19): error TS2339: Property 'index' does not exist on type 'ActiveElement | undefined'.
src/components/charts/ChartCanvas.vue(63,26): error TS2339: Property 'datasetIndex' does not exist on type 'ActiveElement | undefined'.
src/components/charts/ChartCanvas.vue(88,20): error TS2339: Property 'type' does not exist on type 'ChartConfiguration<keyof ChartTypeRegistry, (number | [number, number] | Point | BubbleDataPoint | null)[], unknown> | ChartConfigurationCustomTypesPerDataset<...>'.
  Property 'type' does not exist on type 'ChartConfigurationCustomTypesPerDataset<keyof ChartTypeRegistry, (number | [number, number] | Point | BubbleDataPoint | null)[], unknown>'.
src/components/dashboard/widgets/ChartWidget.vue(49,8): error TS2322: Type '{ plugins: { legend: { display: boolean; position: string; }; }; }' is not assignable to type '_DeepPartialObject<CoreChartOptions<keyof ChartTypeRegistry> & ElementChartOptions<keyof ChartTypeRegistry> & PluginChartOptions<...> & DatasetChartOptions<...> & ScaleChartOptions<...>>'.
  The types of 'plugins.legend.position' are incompatible between these types.
    Type 'string' is not assignable to type '"top" | "bottom" | "left" | "right" | "center" | "chartArea" | _DeepPartialObject<{ [scaleId: string]: number; }> | undefined'.
src/components/dashboard/widgets/ListWidget.vue(110,10): error TS2379: Argument of type '{ class: string; key: string | undefined; }' is not assignable to parameter of type 'HTMLAttributes & ReservedProps & Record<string, unknown>' with 'exactOptionalPropertyTypes: true'. Consider adding 'undefined' to the types of the target's properties.
  Type '{ class: string; key: string | undefined; }' is not assignable to type 'ReservedProps' with 'exactOptionalPropertyTypes: true'. Consider adding 'undefined' to the types of the target's properties.
    Types of property 'key' are incompatible.
      Type 'string | undefined' is not assignable to type 'PropertyKey'.
        Type 'undefined' is not assignable to type 'PropertyKey'.
src/components/ExpiringBatchesList.vue(6,10): error TS2322: Type '({ name: string; label: string; field: string; align: "left"; } | { name: string; label: string; field: string; align: "right"; } | { name: string; label: string; field: string; align: "center"; } | { name: string; label: string; align: "center"; field?: never; })[]' is not assignable to type '{ name: string; label: string; field: string | ((row: any) => any); required?: boolean; align?: "left" | "right" | "center"; sortable?: boolean; sort?: (a: any, b: any, rowA: any, rowB: any) => number; ... 6 more ...; headerClasses?: string; }[]'.
  Type '{ name: string; label: string; field: string; align: "left"; } | { name: string; label: string; field: string; align: "right"; } | { name: string; label: string; field: string; align: "center"; } | { name: string; label: string; align: "center"; field?: never; }' is not assignable to type '{ name: string; label: string; field: string | ((row: any) => any); required?: boolean; align?: "left" | "right" | "center"; sortable?: boolean; sort?: (a: any, b: any, rowA: any, rowB: any) => number; ... 6 more ...; headerClasses?: string; }'.
    Type '{ name: string; label: string; align: "center"; field?: never; }' is not assignable to type '{ name: string; label: string; field: string | ((row: any) => any); required?: boolean; align?: "left" | "right" | "center"; sortable?: boolean; sort?: (a: any, b: any, rowA: any, rowB: any) => number; ... 6 more ...; headerClasses?: string; }'.
      Property 'field' is optional in type '{ name: string; label: string; align: "center"; field?: never; }' but required in type '{ name: string; label: string; field: string | ((row: any) => any); required?: boolean; align?: "left" | "right" | "center"; sortable?: boolean; sort?: (a: any, b: any, rowA: any, rowB: any) => number; ... 6 more ...; headerClasses?: string; }'.
src/components/ExpiringBatchesList.vue(104,50): error TS2304: Cannot find name 'colors'.
src/components/FifoBatchManager.vue(171,40): error TS2551: Property 'getFifoBatches' does not exist on type 'Store<"batch", Pick<{ batches: Ref<{ available_quantity: number | null; batch_number: string; created_at: string | null; created_by: string | null; currency: string | null; current_quantity: number; ... 21 more ...; location: { ...; } | null; }[], ProductBatchWithDetails[] | { ...; }[]>; ... 27 more ...; getBatchHis...'. Did you mean 'fifoBatches'?
src/components/FifoBatchManager.vue(177,40): error TS7006: Parameter 'result' implicitly has an 'any' type.
src/components/FifoBatchManager.vue(177,48): error TS7006: Parameter 'index' implicitly has an 'any' type.
src/components/filters/FilterField.vue(307,72): error TS2345: Argument of type 'string | number | null' is not assignable to parameter of type 'string | null'.
  Type 'number' is not assignable to type 'string'.
src/components/filters/FilterField.vue(346,70): error TS2345: Argument of type 'string | number | null' is not assignable to parameter of type 'string | null'.
  Type 'number' is not assignable to type 'string'.
src/components/filters/FilterField.vue(496,44): error TS2769: No overload matches this call.
  Overload 1 of 2, '(getter: ComputedGetter<FilterRange>, debugOptions?: DebuggerOptions | undefined): ComputedRef<FilterRange>', gave the following error.
    Argument of type '() => FilterRange | { min: undefined; max: undefined; }' is not assignable to parameter of type 'ComputedGetter<FilterRange>'.
      Type 'FilterRange | { min: undefined; max: undefined; }' is not assignable to type 'FilterRange' with 'exactOptionalPropertyTypes: true'. Consider adding 'undefined' to the types of the target's properties.
        Type '{ min: undefined; max: undefined; }' is not assignable to type 'FilterRange' with 'exactOptionalPropertyTypes: true'. Consider adding 'undefined' to the types of the target's properties.
          Types of property 'min' are incompatible.
            Type 'undefined' is not assignable to type 'number'.
  Overload 2 of 2, '(options: WritableComputedOptions<FilterRange, FilterRange>, debugOptions?: DebuggerOptions | undefined): WritableComputedRef<...>', gave the following error.
    Argument of type '() => FilterRange | { min: undefined; max: undefined; }' is not assignable to parameter of type 'WritableComputedOptions<FilterRange, FilterRange>'.
src/components/filters/FilterField.vue(507,57): error TS2769: No overload matches this call.
  Overload 1 of 2, '(getter: ComputedGetter<FilterDateRangeValue>, debugOptions?: DebuggerOptions | undefined): ComputedRef<FilterDateRangeValue>', gave the following error.
    Argument of type '() => FilterDateRangeValue | { start: undefined; end: undefined; }' is not assignable to parameter of type 'ComputedGetter<FilterDateRangeValue>'.
      Type 'FilterDateRangeValue | { start: undefined; end: undefined; }' is not assignable to type 'FilterDateRangeValue' with 'exactOptionalPropertyTypes: true'. Consider adding 'undefined' to the types of the target's properties.
        Type '{ start: undefined; end: undefined; }' is not assignable to type 'FilterDateRangeValue' with 'exactOptionalPropertyTypes: true'. Consider adding 'undefined' to the types of the target's properties.
          Types of property 'start' are incompatible.
            Type 'undefined' is not assignable to type 'string'.
  Overload 2 of 2, '(options: WritableComputedOptions<FilterDateRangeValue, FilterDateRangeValue>, debugOptions?: DebuggerOptions | undefined): WritableComputedRef<...>', gave the following error.
    Argument of type '() => FilterDateRangeValue | { start: undefined; end: undefined; }' is not assignable to parameter of type 'WritableComputedOptions<FilterDateRangeValue, FilterDateRangeValue>'.
src/components/filters/FilterField.vue(637,17): error TS2769: No overload matches this call.
  Overload 1 of 2, '(relation: "practices" | "counting_sessions" | "practice_locations" | "products" | "magic_invites" | "permanent_users" | "orders" | "order_lists" | "suppliers" | "supplier_products" | ... 26 more ... | "user_sessions"): PostgrestQueryBuilder<...>', gave the following error.
    Argument of type 'string' is not assignable to parameter of type '"practices" | "counting_sessions" | "practice_locations" | "products" | "magic_invites" | "permanent_users" | "orders" | "order_lists" | "suppliers" | "supplier_products" | ... 26 more ... | "user_sessions"'.
  Overload 2 of 2, '(relation: "unified_stock_view" | "reorder_suggestions"): PostgrestQueryBuilder<{ Tables: { activity_log: { Row: { activity_type: string; created_at: string | null; description: string | null; id: string; ... 5 more ...; user_id: string | null; }; Insert: { ...; }; Update: { ...; }; Relationships: [...]; }; ... 35 more ...; user_sessions: { ...; }; }; Views: { ...; }; Functions: { ...; }; Enums: { ...; }; CompositeTypes: {}; }, { ...; } | { ...; }, "unified_stock_view" | "reorder_suggestions", [...] | [...]>', gave the following error.
    Argument of type 'string' is not assignable to parameter of type '"unified_stock_view" | "reorder_suggestions"'.
src/components/filters/FilterField.vue(679,26): error TS2352: Conversion of type 'ParserError<`Expected identifier at \`${string}, ${string}\``>[]' to type 'Record<string, unknown>[]' may be a mistake because neither type sufficiently overlaps with the other. If this was intentional, convert the expression to 'unknown' first.
  Type 'ParserError<`Expected identifier at \`${string}, ${string}\``>' is not comparable to type 'Record<string, unknown>'.
    Index signature for type 'string' is missing in type '{ error: true; } & String'.
src/components/filters/FilterField.vue(696,11): error TS2322: Type '{ value: unknown; label: unknown; }[]' is not assignable to type 'FilterOption[] | { value: string | number | boolean; label: string; icon?: string; color?: string; disabled?: boolean; }[]'.
  Type '{ value: unknown; label: unknown; }[]' is not assignable to type 'FilterOption[]'.
    Type '{ value: unknown; label: unknown; }' is not assignable to type 'FilterOption'.
      Types of property 'value' are incompatible.
        Type 'unknown' is not assignable to type 'string | number | boolean'.
src/components/filters/FilterField.vue(736,11): error TS2367: This comparison appears to be unintentional because the types 'number' and 'string' have no overlap.
src/components/filters/FilterField.vue(741,11): error TS2367: This comparison appears to be unintentional because the types 'number' and 'string' have no overlap.
src/components/filters/FilterField.vue(785,48): error TS2339: Property 'querySelectorAll' does not exist on type 'never'.
src/components/filters/FilterField.vue(786,29): error TS7006: Parameter 'fieldElement' implicitly has an 'any' type.
src/components/filters/FilterPanel.vue(229,7): error TS2345: Argument of type '(newValues: FilterValues) => void' is not assignable to parameter of type 'GenericFunction'.
  Types of parameters 'newValues' and 'args' are incompatible.
    Type 'unknown' is not assignable to type 'FilterValues'.
src/components/filters/FilterPanel.vue(299,12): error TS2769: No overload matches this call.
  The last overload gave the following error.
    Argument of type '"update:modelValue"' is not assignable to parameter of type '"apply"'.
src/components/inventory/CountingEntryWithBatch.vue(7,37): error TS2339: Property 'product' does not exist on type 'CreateComponentPublicInstanceWithMixins<ToResolvedProps<Props, TypeEmitsToOptions<Emits>>, { BaseCard: DefineComponent<{}, {}, any>; BatchInput: DefineComponent<Props, {}, {}, {}, ... 15 more ..., any>; ... 24 more ...; saveEntry: () => Promise<...>; }, ... 23 more ..., { ...; }>'.
src/components/inventory/CountingEntryWithBatch.vue(9,18): error TS2339: Property 'product' does not exist on type 'CreateComponentPublicInstanceWithMixins<ToResolvedProps<Props, TypeEmitsToOptions<Emits>>, { BaseCard: DefineComponent<{}, {}, any>; BatchInput: DefineComponent<Props, {}, {}, {}, ... 15 more ..., any>; ... 24 more ...; saveEntry: () => Promise<...>; }, ... 23 more ..., { ...; }>'.
src/components/inventory/CountingEntryWithBatch.vue(9,38): error TS2339: Property 'product' does not exist on type 'CreateComponentPublicInstanceWithMixins<ToResolvedProps<Props, TypeEmitsToOptions<Emits>>, { BaseCard: DefineComponent<{}, {}, any>; BatchInput: DefineComponent<Props, {}, {}, {}, ... 15 more ..., any>; ... 24 more ...; saveEntry: () => Promise<...>; }, ... 23 more ..., { ...; }>'.
src/components/inventory/CountingEntryWithBatch.vue(29,37): error TS2339: Property 'product' does not exist on type 'CreateComponentPublicInstanceWithMixins<ToResolvedProps<Props, TypeEmitsToOptions<Emits>>, { BaseCard: DefineComponent<{}, {}, any>; BatchInput: DefineComponent<Props, {}, {}, {}, ... 15 more ..., any>; ... 24 more ...; saveEntry: () => Promise<...>; }, ... 23 more ..., { ...; }>'.
src/components/inventory/CountingEntryWithBatch.vue(76,52): error TS2339: Property 'product' does not exist on type 'CreateComponentPublicInstanceWithMixins<ToResolvedProps<Props, TypeEmitsToOptions<Emits>>, { BaseCard: DefineComponent<{}, {}, any>; BatchInput: DefineComponent<Props, {}, {}, {}, ... 15 more ..., any>; ... 24 more ...; saveEntry: () => Promise<...>; }, ... 23 more ..., { ...; }>'.
src/components/inventory/CountingEntryWithBatch.vue(80,33): error TS2339: Property 'urgency_level' does not exist on type '{ available_quantity: number | null; batch_number: string; created_at: string | null; created_by: string | null; currency: string | null; current_quantity: number; expiry_date: string; ... 20 more ...; location: { ...; } | null; }'.
src/components/inventory/CountingEntryWithBatch.vue(81,51): error TS2339: Property 'urgency_level' does not exist on type '{ available_quantity: number | null; batch_number: string; created_at: string | null; created_by: string | null; currency: string | null; current_quantity: number; expiry_date: string; ... 20 more ...; location: { ...; } | null; }'.
src/components/inventory/CountingEntryWithBatch.vue(82,51): error TS2339: Property 'urgency_level' does not exist on type '{ available_quantity: number | null; batch_number: string; created_at: string | null; created_by: string | null; currency: string | null; current_quantity: number; expiry_date: string; ... 20 more ...; location: { ...; } | null; }'.
src/components/inventory/CountingEntryWithBatch.vue(102,29): error TS2339: Property 'locationId' does not exist on type 'CreateComponentPublicInstanceWithMixins<ToResolvedProps<Props, TypeEmitsToOptions<Emits>>, { BaseCard: DefineComponent<{}, {}, any>; BatchInput: DefineComponent<Props, {}, {}, {}, ... 15 more ..., any>; ... 24 more ...; saveEntry: () => Promise<...>; }, ... 23 more ..., { ...; }>'.
src/components/inventory/CountingEntryWithBatch.vue(136,45): error TS2339: Property 'product' does not exist on type 'CreateComponentPublicInstanceWithMixins<ToResolvedProps<Props, TypeEmitsToOptions<Emits>>, { BaseCard: DefineComponent<{}, {}, any>; BatchInput: DefineComponent<Props, {}, {}, {}, ... 15 more ..., any>; ... 24 more ...; saveEntry: () => Promise<...>; }, ... 23 more ..., { ...; }>'.
src/components/inventory/CountingEntryWithBatch.vue(150,18): error TS2339: Property 'product' does not exist on type 'CreateComponentPublicInstanceWithMixins<ToResolvedProps<Props, TypeEmitsToOptions<Emits>>, { BaseCard: DefineComponent<{}, {}, any>; BatchInput: DefineComponent<Props, {}, {}, {}, ... 15 more ..., any>; ... 24 more ...; saveEntry: () => Promise<...>; }, ... 23 more ..., { ...; }>'.
src/components/inventory/CountingEntryWithBatch.vue(242,31): error TS2339: Property 'product' does not exist on type 'Readonly<MappedOmit<LooseRequired<Props>, "viewMode">> & { readonly viewMode: "full" | "lite"; } & {}'.
src/components/inventory/CountingEntryWithBatch.vue(243,52): error TS2339: Property 'locationId' does not exist on type 'Readonly<MappedOmit<LooseRequired<Props>, "viewMode">> & { readonly viewMode: "full" | "lite"; } & {}'.
src/components/inventory/CountingEntryWithBatch.vue(289,14): error TS2678: Type '"completed"' is not comparable to type '"discrepancy" | "verified" | "pending"'.
src/components/inventory/CountingEntryWithBatch.vue(291,14): error TS2678: Type '"reviewed"' is not comparable to type '"discrepancy" | "verified" | "pending"'.
src/components/inventory/CountingEntryWithBatch.vue(293,14): error TS2678: Type '"flagged"' is not comparable to type '"discrepancy" | "verified" | "pending"'.
src/components/inventory/CountingEntryWithBatch.vue(305,14): error TS2678: Type '"completed"' is not comparable to type '"discrepancy" | "verified" | "pending"'.
src/components/inventory/CountingEntryWithBatch.vue(307,14): error TS2678: Type '"reviewed"' is not comparable to type '"discrepancy" | "verified" | "pending"'.
src/components/inventory/CountingEntryWithBatch.vue(309,14): error TS2678: Type '"flagged"' is not comparable to type '"discrepancy" | "verified" | "pending"'.
src/components/inventory/CountingEntryWithBatch.vue(378,27): error TS2339: Property 'product' does not exist on type 'Readonly<MappedOmit<LooseRequired<Props>, "viewMode">> & { readonly viewMode: "full" | "lite"; } & {}'.
src/components/inventory/CountingEntryWithBatch.vue(379,28): error TS2339: Property 'locationId' does not exist on type 'Readonly<MappedOmit<LooseRequired<Props>, "viewMode">> & { readonly viewMode: "full" | "lite"; } & {}'.
src/components/inventory/CountingEntryWithBatch.vue(391,19): error TS2339: Property 'batch_id' does not exist on type '{ session_id: string; product_id: any; location_id: any; system_quantity: number; counted_quantity: number; discrepancy: number; notes: string; counted_by: string; counted_at: string; status: string; }'.
src/components/inventory/CountingEntryWithBatch.vue(399,29): error TS2339: Property 'product' does not exist on type 'Readonly<MappedOmit<LooseRequired<Props>, "viewMode">> & { readonly viewMode: "full" | "lite"; } & {}'.
src/components/inventory/CountingEntryWithBatch.vue(400,30): error TS2339: Property 'locationId' does not exist on type 'Readonly<MappedOmit<LooseRequired<Props>, "viewMode">> & { readonly viewMode: "full" | "lite"; } & {}'.
src/components/inventory/CountingEntryWithBatch.vue(409,55): error TS2345: Argument of type '{ practice_id: string | null | undefined; product_id: any; location_id: any; batch_number: any; expiry_date: any; initial_quantity: any; current_quantity: any; unit_cost: number; currency: string; }' is not assignable to parameter of type '{ available_quantity?: number | null; batch_number: string; created_at?: string | null; created_by?: string | null; currency?: string | null; current_quantity: number; expiry_date: string; ... 17 more ...; updated_at?: string | null; }'.
  Types of property 'practice_id' are incompatible.
    Type 'string | null | undefined' is not assignable to type 'string'.
      Type 'undefined' is not assignable to type 'string'.
src/components/inventory/CountingEntryWithBatch.vue(410,19): error TS2339: Property 'batch_id' does not exist on type '{ session_id: string; product_id: any; location_id: any; system_quantity: number; counted_quantity: number; discrepancy: number; notes: string; counted_by: string; counted_at: string; status: string; }'.
src/components/inventory/CountingEntryWithBatch.vue(416,27): error TS2352: Conversion of type '{ session_id: string; product_id: any; location_id: any; system_quantity: number; counted_quantity: number; discrepancy: number; notes: string; counted_by: string; counted_at: string; status: string; }' to type 'CountingEntryDTO' may be a mistake because neither type sufficiently overlaps with the other. If this was intentional, convert the expression to 'unknown' first.
  Type '{ session_id: string; product_id: any; location_id: any; system_quantity: number; counted_quantity: number; discrepancy: number; notes: string; counted_by: string; counted_at: string; status: string; }' is missing the following properties from type 'CountingEntryDTO': id, practice_id, variance, verified_by, and 5 more.
src/components/inventory/CountingEntryWithBatch.vue(440,29): error TS2339: Property 'batch_id' does not exist on type 'CountingEntryDTO'.
src/components/inventory/CountingEntryWithBatch.vue(443,25): error TS18048: 'props.existingEntry' is possibly 'undefined'.
src/components/inventory/CountingEntryWithBatch.vue(443,45): error TS2339: Property 'batch_id' does not exist on type 'CountingEntryDTO'.
src/components/inventory/CountingSessionDialog.vue(198,29): error TS2345: Argument of type 'string | null' is not assignable to parameter of type 'string'.
  Type 'null' is not assignable to type 'string'.
src/components/inventory/MobileCountingInterface.vue(205,18): error TS2322: Type '{ id: string; name: string; sku: string; current_stock?: number; minimum_stock?: number; maximum_stock?: number; barcode?: string; gtin?: string; image_url?: string; } | null | undefined' is not assignable to type 'Product | null'.
  Type 'undefined' is not assignable to type 'Product | null'.
src/components/inventory/MobileCountingInterface.vue(220,14): error TS2322: Type '{ id: string; name: string; sku: string; current_stock?: number; minimum_stock?: number; maximum_stock?: number; barcode?: string; gtin?: string; image_url?: string; } | null | undefined' is not assignable to type 'Product | null'.
  Type 'undefined' is not assignable to type 'Product | null'.
src/components/inventory/MobileCountingInterface.vue(498,24): error TS2353: Object literal may only specify known properties, and 'torch' does not exist in type 'MediaTrackConstraintSet'.
src/components/inventory/MobileCountingInterface.vue(525,28): error TS18048: 'videoTrack' is possibly 'undefined'.
src/components/inventory/MobileCountingInterface.vue(539,32): error TS18047: 'barcodeDetector' is possibly 'null'.
src/components/inventory/MobileCountingInterface.vue(541,27): error TS2532: Object is possibly 'undefined'.
src/components/inventory/MobileCountingInterface.vue(680,21): error TS2339: Property 'product' does not exist on type '{ id: string; practice_id: string; product_id: string; location_id: string; current_quantity: number; available_quantity: number; reserved_quantity: number; minimum_quantity: number; maximum_quantity: number | null; ... 10 more ...; updated_at: string | null; }'.
src/components/inventory/MobileCountingInterface.vue(681,20): error TS2339: Property 'product' does not exist on type '{ id: string; practice_id: string; product_id: string; location_id: string; current_quantity: number; available_quantity: number; reserved_quantity: number; minimum_quantity: number; maximum_quantity: number | null; ... 10 more ...; updated_at: string | null; }'.
src/components/inventory/MobileCountingInterface.vue(683,30): error TS2339: Property 'minimum_stock' does not exist on type '{ id: string; practice_id: string; product_id: string; location_id: string; current_quantity: number; available_quantity: number; reserved_quantity: number; minimum_quantity: number; maximum_quantity: number | null; ... 10 more ...; updated_at: string | null; }'.
src/components/inventory/MobileCountingInterface.vue(684,30): error TS2339: Property 'maximum_stock' does not exist on type '{ id: string; practice_id: string; product_id: string; location_id: string; current_quantity: number; available_quantity: number; reserved_quantity: number; minimum_quantity: number; maximum_quantity: number | null; ... 10 more ...; updated_at: string | null; }'.
src/components/inventory/MobileCountingInterface.vue(685,24): error TS2339: Property 'product' does not exist on type '{ id: string; practice_id: string; product_id: string; location_id: string; current_quantity: number; available_quantity: number; reserved_quantity: number; minimum_quantity: number; maximum_quantity: number | null; ... 10 more ...; updated_at: string | null; }'.
src/components/inventory/MobileCountingInterface.vue(686,21): error TS2339: Property 'product' does not exist on type '{ id: string; practice_id: string; product_id: string; location_id: string; current_quantity: number; available_quantity: number; reserved_quantity: number; minimum_quantity: number; maximum_quantity: number | null; ... 10 more ...; updated_at: string | null; }'.
src/components/inventory/MobileCountingInterface.vue(687,26): error TS2339: Property 'product' does not exist on type '{ id: string; practice_id: string; product_id: string; location_id: string; current_quantity: number; available_quantity: number; reserved_quantity: number; minimum_quantity: number; maximum_quantity: number | null; ... 10 more ...; updated_at: string | null; }'.
src/components/inventory/QuickAdjustmentDialog.vue(872,39): error TS2339: Property 'current_quantity' does not exist on type '{ active: boolean | null; barcode: string | null; base_unit_indicator: boolean | null; brand: string | null; category: string | null; country_of_origin: string | null; created_at: string | null; ... 43 more ...; batches: { ...; }[]; }'.
src/components/inventory/QuickAdjustmentDialog.vue(873,39): error TS2339: Property 'minimum_quantity' does not exist on type '{ active: boolean | null; barcode: string | null; base_unit_indicator: boolean | null; brand: string | null; category: string | null; country_of_origin: string | null; created_at: string | null; ... 43 more ...; batches: { ...; }[]; }'.
src/components/inventory/QuickAdjustmentDialog.vue(921,45): error TS2339: Property 'current_quantity' does not exist on type '{ active: boolean | null; barcode: string | null; base_unit_indicator: boolean | null; brand: string | null; category: string | null; country_of_origin: string | null; created_at: string | null; ... 43 more ...; batches: { ...; }[]; }'.
src/components/inventory/QuickAdjustmentDialog.vue(922,45): error TS2339: Property 'minimum_quantity' does not exist on type '{ active: boolean | null; barcode: string | null; base_unit_indicator: boolean | null; brand: string | null; category: string | null; country_of_origin: string | null; created_at: string | null; ... 43 more ...; batches: { ...; }[]; }'.
src/components/inventory/QuickAdjustmentDialog.vue(974,25): error TS2304: Cannot find name '$t'.
src/components/inventory/QuickAdjustmentDialog.vue(979,25): error TS2304: Cannot find name '$t'.
src/components/inventory/QuickAdjustmentDialog.vue(984,25): error TS2304: Cannot find name '$t'.
src/components/inventory/QuickAdjustmentDialog.vue(990,25): error TS2304: Cannot find name '$t'.
src/components/inventory/QuickAdjustmentDialog.vue(1094,50): error TS2339: Property 'subscribeToInventory' does not exist on type '{ subscribeToOrderLists(practiceId: string, callback: (payload: OrderListPayload) => void): RealtimeChannel; subscribeToOrderListItems(callback: (payload: OrderListItemPayload) => void): RealtimeChannel; subscribeToStockLevels(practiceId: string, callback: (payload: StockLevelPayload) => void): RealtimeChannel; subs...'.
src/components/inventory/QuickAdjustmentDialog.vue(1135,23): error TS2339: Property 'unsubscribeFromChannel' does not exist on type '{ subscribeToOrderLists(practiceId: string, callback: (payload: OrderListPayload) => void): RealtimeChannel; subscribeToOrderListItems(callback: (payload: OrderListItemPayload) => void): RealtimeChannel; subscribeToStockLevels(practiceId: string, callback: (payload: StockLevelPayload) => void): RealtimeChannel; subs...'.
src/components/inventory/StockTransferDialog.vue(358,5): error TS2322: Type 'null' is not assignable to type '(props: LooseRequired<Props>) => LocationSummary'.
src/components/inventory/StockTransferDialog.vue(430,36): error TS2339: Property 'getProductBatches' does not exist on type 'Store<"inventory", Pick<{ stockLevels: Ref<{ id: string; practice_id: string; product_id: string; location_id: string; current_quantity: number; available_quantity: number; reserved_quantity: number; ... 12 more ...; updated_at: string | null; }[], StockLevelView[] | { ...; }[]>; ... 17 more ...; refreshData: (pract...'.
src/components/inventory/StockTransferDialog.vue(436,15): error TS7006: Parameter 'batch' implicitly has an 'any' type.
src/components/inventory/StockTransferDialog.vue(437,12): error TS7006: Parameter 'batch' implicitly has an 'any' type.
src/components/inventory/StockTransferDialog.vue(442,10): error TS7006: Parameter 'a' implicitly has an 'any' type.
src/components/inventory/StockTransferDialog.vue(442,13): error TS7006: Parameter 'b' implicitly has an 'any' type.
src/components/inventory/StockTransferDialog.vue(452,34): error TS2339: Property 'available_quantity' does not exist on type '{ id: string; batch_number: string; expiry_date: string; current_quantity: number; urgency: ExpiryUrgencyLevel; }'.
src/components/inventory/StockTransferDialog.vue(526,44): error TS2339: Property 'practice_id' does not exist on type 'ProductWithStock'.
src/components/inventory/StockTransferDialog.vue(544,17): error TS18047: 'fromLocation.value' is possibly 'null'.
src/components/inventory/StockTransferDialog.vue(545,15): error TS18047: 'toLocation.value' is possibly 'null'.
src/components/inventory/StockTransferDialog.vue(574,5): error TS2322: Type 'null' is not assignable to type 'ProductWithStock | { active: boolean | null; barcode: string | null; base_unit_indicator: boolean | null; brand: string | null; category: string | null; country_of_origin: string | null; ... 44 more ...; batches: { ...; }[]; }'.
src/components/inventory/StockTransferDialog.vue(606,34): error TS2304: Cannot find name 'QNotifyCreateOptions'.
src/components/orderLists/AdvancedOrderListCard.vue(531,12): error TS2678: Type '"ready"' is not comparable to type '"draft" | "completed" | "cancelled" | "active" | "submitted" | null'.
src/components/orderLists/AdvancedOrderListCard.vue(537,12): error TS2678: Type '"confirmed"' is not comparable to type '"draft" | "completed" | "cancelled" | "active" | "submitted" | null'.
src/components/orderLists/AdvancedOrderListCard.vue(539,12): error TS2678: Type '"delivered"' is not comparable to type '"draft" | "completed" | "cancelled" | "active" | "submitted" | null'.
src/components/orderLists/AdvancedOrderListCard.vue(548,53): error TS2345: Argument of type 'string | null' is not assignable to parameter of type 'string'.
  Type 'null' is not assignable to type 'string'.
src/components/orderLists/AdvancedOrderListCard.vue(552,7): error TS18048: 'props.reorderAdvice.items_by_urgency.critical.length' is possibly 'undefined'.
src/components/orderLists/AdvancedOrderListCard.vue(553,7): error TS18048: 'props.reorderAdvice.items_by_urgency.high.length' is possibly 'undefined'.
src/components/orderLists/AdvancedOrderListCard.vue(581,11): error TS2367: This comparison appears to be unintentional because the types 'UrgencyLevel' and '"normal"' have no overlap.
src/components/orderLists/AdvancedOrderListCard.vue(610,12): error TS18048: 'props.reorderAdvice.total_items_to_order' is possibly 'undefined'.
src/components/orderLists/AdvancedOrderListCard.vue(841,45): error TS2554: Expected 2 arguments, but got 1.
src/components/orderLists/AdvancedOrderListCard.vue(892,9): error TS2554: Expected 1 arguments, but got 2.
src/components/orderLists/AdvancedOrderListCard.vue(901,7): error TS2769: No overload matches this call.
  Overload 1 of 3, '(evt: "order-created", orderList: OrderListWithItems): void', gave the following error.
    Argument of type '"list-updated"' is not assignable to parameter of type '"order-created"'.
  Overload 2 of 3, '(evt: "list-updated", orderList: OrderListWithItems): void', gave the following error.
    Argument of type 'void' is not assignable to parameter of type 'OrderListWithItems'.
  Overload 3 of 3, '(evt: "analytics-requested", orderList: OrderListWithItems): void', gave the following error.
    Argument of type '"list-updated"' is not assignable to parameter of type '"analytics-requested"'.
src/components/orderLists/SimpleOrderListCard.vue(70,17): error TS2724: '"@/types"' has no exported member named 'OrderList'. Did you mean 'OrderListRow'?
src/components/orderLists/SimpleOrderListCard.vue(70,28): error TS2305: Module '"@/types"' has no exported member 'OrderAdvice'.
src/components/products/AdvancedSearchDialog.vue(381,23): error TS2345: Argument of type '"preview-table"' is not assignable to parameter of type '"open-scanner"'.
src/components/products/AdvancedSearchDialog.vue(540,5): error TS2769: No overload matches this call.
  Overload 1 of 4, '(e: "update:modelValue", value: boolean): void', gave the following error.
    Argument of type '"search"' is not assignable to parameter of type '"update:modelValue"'.
  Overload 2 of 4, '(e: "search", criteria: ProductFilter & { priceMin?: number; priceMax?: number; has_gtin?: boolean; batch_tracked?: boolean; in_stock_only?: boolean; }): void', gave the following error.
    Argument of type '{ search: string; gtin: string; country_of_origin: string; gpc_brick_code: string; lifecycle_status: string; category: string; supplier: string; stock_status: string; sort_by: "name"; sort_order: "asc"; ... 5 more ...; in_stock_only: boolean; }' is not assignable to parameter of type 'ProductFilter & { priceMin?: number; priceMax?: number; has_gtin?: boolean; batch_tracked?: boolean; in_stock_only?: boolean; }'.
      Type '{ search: string; gtin: string; country_of_origin: string; gpc_brick_code: string; lifecycle_status: string; category: string; supplier: string; stock_status: string; sort_by: "name"; sort_order: "asc"; ... 5 more ...; in_stock_only: boolean; }' is not assignable to type '{ priceMin?: number; priceMax?: number; has_gtin?: boolean; batch_tracked?: boolean; in_stock_only?: boolean; }'.
        Types of property 'priceMin' are incompatible.
          Type 'number | null' is not assignable to type 'number'.
            Type 'null' is not assignable to type 'number'.
  Overload 3 of 4, '(e: "preview", criteria: any): void', gave the following error.
    Argument of type '"search"' is not assignable to parameter of type '"preview"'.
src/components/products/OrderListDialog.vue(19,48): error TS2339: Property 'onSubmit' does not exist on type 'CreateComponentPublicInstanceWithMixins<ToResolvedProps<Props, { "update:modelValue": (value: boolean) => any; saved: () => any; createOrderList: (orderList: OrderListWithItems) => any; addToExisting: (orderListId: string, product: ProductWithStock) => any; }>, ... 24 more ..., { ...; }>'.
src/components/products/OrderListDialog.vue(296,17): error TS2724: '"src/types/inventory"' has no exported member named 'OrderListItem'. Did you mean 'OrderListItemRow'?
src/components/products/OrderListDialog.vue(368,8): error TS7006: Parameter 'sum' implicitly has an 'any' type.
src/components/products/OrderListDialog.vue(368,13): error TS7006: Parameter 'item' implicitly has an 'any' type.
src/components/products/OrderListDialog.vue(375,8): error TS7006: Parameter 'sum' implicitly has an 'any' type.
src/components/products/OrderListDialog.vue(375,13): error TS7006: Parameter 'item' implicitly has an 'any' type.
src/components/products/OrderListDialog.vue(388,9): error TS7006: Parameter 'item' implicitly has an 'any' type.
src/components/products/OrderListDialog.vue(415,9): error TS2322: Type 'string | null' is not assignable to type 'string'.
  Type 'null' is not assignable to type 'string'.
src/components/products/OrderListDialog.vue(416,32): error TS2339: Property 'notes' does not exist on type 'OrderListWithItems'.
src/components/products/OrderListDialog.vue(418,27): error TS2339: Property 'auto_suggest_quantities' does not exist on type 'OrderListWithItems'.
src/components/products/OrderListDialog.vue(419,39): error TS2339: Property 'urgent_order' does not exist on type 'OrderListWithItems'.
src/components/products/OrderListDialog.vue(465,7): error TS7006: Parameter 'item' implicitly has an 'any' type.
src/components/products/OrderListDialog.vue(498,25): error TS2304: Cannot find name '$t'.
src/components/products/OrderListDialog.vue(508,11): error TS2353: Object literal may only specify known properties, and 'auto_suggest_quantities' does not exist in type 'UpdateOrderListRequest'.
src/components/products/OrderListDialog.vue(513,25): error TS2339: Property 'notes' does not exist on type 'UpdateOrderListRequest'.
src/components/products/OrderListDialog.vue(529,11): error TS2353: Object literal may only specify known properties, and 'auto_suggest_quantities' does not exist in type 'CreateOrderListRequest'.
src/components/products/OrderListDialog.vue(534,25): error TS2339: Property 'notes' does not exist on type 'CreateOrderListRequest'.
src/components/products/ProductDetailsDialog.vue(6,5): error TS2322: Type '"fullscreen"' is not assignable to type '"full" | "sm" | "md" | "lg" | "xl"'.
src/components/products/ProductDetailsDialog.vue(20,11): error TS2322: Type 'string' is not assignable to type 'number'.
src/components/products/ProductDetailsDialog.vue(372,17): error TS2769: No overload matches this call.
  Overload 1 of 3, '(event: "update:modelValue", value: boolean): void', gave the following error.
    Argument of type '"addToCart"' is not assignable to parameter of type '"update:modelValue"'.
  Overload 2 of 3, '(event: "addToCart", product: ProductWithStock): void', gave the following error.
    Argument of type 'ProductWithStock | null | undefined' is not assignable to parameter of type 'ProductWithStock'.
      Type 'undefined' is not assignable to type 'ProductWithStock'.
        Type 'undefined' is not assignable to type '{ active: boolean | null; barcode: string | null; base_unit_indicator: boolean | null; brand: string | null; category: string | null; country_of_origin: string | null; created_at: string | null; ... 24 more ...; updated_at: string | null; }'.
  Overload 3 of 3, '(event: "addToOrderList", product: ProductWithStock): void', gave the following error.
    Argument of type '"addToCart"' is not assignable to parameter of type '"addToOrderList"'.
src/components/products/ProductDetailsDialog.vue(380,17): error TS2769: No overload matches this call.
  Overload 1 of 3, '(event: "update:modelValue", value: boolean): void', gave the following error.
    Argument of type '"addToOrderList"' is not assignable to parameter of type '"update:modelValue"'.
  Overload 2 of 3, '(event: "addToCart", product: ProductWithStock): void', gave the following error.
    Argument of type '"addToOrderList"' is not assignable to parameter of type '"addToCart"'.
  Overload 3 of 3, '(event: "addToOrderList", product: ProductWithStock): void', gave the following error.
    Argument of type 'ProductWithStock | null | undefined' is not assignable to parameter of type 'ProductWithStock'.
      Type 'undefined' is not assignable to type 'ProductWithStock'.
        Type 'undefined' is not assignable to type '{ active: boolean | null; barcode: string | null; base_unit_indicator: boolean | null; brand: string | null; category: string | null; country_of_origin: string | null; created_at: string | null; ... 24 more ...; updated_at: string | null; }'.
src/components/products/ProductDetailsDialog.vue(456,24): error TS2339: Property 'price' does not exist on type '{ cost_price: number | null; created_at: string | null; currency: string | null; gtin: string | null; id: string; is_available: boolean | null; is_preferred: boolean | null; last_synced_at: string | null; ... 8 more ...; updated_at: string | null; }'.
src/components/products/ProductDetailsDialog.vue(456,36): error TS2339: Property 'price' does not exist on type '{ cost_price: number | null; created_at: string | null; currency: string | null; gtin: string | null; id: string; is_available: boolean | null; is_preferred: boolean | null; last_synced_at: string | null; ... 8 more ...; updated_at: string | null; }'.
src/components/products/ProductDetailsDialog.vue(458,19): error TS2339: Property 'price' does not exist on type '{ cost_price: number | null; created_at: string | null; currency: string | null; gtin: string | null; id: string; is_available: boolean | null; is_preferred: boolean | null; last_synced_at: string | null; ... 8 more ...; updated_at: string | null; }'.
src/components/products/ProductFormDialog.vue(283,33): error TS2339: Property 'currency' does not exist on type '{ active: boolean | null; barcode: string | null; base_unit_indicator: boolean | null; brand: string | null; category: string | null; country_of_origin: string | null; created_at: string | null; ... 24 more ...; updated_at: string | null; }'.
src/components/products/ProductFormDialog.vue(334,64): error TS2345: Argument of type '{ practice_id: string; name: string; sku: string | null; description: string | null; category: string | null; brand: string | null; unit: string; price: number; currency: string; barcode: string | null; ... 5 more ...; product_lifecycle_status: string; }' is not assignable to parameter of type '{ active?: boolean | null; barcode?: string | null; base_unit_indicator?: boolean | null; brand?: string | null; category?: string | null; country_of_origin?: string | null; created_at?: string | null; ... 24 more ...; updated_at?: string | null; }'.
  Types of property 'sku' are incompatible.
    Type 'string | null' is not assignable to type 'string'.
      Type 'null' is not assignable to type 'string'.
src/components/products/ProductFormDialog.vue(336,46): error TS2345: Argument of type '{ practice_id: string; name: string; sku: string | null; description: string | null; category: string | null; brand: string | null; unit: string; price: number; currency: string; barcode: string | null; ... 5 more ...; product_lifecycle_status: string; }' is not assignable to parameter of type '{ active?: boolean | null; barcode?: string | null; base_unit_indicator?: boolean | null; brand?: string | null; category?: string | null; country_of_origin?: string | null; created_at?: string | null; ... 24 more ...; updated_at?: string | null; }'.
  Types of property 'sku' are incompatible.
    Type 'string | null' is not assignable to type 'string'.
      Type 'null' is not assignable to type 'string'.
src/components/tables/SmartTable.vue(20,10): error TS2322: Type 'Record<string, unknown>[]' is not assignable to type '{ name: string; label: string; field: string | ((row: any) => any); required?: boolean; align?: "left" | "right" | "center"; sortable?: boolean; sort?: (a: any, b: any, rowA: any, rowB: any) => number; ... 6 more ...; headerClasses?: string; }[]'.
  Type 'Record<string, unknown>' is missing the following properties from type '{ name: string; label: string; field: string | ((row: any) => any); required?: boolean; align?: "left" | "right" | "center"; sortable?: boolean; sort?: (a: any, b: any, rowA: any, rowB: any) => number; ... 6 more ...; headerClasses?: string; }': name, label, field
src/components/tables/SmartTable.vue(27,10): error TS2322: Type '(props: { pagination: TablePagination; }) => Promise<void>' is not assignable to type '(requestProp: { pagination: { sortBy: string; descending: boolean; page: number; rowsPerPage: number; rowsNumber?: number; }; filter?: any; getCellValue: (col: any, row: any) => any; }) => void'.
  Types of parameters 'props' and 'requestProp' are incompatible.
    Type '{ pagination: { sortBy: string; descending: boolean; page: number; rowsPerPage: number; rowsNumber?: number; }; filter?: any; getCellValue: (col: any, row: any) => any; }' is not assignable to type '{ pagination: TablePagination; }'.
      Types of property 'pagination' are incompatible.
        Type '{ sortBy: string; descending: boolean; page: number; rowsPerPage: number; rowsNumber?: number; }' is not assignable to type 'TablePagination'.
          Property 'rowsNumber' is optional in type '{ sortBy: string; descending: boolean; page: number; rowsPerPage: number; rowsNumber?: number; }' but required in type 'TablePagination'.
src/components/tables/SmartTable.vue(41,10): error TS2322: Type 'Record<string, unknown>[]' is not assignable to type '{ name: string; label: string; field: string | ((row: any) => any); required?: boolean; align?: "left" | "right" | "center"; sortable?: boolean; sort?: (a: any, b: any, rowA: any, rowB: any) => number; ... 6 more ...; headerClasses?: string; }[]'.
  Type 'Record<string, unknown>' is missing the following properties from type '{ name: string; label: string; field: string | ((row: any) => any); required?: boolean; align?: "left" | "right" | "center"; sortable?: boolean; sort?: (a: any, b: any, rowA: any, rowB: any) => number; ... 6 more ...; headerClasses?: string; }': name, label, field
src/components/tables/SmartTable.vue(49,10): error TS2322: Type '(props: { pagination: TablePagination; }) => Promise<void>' is not assignable to type '(requestProp: { pagination: { sortBy: string; descending: boolean; page: number; rowsPerPage: number; rowsNumber?: number; }; filter?: any; getCellValue: (col: any, row: any) => any; }) => void'.
  Types of parameters 'props' and 'requestProp' are incompatible.
    Type '{ pagination: { sortBy: string; descending: boolean; page: number; rowsPerPage: number; rowsNumber?: number; }; filter?: any; getCellValue: (col: any, row: any) => any; }' is not assignable to type '{ pagination: TablePagination; }'.
      Types of property 'pagination' are incompatible.
        Type '{ sortBy: string; descending: boolean; page: number; rowsPerPage: number; rowsNumber?: number; }' is not assignable to type 'TablePagination'.
          Property 'rowsNumber' is optional in type '{ sortBy: string; descending: boolean; page: number; rowsPerPage: number; rowsNumber?: number; }' but required in type 'TablePagination'.
src/components/tables/SmartTable.vue(62,10): error TS2322: Type 'Record<string, unknown>[]' is not assignable to type 'Column[]'.
  Type 'Record<string, unknown>' is missing the following properties from type 'Column': name, label, field
src/components/tables/SmartTable.vue(63,10): error TS2322: Type 'string | RowKeyFn<TableRow>' is not assignable to type 'string'.
  Type 'RowKeyFn<TableRow>' is not assignable to type 'string'.
src/components/tables/UnifiedTable.vue(14,8): error TS2322: Type '(newPagination: TablePagination) => void' is not assignable to type '(newPagination: { sortBy: string | null; descending: boolean; page: number; rowsPerPage: number; rowsNumber?: number; }) => void'.
  Types of parameters 'newPagination' and 'newPagination' are incompatible.
    Type '{ sortBy: string | null; descending: boolean; page: number; rowsPerPage: number; rowsNumber?: number; }' is not assignable to type 'TablePagination' with 'exactOptionalPropertyTypes: true'. Consider adding 'undefined' to the types of the target's properties.
      Types of property 'sortBy' are incompatible.
        Type 'string | null' is not assignable to type 'string'.
          Type 'null' is not assignable to type 'string'.
src/components/tables/UnifiedTable.vue(82,5): error TS2322: Type '() => { sortBy: undefined; descending: false; page: number; rowsPerPage: number; rowsNumber: number; }' is not assignable to type '(props: LooseRequired<Props>) => TablePagination'.
  Call signature return types '{ sortBy: undefined; descending: false; page: number; rowsPerPage: number; rowsNumber: number; }' and 'TablePagination' are incompatible.
    The types of 'sortBy' are incompatible between these types.
      Type 'undefined' is not assignable to type 'string'.
src/components/tables/VirtualizedTable.vue(41,10): error TS2322: Type 'unknown' is not assignable to type 'PropertyKey'.
src/components/TokenColorPicker.vue(8,29): error TS18047: '$event.target' is possibly 'null'.
src/components/TokenColorPicker.vue(8,43): error TS2339: Property 'value' does not exist on type 'EventTarget'.
src/components/TokenColorPicker.vue(14,29): error TS18047: '$event.target' is possibly 'null'.
src/components/TokenColorPicker.vue(14,43): error TS2339: Property 'value' does not exist on type 'EventTarget'.
src/components/TokenInspector.vue(128,16): error TS2345: Argument of type '{ style: {}; outlined: true; label: string; placeholder: string; }' is not assignable to parameter of type 'VNodeProps & AllowedComponentProps & ComponentCustomProps & QInputProps & Record<string, unknown>'.
  Property 'modelValue' is missing in type '{ style: {}; outlined: true; label: string; placeholder: string; }' but required in type 'QInputProps'.
src/components/TokenInspector.vue(134,16): error TS2345: Argument of type '{ outlined: true; label: string; options: string[]; }' is not assignable to parameter of type 'VNodeProps & AllowedComponentProps & ComponentCustomProps & QSelectProps & Record<string, unknown>'.
  Property 'modelValue' is missing in type '{ outlined: true; label: string; options: string[]; }' but required in type 'QSelectProps'.
src/components/TokenSlider.vue(7,10): error TS2322: Type '(value: number) => void' is not assignable to type '(value: number | null) => void'.
  Types of parameters 'value' and 'value' are incompatible.
    Type 'number | null' is not assignable to type 'number'.
      Type 'null' is not assignable to type 'number'.
src/components/UseBatchDialog.vue(21,56): error TS2551: Property 'batchNumber' does not exist on type 'ProductBatchWithDetails'. Did you mean 'batch_number'?
src/components/UseBatchDialog.vue(27,56): error TS2339: Property 'productName' does not exist on type 'ProductBatchWithDetails'.
src/components/UseBatchDialog.vue(34,41): error TS2551: Property 'availableQuantity' does not exist on type 'ProductBatchWithDetails'. Did you mean 'available_quantity'?
src/components/UseBatchDialog.vue(42,37): error TS2551: Property 'expiryDate' does not exist on type 'ProductBatchWithDetails'. Did you mean 'expiry_date'?
src/components/UseBatchDialog.vue(59,27): error TS2551: Property 'availableQuantity' does not exist on type 'ProductBatchWithDetails'. Did you mean 'available_quantity'?
src/components/UseBatchDialog.vue(63,32): error TS2551: Property 'availableQuantity' does not exist on type 'ProductBatchWithDetails'. Did you mean 'available_quantity'?
src/components/UseBatchDialog.vue(75,49): error TS2551: Property 'availableQuantity' does not exist on type 'ProductBatchWithDetails'. Did you mean 'available_quantity'?
src/components/UseBatchDialog.vue(123,41): error TS2551: Property 'availableQuantity' does not exist on type 'ProductBatchWithDetails'. Did you mean 'available_quantity'?
src/components/UseBatchDialog.vue(131,57): error TS2551: Property 'unitCost' does not exist on type 'ProductBatchWithDetails'. Did you mean 'unit_cost'?
src/components/UseBatchDialog.vue(235,35): error TS2551: Property 'availableQuantity' does not exist on type 'ProductBatchWithDetails'. Did you mean 'available_quantity'?
src/components/UseBatchDialog.vue(241,35): error TS2551: Property 'availableQuantity' does not exist on type 'ProductBatchWithDetails'. Did you mean 'available_quantity'?
src/components/UseBatchDialog.vue(252,32): error TS2551: Property 'productId' does not exist on type 'ProductBatchWithDetails'. Did you mean 'product_id'?
src/components/UseBatchDialog.vue(253,33): error TS2551: Property 'locationId' does not exist on type 'ProductBatchWithDetails'. Did you mean 'location_id'?
src/components/UseBatchDialog.vue(257,37): error TS2551: Property 'currentQuantity' does not exist on type 'ProductBatchWithDetails'. Did you mean 'current_quantity'?
src/components/UseBatchDialog.vue(258,36): error TS2551: Property 'currentQuantity' does not exist on type 'ProductBatchWithDetails'. Did you mean 'current_quantity'?
src/components/UseBatchDialog.vue(265,24): error TS2339: Property 'processStockMovement' does not exist on type 'Store<"batch", Pick<{ batches: Ref<{ available_quantity: number | null; batch_number: string; created_at: string | null; created_by: string | null; currency: string | null; current_quantity: number; ... 21 more ...; location: { ...; } | null; }[], ProductBatchWithDetails[] | { ...; }[]>; ... 27 more ...; getBatchHis...'.
src/composables/useBulkData.ts(78,9): error TS2532: Object is possibly 'undefined'.
src/composables/useBulkData.ts(122,8): error TS2352: Conversion of type 'SelectQueryError<"column 'unit_price' does not exist on 'supplier_products'.">[]' to type 'SupplierProductRecord[]' may be a mistake because neither type sufficiently overlaps with the other. If this was intentional, convert the expression to 'unknown' first.
  Type '{ error: true; } & String' is missing the following properties from type 'SupplierProductRecord': product_id, supplier_id, supplier_sku, unit_price, and 4 more.
src/composables/useBulkData.ts(126,9): error TS2532: Object is possibly 'undefined'.
src/composables/useBulkData.ts(169,8): error TS2352: Conversion of type 'SelectQueryError<"column 'quantity_remaining' does not exist on 'product_batches'.">[]' to type 'ProductBatchRecord[]' may be a mistake because neither type sufficiently overlaps with the other. If this was intentional, convert the expression to 'unknown' first.
  Type '{ error: true; } & String' is missing the following properties from type 'ProductBatchRecord': product_id, batch_number, expiry_date, quantity_remaining, and 2 more.
src/composables/useBulkData.ts(173,9): error TS2532: Object is possibly 'undefined'.
src/composables/useBulkData.ts(199,33): error TS2769: No overload matches this call.
  Overload 1 of 2, '(relation: "practices" | "counting_sessions" | "practice_locations" | "products" | "magic_invites" | "permanent_users" | "orders" | "order_lists" | "suppliers" | "supplier_products" | ... 26 more ... | "user_sessions"): PostgrestQueryBuilder<...>', gave the following error.
    Argument of type 'string' is not assignable to parameter of type '"practices" | "counting_sessions" | "practice_locations" | "products" | "magic_invites" | "permanent_users" | "orders" | "order_lists" | "suppliers" | "supplier_products" | ... 26 more ... | "user_sessions"'.
  Overload 2 of 2, '(relation: "unified_stock_view" | "reorder_suggestions"): PostgrestQueryBuilder<{ Tables: { activity_log: { Row: { activity_type: string; created_at: string | null; description: string | null; id: string; ... 5 more ...; user_id: string | null; }; Insert: { ...; }; Update: { ...; }; Relationships: [...]; }; ... 35 more ...; user_sessions: { ...; }; }; Views: { ...; }; Functions: { ...; }; Enums: { ...; }; CompositeTypes: {}; }, { ...; } | { ...; }, "unified_stock_view" | "reorder_suggestions", [...] | [...]>', gave the following error.
    Argument of type 'string' is not assignable to parameter of type '"unified_stock_view" | "reorder_suggestions"'.
src/composables/useBulkData.ts(202,31): error TS2345: Argument of type 'string | number | boolean | null' is not assignable to parameter of type '{}'.
  Type 'null' is not assignable to type '{}'.
src/composables/useBulkData.ts(210,8): error TS2352: Conversion of type 'GenericStringError[]' to type 'T[]' may be a mistake because neither type sufficiently overlaps with the other. If this was intentional, convert the expression to 'unknown' first.
  Type 'GenericStringError' is not comparable to type 'T'.
    'T' could be instantiated with an arbitrary type which could be unrelated to 'GenericStringError'.
src/composables/useButtons.ts(86,7): error TS2353: Object literal may only specify known properties, and 'class' does not exist in type 'ButtonConfig'.
src/composables/useButtons.ts(86,22): error TS2339: Property 'class' does not exist on type 'Partial<ButtonConfig>'.
src/composables/useButtons.ts(86,46): error TS2339: Property 'class' does not exist on type 'Partial<ButtonConfig>'.
src/composables/useButtons.ts(96,37): error TS2345: Argument of type '{ readonly color: "primary"; readonly class: "btn-modern"; readonly noCaps: true; } | { readonly color: "secondary"; readonly class: "btn-modern"; readonly noCaps: true; } | { readonly color: "positive"; readonly class: "btn-modern"; readonly noCaps: true; } | ... 8 more ... | { ...; }' is not assignable to parameter of type 'Partial<ButtonConfig>'.
  Type '{ readonly color: "secondary"; readonly class: "btn-modern"; readonly noCaps: true; readonly variant: "outline"; }' is not assignable to type 'Partial<ButtonConfig>'.
    Types of property 'variant' are incompatible.
      Type '"outline"' is not assignable to type '"text" | "outlined" | "contained"'. Did you mean '"outlined"'?
src/composables/useDebounce.ts(75,39): error TS2345: Argument of type '(newValue: T) => void' is not assignable to parameter of type 'GenericFunction'.
  Types of parameters 'newValue' and 'args' are incompatible.
    Type 'unknown' is not assignable to type 'T'.
      'T' could be instantiated with an arbitrary type which could be unrelated to 'unknown'.
src/composables/useFormValidation.ts(196,7): error TS2353: Object literal may only specify known properties, and 'value' does not exist in type 'FieldValidation'.
src/composables/useFormValidation.ts(211,32): error TS2339: Property 'validate' does not exist on type 'FieldValidation'.
src/composables/useFormValidation.ts(214,50): error TS2339: Property 'error' does not exist on type 'FieldValidation'.
src/composables/useFormValidation.ts(226,39): error TS2345: Argument of type '(value: string) => boolean | string' is not assignable to parameter of type '(value: unknown) => boolean | string'.
  Types of parameters 'value' and 'value' are incompatible.
    Type 'unknown' is not assignable to type 'string'.
src/composables/useFormValidation.ts(227,39): error TS2345: Argument of type '(value: string) => boolean | string' is not assignable to parameter of type '(value: unknown) => boolean | string'.
  Types of parameters 'value' and 'value' are incompatible.
    Type 'unknown' is not assignable to type 'string'.
src/composables/useFormValidation.ts(250,36): error TS2345: Argument of type '(value: string) => boolean | string' is not assignable to parameter of type '(value: unknown) => boolean | string'.
  Types of parameters 'value' and 'value' are incompatible.
    Type 'unknown' is not assignable to type 'string'.
src/composables/useOffline.ts(89,29): error TS2304: Cannot find name 'translations'.
src/composables/useSmartTable.ts(58,43): error TS2379: Argument of type '{ sortBy: undefined; descending: false; page: number; rowsPerPage: number; rowsNumber: number; }' is not assignable to parameter of type 'TablePagination' with 'exactOptionalPropertyTypes: true'. Consider adding 'undefined' to the types of the target's properties.
  Types of property 'sortBy' are incompatible.
    Type 'undefined' is not assignable to type 'string'.
src/composables/useSmartTable.ts(175,7): error TS2345: Argument of type 'UnwrapRefSimple<Row>[]' is not assignable to parameter of type 'Row[]'.
  Type 'UnwrapRefSimple<Row>' is not assignable to type 'Row'.
    'UnwrapRefSimple<Row>' is assignable to the constraint of type 'Row', but 'Row' could be instantiated with a different subtype of constraint 'TableRow'.
      Type 'TableRow' is not assignable to type 'Row'.
        'TableRow' is assignable to the constraint of type 'Row', but 'Row' could be instantiated with a different subtype of constraint 'TableRow'.
src/composables/useSmartTable.ts(223,5): error TS2412: Type 'string | undefined' is not assignable to type 'string' with 'exactOptionalPropertyTypes: true'. Consider adding 'undefined' to the type of the target.
  Type 'undefined' is not assignable to type 'string'.
src/composables/useTableSorting.ts(21,43): error TS2379: Argument of type '{ sortBy: string; descending: boolean; page: number; rowsPerPage: number; rowsNumber: number; }' is not assignable to parameter of type 'TablePagination' with 'exactOptionalPropertyTypes: true'. Consider adding 'undefined' to the types of the target's properties.
  Types of property 'sortBy' are incompatible.
    Type 'string | undefined' is not assignable to type 'string'.
      Type 'undefined' is not assignable to type 'string'.
src/composables/useTableSorting.ts(36,5): error TS2412: Type 'string | undefined' is not assignable to type 'string' with 'exactOptionalPropertyTypes: true'. Consider adding 'undefined' to the type of the target.
  Type 'undefined' is not assignable to type 'string'.
src/composables/useTableSorting.ts(37,5): error TS2412: Type 'boolean | undefined' is not assignable to type 'boolean' with 'exactOptionalPropertyTypes: true'. Consider adding 'undefined' to the type of the target.
  Type 'undefined' is not assignable to type 'boolean'.
src/composables/useTableSorting.ts(74,32): error TS2769: No overload matches this call.
  Overload 1 of 4, '(value: string | number | Date): Date', gave the following error.
    Argument of type '{}' is not assignable to parameter of type 'string | number | Date'.
  Overload 2 of 4, '(value: string | number): Date', gave the following error.
    Argument of type '{}' is not assignable to parameter of type 'string | number'.
src/composables/useTableSorting.ts(75,32): error TS2769: No overload matches this call.
  Overload 1 of 4, '(value: string | number | Date): Date', gave the following error.
    Argument of type '{}' is not assignable to parameter of type 'string | number | Date'.
  Overload 2 of 4, '(value: string | number): Date', gave the following error.
    Argument of type '{}' is not assignable to parameter of type 'string | number'.
src/composables/useTableSorting.ts(129,27): error TS2769: No overload matches this call.
  Overload 1 of 4, '(value: string | number | Date): Date', gave the following error.
    Argument of type '{}' is not assignable to parameter of type 'string | number | Date'.
  Overload 2 of 4, '(value: string | number): Date', gave the following error.
    Argument of type '{}' is not assignable to parameter of type 'string | number'.
src/examples/BaseDialogExamples.vue(178,14): error TS2345: Argument of type '{ outlined: true; options: string[]; }' is not assignable to parameter of type 'VNodeProps & AllowedComponentProps & ComponentCustomProps & QSelectProps & Record<string, unknown>'.
  Property 'modelValue' is missing in type '{ outlined: true; options: string[]; }' but required in type 'QSelectProps'.
src/examples/BaseDialogExamples.vue(182,14): error TS2345: Argument of type '{ outlined: true; options: string[]; }' is not assignable to parameter of type 'VNodeProps & AllowedComponentProps & ComponentCustomProps & QSelectProps & Record<string, unknown>'.
  Property 'modelValue' is missing in type '{ outlined: true; options: string[]; }' but required in type 'QSelectProps'.
src/examples/BaseDialogExamples.vue(186,14): error TS2345: Argument of type '{ outlined: true; options: string[]; }' is not assignable to parameter of type 'VNodeProps & AllowedComponentProps & ComponentCustomProps & QSelectProps & Record<string, unknown>'.
  Property 'modelValue' is missing in type '{ outlined: true; options: string[]; }' but required in type 'QSelectProps'.
src/examples/BaseDialogExamples.vue(199,14): error TS2322: Type '{ name: string; label: string; field: string; align: string; }[]' is not assignable to type '{ name: string; label: string; field: string | ((row: any) => any); required?: boolean; align?: "left" | "right" | "center"; sortable?: boolean; sort?: (a: any, b: any, rowA: any, rowB: any) => number; ... 6 more ...; headerClasses?: string; }[]'.
  Type '{ name: string; label: string; field: string; align: string; }' is not assignable to type '{ name: string; label: string; field: string | ((row: any) => any); required?: boolean; align?: "left" | "right" | "center"; sortable?: boolean; sort?: (a: any, b: any, rowA: any, rowB: any) => number; ... 6 more ...; headerClasses?: string; }'.
    Types of property 'align' are incompatible.
      Type 'string' is not assignable to type '"left" | "right" | "center"'.
src/i18n/index.ts(46,3): error TS2769: No overload matches this call.
  Overload 1 of 2, '(options: I18nOptions<{ message: LocaleMessage<VueMessageType>; datetime: DateTimeFormat; number: NumberFormat; }, string, ComposerOptions<{ ...; }, ... 9 more ..., NumberFormats<...>> | VueI18nOptions<...>>, LegacyVueI18n?: any): I18n<...>', gave the following error.
    Type '(locale: string, key: string, _instance: any, _type: string) => string' is not assignable to type 'MissingHandler'.
      Types of parameters '_type' and 'type' are incompatible.
        Type 'string | undefined' is not assignable to type 'string'.
          Type 'undefined' is not assignable to type 'string'.
src/i18n/nl/index.ts(8911,3): error TS1117: An object literal cannot have multiple properties with the same name.
src/i18n/nl/index.ts(8912,3): error TS1117: An object literal cannot have multiple properties with the same name.
src/layouts/MainLayout.vue(415,12): error TS2367: This comparison appears to be unintentional because the types '"" | AuthProfileRole' and '"admin"' have no overlap.
src/main.ts(14,10): error TS2305: Module '"@/utils/service-error-handler"' has no exported member 'ErrorHandler'.
src/main.ts(50,32): error TS2345: Argument of type 'RouteCallback' is not assignable to parameter of type 'Router'.
src/pages/AdminDashboard.vue(11,21): error TS2339: Property 'refreshData' does not exist on type 'CreateComponentPublicInstanceWithMixins<ToResolvedProps<{}, {}>, { PageLayout: __VLS_WithSlots<DefineComponent<Props, {}, {}, {}, {}, ComponentOptionsMixin, ComponentOptionsMixin, ... 12 more ..., any>, __VLS_Slots>; ... 40 more ...; revokePermission: (permission: UserPermission) => Promise<...>; }, ... 23 more ...,...'.
src/pages/AdminDashboard.vue(12,23): error TS2339: Property 'loading' does not exist on type 'CreateComponentPublicInstanceWithMixins<ToResolvedProps<{}, {}>, { PageLayout: __VLS_WithSlots<DefineComponent<Props, {}, {}, {}, {}, ComponentOptionsMixin, ComponentOptionsMixin, ... 12 more ..., any>, __VLS_Slots>; ... 40 more ...; revokePermission: (permission: UserPermission) => Promise<...>; }, ... 23 more ...,...'.
src/pages/AdminDashboard.vue(432,45): error TS2532: Object is possibly 'undefined'.
src/pages/AdminDashboard.vue(490,10): error TS2307: Cannot find module '@/types/supabase' or its corresponding type declarations.
src/pages/AdminDashboard.vue(675,46): error TS7006: Parameter 'u' implicitly has an 'any' type.
src/pages/AdminDashboard.vue(692,54): error TS7006: Parameter 'l' implicitly has an 'any' type.
src/pages/AdminDashboard.vue(727,46): error TS2339: Property 'getEventSummary' does not exist on type 'AnalyticsService'.
src/pages/AdminDashboard.vue(822,16): error TS2304: Cannot find name '$t'.
src/pages/AdminDashboard.vue(829,16): error TS2304: Cannot find name '$t'.
src/pages/AdminDashboard.vue(840,18): error TS2304: Cannot find name '$t'.
src/pages/AdminDashboard.vue(869,18): error TS2304: Cannot find name '$t'.
src/pages/AdminDashboard.vue(899,16): error TS2304: Cannot find name '$t'.
src/pages/AdminDashboard.vue(913,16): error TS2304: Cannot find name '$t'.
src/pages/AdminDashboard.vue(923,16): error TS2304: Cannot find name '$t'.
src/pages/AnalyticsPage.vue(15,21): error TS2339: Property 'refreshAnalytics' does not exist on type 'CreateComponentPublicInstanceWithMixins<ToResolvedProps<{}, {}>, { PageTitle: __VLS_WithSlots<DefineComponent<Props, {}, {}, {}, {}, ComponentOptionsMixin, ComponentOptionsMixin, ... 12 more ..., any>, __VLS_Slots>; ... 16 more ...; exportAnalytics: () => Promise<...>; }, ... 23 more ..., {}>'.
src/pages/AnalyticsPage.vue(282,10): error TS2459: Module '"src/services/analytics"' declares 'AnalyticsSummary' locally, but it is not exported.
src/pages/AnalyticsPage.vue(283,10): error TS2459: Module '"src/services/analytics"' declares 'OrderMetrics' locally, but it is not exported.
src/pages/AnalyticsPage.vue(284,10): error TS2459: Module '"src/services/analytics"' declares 'ProductMetrics' locally, but it is not exported.
src/pages/AnalyticsPage.vue(285,10): error TS2459: Module '"src/services/analytics"' declares 'UserActivityMetrics' locally, but it is not exported.
src/pages/AnalyticsPage.vue(297,7): error TS2820: Type '"outline"' is not assignable to type '"text" | "outlined" | "contained" | undefined'. Did you mean '"outlined"'?
src/pages/auth/LoginPage.vue(10,30): error TS2339: Property 'value' does not exist on type 'FieldValidation'.
src/pages/auth/LoginPage.vue(14,31): error TS2339: Property 'error' does not exist on type 'FieldValidation'.
src/pages/auth/LoginPage.vue(15,37): error TS2339: Property 'error' does not exist on type 'FieldValidation'.
src/pages/auth/LoginPage.vue(19,40): error TS2339: Property 'error' does not exist on type 'FieldValidation'.
src/pages/auth/LoginPage.vue(25,30): error TS2339: Property 'error' does not exist on type 'FieldValidation'.
src/pages/auth/LoginPage.vue(26,24): error TS2339: Property 'error' does not exist on type 'FieldValidation'.
src/pages/auth/LoginPage.vue(33,33): error TS2339: Property 'value' does not exist on type 'FieldValidation'.
src/pages/auth/LoginPage.vue(37,34): error TS2339: Property 'error' does not exist on type 'FieldValidation'.
src/pages/auth/LoginPage.vue(38,40): error TS2339: Property 'error' does not exist on type 'FieldValidation'.
src/pages/auth/LoginPage.vue(43,26): error TS2339: Property 'error' does not exist on type 'FieldValidation'.
src/pages/auth/LoginPage.vue(67,30): error TS2339: Property 'error' does not exist on type 'FieldValidation'.
src/pages/auth/LoginPage.vue(71,27): error TS2339: Property 'error' does not exist on type 'FieldValidation'.
src/pages/auth/LoginPage.vue(212,15): error TS2339: Property 'value' does not exist on type 'FieldValidation'.
src/pages/auth/LoginPage.vue(213,18): error TS2339: Property 'value' does not exist on type 'FieldValidation'.
src/pages/BatchManagementPage.vue(298,16): error TS2322: Type '(batch: ProductBatchWithDetails) => void' is not assignable to type '(batch: ExpiringBatch) => void'.
  Types of parameters 'batch' and 'batch' are incompatible.
    Type 'ExpiringBatch' is not assignable to type 'ProductBatchWithDetails'.
      Type 'ExpiringBatch' is missing the following properties from type '{ available_quantity: number | null; batch_number: string; created_at: string | null; created_by: string | null; currency: string | null; current_quantity: number; expiry_date: string; ... 17 more ...; updated_at: string | null; }': available_quantity, created_at, created_by, currency, and 16 more.
src/pages/BatchManagementPage.vue(356,16): error TS2322: Type '(batch: ProductBatchWithDetails) => void' is not assignable to type '(batch: ExpiringBatch) => void'.
  Types of parameters 'batch' and 'batch' are incompatible.
    Type 'ExpiringBatch' is not assignable to type 'ProductBatchWithDetails'.
      Type 'ExpiringBatch' is missing the following properties from type '{ available_quantity: number | null; batch_number: string; created_at: string | null; created_by: string | null; currency: string | null; current_quantity: number; expiry_date: string; ... 17 more ...; updated_at: string | null; }': available_quantity, created_at, created_by, currency, and 16 more.
src/pages/BatchManagementPage.vue(383,59): error TS2551: Property 'expiryDate' does not exist on type '{ available_quantity: number | null; batch_number: string; created_at: string | null; created_by: string | null; currency: string | null; current_quantity: number; expiry_date: string; ... 20 more ...; location: { ...; } | null; }'. Did you mean 'expiry_date'?
src/pages/BatchManagementPage.vue(387,48): error TS2551: Property 'currentQuantity' does not exist on type '{ available_quantity: number | null; batch_number: string; created_at: string | null; created_by: string | null; currency: string | null; current_quantity: number; expiry_date: string; ... 20 more ...; location: { ...; } | null; }'. Did you mean 'current_quantity'?
src/pages/BatchManagementPage.vue(392,36): error TS2345: Argument of type 'string | null' is not assignable to parameter of type 'string'.
  Type 'null' is not assignable to type 'string'.
src/pages/BatchManagementPage.vue(479,12): error TS7053: Element implicitly has an 'any' type because expression of type 'string' can't be used to index type '{ active: string; expired: string; depleted: string; recalled: string; quarantine: string; }'.
  No index signature with a parameter of type 'string' was found on type '{ active: string; expired: string; depleted: string; recalled: string; quarantine: string; }'.
src/pages/BatchManagementPage.vue(614,31): error TS18047: 'batch.product' is possibly 'null'.
src/pages/BatchManagementPage.vue(615,33): error TS18047: 'batch.location' is possibly 'null'.
src/pages/DashboardPage.vue(424,36): error TS2532: Object is possibly 'undefined'.
src/pages/inventory/CountingPage.vue(75,34): error TS2339: Property 'products_counted' does not exist on type '{ approved_at: string | null; approved_by: string | null; completed_at: string | null; completed_by: string | null; count_all_products: boolean | null; created_at: string | null; ... 17 more ...; total_discrepancy_value?: number | null; }'.
src/pages/inventory/CountingPage.vue(76,33): error TS2551: Property 'total_products_to_count' does not exist on type '{ approved_at: string | null; approved_by: string | null; completed_at: string | null; completed_by: string | null; count_all_products: boolean | null; created_at: string | null; ... 17 more ...; total_discrepancy_value?: number | null; }'. Did you mean 'total_products_counted'?
src/pages/inventory/CountingPage.vue(81,33): error TS2339: Property 'products_counted' does not exist on type '{ approved_at: string | null; approved_by: string | null; completed_at: string | null; completed_by: string | null; count_all_products: boolean | null; created_at: string | null; ... 17 more ...; total_discrepancy_value?: number | null; }'.
src/pages/inventory/CountingPage.vue(82,33): error TS2551: Property 'total_products_to_count' does not exist on type '{ approved_at: string | null; approved_by: string | null; completed_at: string | null; completed_by: string | null; count_all_products: boolean | null; created_at: string | null; ... 17 more ...; total_discrepancy_value?: number | null; }'. Did you mean 'total_products_counted'?
src/pages/inventory/CountingPage.vue(93,52): error TS2339: Property 'session_type' does not exist on type '{ approved_at: string | null; approved_by: string | null; completed_at: string | null; completed_by: string | null; count_all_products: boolean | null; created_at: string | null; ... 17 more ...; total_discrepancy_value?: number | null; }'.
src/pages/inventory/CountingPage.vue(100,35): error TS2345: Argument of type 'string | null' is not assignable to parameter of type 'string'.
  Type 'null' is not assignable to type 'string'.
src/pages/inventory/CountingPage.vue(104,38): error TS2339: Property 'discrepancies_found' does not exist on type '{ approved_at: string | null; approved_by: string | null; completed_at: string | null; completed_by: string | null; count_all_products: boolean | null; created_at: string | null; ... 17 more ...; total_discrepancy_value?: number | null; }'.
src/pages/inventory/CountingPage.vue(107,34): error TS2339: Property 'discrepancies_found' does not exist on type '{ approved_at: string | null; approved_by: string | null; completed_at: string | null; completed_by: string | null; count_all_products: boolean | null; created_at: string | null; ... 17 more ...; total_discrepancy_value?: number | null; }'.
src/pages/inventory/CountingPage.vue(125,37): error TS2339: Property 'products_counted' does not exist on type '{ approved_at: string | null; approved_by: string | null; completed_at: string | null; completed_by: string | null; count_all_products: boolean | null; created_at: string | null; ... 17 more ...; total_discrepancy_value?: number | null; }'.
src/pages/inventory/CountingPage.vue(316,46): error TS2367: This comparison appears to be unintentional because the types '"draft" | "in_progress" | "completed" | "approved" | "cancelled" | null' and '"active"' have no overlap.
src/pages/inventory/CountingSessionPage.vue(18,36): error TS2345: Argument of type '"draft" | "in_progress" | "completed" | "approved" | "cancelled" | null | undefined' is not assignable to parameter of type 'string | undefined'.
  Type 'null' is not assignable to type 'string | undefined'.
src/pages/inventory/CountingSessionPage.vue(25,28): error TS2339: Property 'products_counted' does not exist on type '{ approved_at: string | null; approved_by: string | null; completed_at: string | null; completed_by: string | null; count_all_products: boolean | null; created_at: string | null; ... 17 more ...; total_discrepancy_value?: number | null; }'.
src/pages/inventory/CountingSessionPage.vue(26,27): error TS2551: Property 'total_products_to_count' does not exist on type '{ approved_at: string | null; approved_by: string | null; completed_at: string | null; completed_by: string | null; count_all_products: boolean | null; created_at: string | null; ... 17 more ...; total_discrepancy_value?: number | null; }'. Did you mean 'total_products_counted'?
src/pages/inventory/CountingSessionPage.vue(31,27): error TS2339: Property 'products_counted' does not exist on type '{ approved_at: string | null; approved_by: string | null; completed_at: string | null; completed_by: string | null; count_all_products: boolean | null; created_at: string | null; ... 17 more ...; total_discrepancy_value?: number | null; }'.
src/pages/inventory/CountingSessionPage.vue(31,54): error TS2551: Property 'total_products_to_count' does not exist on type '{ approved_at: string | null; approved_by: string | null; completed_at: string | null; completed_by: string | null; count_all_products: boolean | null; created_at: string | null; ... 17 more ...; total_discrepancy_value?: number | null; }'. Did you mean 'total_products_counted'?
src/pages/inventory/CountingSessionPage.vue(41,21): error TS2367: This comparison appears to be unintentional because the types '"draft" | "in_progress" | "completed" | "approved" | "cancelled" | null | undefined' and '"active"' have no overlap.
src/pages/inventory/CountingSessionPage.vue(120,48): error TS2339: Property 'session_type' does not exist on type '{ approved_at: string | null; approved_by: string | null; completed_at: string | null; completed_by: string | null; count_all_products: boolean | null; created_at: string | null; ... 17 more ...; total_discrepancy_value?: number | null; }'.
src/pages/inventory/CountingSessionPage.vue(129,30): error TS2551: Property 'total_products_to_count' does not exist on type '{ approved_at: string | null; approved_by: string | null; completed_at: string | null; completed_by: string | null; count_all_products: boolean | null; created_at: string | null; ... 17 more ...; total_discrepancy_value?: number | null; }'. Did you mean 'total_products_counted'?
src/pages/inventory/CountingSessionPage.vue(137,55): error TS2339: Property 'products_counted' does not exist on type '{ approved_at: string | null; approved_by: string | null; completed_at: string | null; completed_by: string | null; count_all_products: boolean | null; created_at: string | null; ... 17 more ...; total_discrepancy_value?: number | null; }'.
src/pages/inventory/CountingSessionPage.vue(147,50): error TS2339: Property 'discrepancies_found' does not exist on type '{ approved_at: string | null; approved_by: string | null; completed_at: string | null; completed_by: string | null; count_all_products: boolean | null; created_at: string | null; ... 17 more ...; total_discrepancy_value?: number | null; }'.
src/pages/inventory/CountingSessionPage.vue(150,30): error TS2339: Property 'discrepancies_found' does not exist on type '{ approved_at: string | null; approved_by: string | null; completed_at: string | null; completed_by: string | null; count_all_products: boolean | null; created_at: string | null; ... 17 more ...; total_discrepancy_value?: number | null; }'.
src/pages/inventory/CountingSessionPage.vue(157,37): error TS2345: Argument of type 'string | null' is not assignable to parameter of type 'string'.
  Type 'null' is not assignable to type 'string'.
src/pages/inventory/CountingSessionPage.vue(173,17): error TS2367: This comparison appears to be unintentional because the types '"draft" | "in_progress" | "completed" | "approved" | "cancelled" | null' and '"active"' have no overlap.
src/pages/inventory/CountingSessionPage.vue(320,53): error TS2339: Property 'session_type' does not exist on type '{ approved_at: string | null; approved_by: string | null; completed_at: string | null; completed_by: string | null; count_all_products: boolean | null; created_at: string | null; ... 17 more ...; total_discrepancy_value?: number | null; }'.
src/pages/inventory/CountingSessionPage.vue(326,12): error TS2678: Type '"active"' is not comparable to type '"draft" | "in_progress" | "completed" | "approved" | "cancelled" | null'.
src/pages/inventory/CountingSessionPage.vue(342,12): error TS2678: Type '"active"' is not comparable to type '"draft" | "in_progress" | "completed" | "approved" | "cancelled" | null'.
src/pages/inventory/CountingSessionPage.vue(356,43): error TS2339: Property 'products_counted' does not exist on type '{ approved_at: string | null; approved_by: string | null; completed_at: string | null; completed_by: string | null; count_all_products: boolean | null; created_at: string | null; ... 17 more ...; total_discrepancy_value?: number | null; }'.
src/pages/inventory/CountingSessionPage.vue(416,36): error TS2339: Property 'entries' does not exist on type 'void'.
src/pages/inventory/InventoryLevelsPage.vue(626,28): error TS2345: Argument of type 'string | null | undefined' is not assignable to parameter of type 'string'.
  Type 'undefined' is not assignable to type 'string'.
src/pages/inventory/InventoryLevelsPage.vue(630,38): error TS2532: Object is possibly 'undefined'.
src/pages/inventory/InventoryLevelsPage.vue(630,38): error TS2769: No overload matches this call.
  Overload 1 of 4, '(value: string | number | Date): Date', gave the following error.
    Argument of type 'string | null' is not assignable to parameter of type 'string | number | Date'.
      Type 'null' is not assignable to type 'string | number | Date'.
  Overload 2 of 4, '(value: string | number): Date', gave the following error.
    Argument of type 'string | null' is not assignable to parameter of type 'string | number'.
      Type 'null' is not assignable to type 'string | number'.
src/pages/inventory/InventoryLevelsPage.vue(712,17): error TS2375: Type '{ current_quantity: number; stock_status: string; id?: string; product_id?: string; location_id?: string; minimum_quantity?: number; last_counted_at?: string | null; product_name?: string; product_sku?: string | null; product_category?: string | null; product_unit?: string; location_name?: string; }' is not assignable to type 'StockLevelRow' with 'exactOptionalPropertyTypes: true'. Consider adding 'undefined' to the types of the target's properties.
  Property 'id' is optional in type '{ current_quantity: number; stock_status: string; id?: string; product_id?: string; location_id?: string; minimum_quantity?: number; last_counted_at?: string | null; product_name?: string; product_sku?: string | null; product_category?: string | null; product_unit?: string; location_name?: string; }' but required in type 'StockLevelRow'.
src/pages/inventory/InventoryLevelsPage.vue(717,15): error TS2532: Object is possibly 'undefined'.
src/pages/inventory/InventoryLevelsPage.vue(731,11): error TS2322: Type 'string | null | undefined' is not assignable to type 'string'.
  Type 'undefined' is not assignable to type 'string'.
src/pages/inventory/InventoryLevelsPage.vue(736,11): error TS2322: Type 'string | null' is not assignable to type 'string'.
  Type 'null' is not assignable to type 'string'.
src/pages/inventory/InventoryLevelsPage.vue(740,11): error TS2322: Type 'string | null' is not assignable to type 'string | undefined'.
  Type 'null' is not assignable to type 'string | undefined'.
src/pages/inventory/InventoryLevelsPage.vue(759,11): error TS2322: Type '"manual_adjustment"' is not assignable to type 'ReasonCode'.
src/pages/inventory/MovementsPage.vue(16,39): error TS2339: Property 'movementsLoading' does not exist on type 'Store<"inventory", Pick<{ stockLevels: Ref<{ id: string; practice_id: string; product_id: string; location_id: string; current_quantity: number; available_quantity: number; reserved_quantity: number; ... 12 more ...; updated_at: string | null; }[], StockLevelView[] | { ...; }[]>; ... 17 more ...; refreshData: (pract...'.
src/pages/inventory/MovementsPage.vue(42,35): error TS2339: Property 'movementsLoading' does not exist on type 'Store<"inventory", Pick<{ stockLevels: Ref<{ id: string; practice_id: string; product_id: string; location_id: string; current_quantity: number; available_quantity: number; reserved_quantity: number; ... 12 more ...; updated_at: string | null; }[], StockLevelView[] | { ...; }[]>; ... 17 more ...; refreshData: (pract...'.
src/pages/inventory/MovementsPage.vue(67,33): error TS2339: Property 'movementsLoading' does not exist on type 'Store<"inventory", Pick<{ stockLevels: Ref<{ id: string; practice_id: string; product_id: string; location_id: string; current_quantity: number; available_quantity: number; reserved_quantity: number; ... 12 more ...; updated_at: string | null; }[], StockLevelView[] | { ...; }[]>; ... 17 more ...; refreshData: (pract...'.
src/pages/inventory/MovementsPage.vue(76,12): error TS2322: Type '{ name: string; label: string; field: string; align: string; sortable: boolean; }[]' is not assignable to type '{ name: string; label: string; field: string | ((row: any) => any); required?: boolean; align?: "left" | "right" | "center"; sortable?: boolean; sort?: (a: any, b: any, rowA: any, rowB: any) => number; ... 6 more ...; headerClasses?: string; }[]'.
  Type '{ name: string; label: string; field: string; align: string; sortable: boolean; }' is not assignable to type '{ name: string; label: string; field: string | ((row: any) => any); required?: boolean; align?: "left" | "right" | "center"; sortable?: boolean; sort?: (a: any, b: any, rowA: any, rowB: any) => number; ... 6 more ...; headerClasses?: string; }'.
    Types of property 'align' are incompatible.
      Type 'string' is not assignable to type '"left" | "right" | "center"'.
src/pages/inventory/MovementsPage.vue(80,36): error TS2339: Property 'movementsLoading' does not exist on type 'Store<"inventory", Pick<{ stockLevels: Ref<{ id: string; practice_id: string; product_id: string; location_id: string; current_quantity: number; available_quantity: number; reserved_quantity: number; ... 12 more ...; updated_at: string | null; }[], StockLevelView[] | { ...; }[]>; ... 17 more ...; refreshData: (pract...'.
src/pages/inventory/MovementsPage.vue(189,33): error TS2345: Argument of type 'string' is not assignable to parameter of type 'MovementType'.
src/pages/inventory/MovementsPage.vue(190,35): error TS2345: Argument of type 'string' is not assignable to parameter of type 'MovementType'.
src/pages/inventory/MovementsPage.vue(192,40): error TS2345: Argument of type 'string' is not assignable to parameter of type 'MovementType'.
src/pages/inventory/MovementsPage.vue(238,37): error TS2339: Property 'reason_code' does not exist on type '{ batch_id: string | null; batch_number: string | null; created_at: string | null; created_by: string | null; expiry_date: string | null; id: string; location_id: string; movement_type: string; ... 12 more ...; to_location?: { ...; } | null; }'.
src/pages/inventory/MovementsPage.vue(241,47): error TS2339: Property 'reason_code' does not exist on type '{ batch_id: string | null; batch_number: string | null; created_at: string | null; created_by: string | null; expiry_date: string | null; id: string; location_id: string; movement_type: string; ... 12 more ...; to_location?: { ...; } | null; }'.
src/pages/inventory/MovementsPage.vue(253,28): error TS2345: Argument of type 'string | null' is not assignable to parameter of type 'string'.
  Type 'null' is not assignable to type 'string'.
src/pages/inventory/MovementsPage.vue(390,9): error TS2375: Type '{ dateRange: { start?: string; end?: string; } | undefined; location_id: string | undefined; movement_type: any; product_search: string | undefined; }' is not assignable to type '{ dateRange?: { start?: string; end?: string; }; location_id?: string; movement_type?: MovementType; product_search?: string; }' with 'exactOptionalPropertyTypes: true'. Consider adding 'undefined' to the types of the target's properties.
  Types of property 'dateRange' are incompatible.
    Type '{ start?: string; end?: string; } | undefined' is not assignable to type '{ start?: string; end?: string; }'.
      Type 'undefined' is not assignable to type '{ start?: string; end?: string; }'.
src/pages/inventory/MovementsPage.vue(485,32): error TS2769: No overload matches this call.
  Overload 1 of 4, '(value: string | number | Date): Date', gave the following error.
    Argument of type 'string | null' is not assignable to parameter of type 'string | number | Date'.
      Type 'null' is not assignable to type 'string | number | Date'.
  Overload 2 of 4, '(value: string | number): Date', gave the following error.
    Argument of type 'string | null' is not assignable to parameter of type 'string | number'.
      Type 'null' is not assignable to type 'string | number'.
src/pages/NewDialogsGalleryPage.vue(141,12): error TS2345: Argument of type '{ class: string; outlined: true; label: string; placeholder: string; }' is not assignable to parameter of type 'VNodeProps & AllowedComponentProps & ComponentCustomProps & QInputProps & Record<string, unknown>'.
  Property 'modelValue' is missing in type '{ class: string; outlined: true; label: string; placeholder: string; }' but required in type 'QInputProps'.
src/pages/NotificationsPage.vue(129,35): error TS2345: Argument of type 'string | null' is not assignable to parameter of type 'string'.
  Type 'null' is not assignable to type 'string'.
src/pages/NotificationsPage.vue(232,18): error TS2769: No overload matches this call.
  Overload 1 of 4, '(value: string | number | Date): Date', gave the following error.
    Argument of type 'string | null' is not assignable to parameter of type 'string | number | Date'.
      Type 'null' is not assignable to type 'string | number | Date'.
  Overload 2 of 4, '(value: string | number): Date', gave the following error.
    Argument of type 'string | null' is not assignable to parameter of type 'string | number'.
      Type 'null' is not assignable to type 'string | number'.
src/pages/NotificationsPage.vue(232,53): error TS2769: No overload matches this call.
  Overload 1 of 4, '(value: string | number | Date): Date', gave the following error.
    Argument of type 'string | null' is not assignable to parameter of type 'string | number | Date'.
      Type 'null' is not assignable to type 'string | number | Date'.
  Overload 2 of 4, '(value: string | number): Date', gave the following error.
    Argument of type 'string | null' is not assignable to parameter of type 'string | number'.
      Type 'null' is not assignable to type 'string | number'.
src/pages/OrderListDetailPage.vue(519,12): error TS2678: Type '"ready"' is not comparable to type '"draft" | "completed" | "cancelled" | "active" | "submitted" | null'.
src/pages/OrderListDetailPage.vue(525,12): error TS2678: Type '"confirmed"' is not comparable to type '"draft" | "completed" | "cancelled" | "active" | "submitted" | null'.
src/pages/OrderListDetailPage.vue(527,12): error TS2678: Type '"delivered"' is not comparable to type '"draft" | "completed" | "cancelled" | "active" | "submitted" | null'.
src/pages/OrderListDetailPage.vue(541,12): error TS2678: Type '"ready"' is not comparable to type '"draft" | "completed" | "cancelled" | "active" | "submitted" | null'.
src/pages/OrderListDetailPage.vue(547,12): error TS2678: Type '"confirmed"' is not comparable to type '"draft" | "completed" | "cancelled" | "active" | "submitted" | null'.
src/pages/OrderListDetailPage.vue(549,12): error TS2678: Type '"delivered"' is not comparable to type '"draft" | "completed" | "cancelled" | "active" | "submitted" | null'.
src/pages/OrderListDetailPage.vue(620,7): error TS2322: Type '{ items: { id: string; order_list_id: string; product_id: string; supplier_product_id: string | null; suggested_quantity: number; ordered_quantity: number; unit_price: number | null; ... 6 more ...; supplier_product: { ...; } | null; }[]; ... 15 more ...; supplier: { ...; } | null; } | undefined' is not assignable to type 'OrderListWithItems | { items: { id: string; order_list_id: string; product_id: string; supplier_product_id: string | null; suggested_quantity: number; ordered_quantity: number; ... 7 more ...; supplier_product: { ...; } | null; }[]; ... 15 more ...; supplier: { ...; } | null; } | null'.
  Type 'undefined' is not assignable to type 'OrderListWithItems | { items: { id: string; order_list_id: string; product_id: string; supplier_product_id: string | null; suggested_quantity: number; ordered_quantity: number; ... 7 more ...; supplier_product: { ...; } | null; }[]; ... 15 more ...; supplier: { ...; } | null; } | null'.
src/pages/OrderListDetailPage.vue(771,9): error TS2561: Object literal may only specify known properties, but 'suggested_quantity' does not exist in type '{ requested_quantity?: number; notes?: string; }'. Did you mean to write 'requested_quantity'?
src/pages/OrderListDetailPage.vue(801,29): error TS2554: Expected 2 arguments, but got 1.
src/pages/OrderListDetailPage.vue(817,7): error TS2304: Cannot find name 'processingGlobalOrder'.
src/pages/OrderListDetailPage.vue(822,46): error TS2304: Cannot find name '$t'.
src/pages/OrderListDetailPage.vue(824,46): error TS2304: Cannot find name '$t'.
src/pages/OrderListDetailPage.vue(826,7): error TS2304: Cannot find name 'processingGlobalOrder'.
src/pages/OrderListsPage.vue(151,10): error TS2322: Type '({ name: string; required: boolean; label: string; align: string; field: string; sortable: boolean; format?: never; } | { name: string; align: string; label: string; field: string; sortable: boolean; required?: never; format?: never; } | { ...; } | { ...; })[]' is not assignable to type '{ name: string; label: string; field: string | ((row: any) => any); required?: boolean; align?: "left" | "right" | "center"; sortable?: boolean; sort?: (a: any, b: any, rowA: any, rowB: any) => number; ... 6 more ...; headerClasses?: string; }[]'.
  Type '{ name: string; required: boolean; label: string; align: string; field: string; sortable: boolean; format?: never; } | { name: string; align: string; label: string; field: string; sortable: boolean; required?: never; format?: never; } | { ...; } | { ...; }' is not assignable to type '{ name: string; label: string; field: string | ((row: any) => any); required?: boolean; align?: "left" | "right" | "center"; sortable?: boolean; sort?: (a: any, b: any, rowA: any, rowB: any) => number; ... 6 more ...; headerClasses?: string; }' with 'exactOptionalPropertyTypes: true'. Consider adding 'undefined' to the types of the target's properties.
    Type '{ name: string; required: boolean; label: string; align: string; field: string; sortable: boolean; format?: never; }' is not assignable to type '{ name: string; label: string; field: string | ((row: any) => any); required?: boolean; align?: "left" | "right" | "center"; sortable?: boolean; sort?: (a: any, b: any, rowA: any, rowB: any) => number; ... 6 more ...; headerClasses?: string; }' with 'exactOptionalPropertyTypes: true'. Consider adding 'undefined' to the types of the target's properties.
      Types of property 'align' are incompatible.
        Type 'string' is not assignable to type '"left" | "right" | "center"'.
src/pages/OrderListsPage.vue(338,10): error TS2412: Type 'string | null | undefined' is not assignable to type 'string | undefined' with 'exactOptionalPropertyTypes: true'. Consider adding 'undefined' to the type of the target.
src/pages/OrderListsPage.vue(419,24): error TS2339: Property 'options' does not exist on type 'FilterField'.
src/pages/OrderListsPage.vue(502,42): error TS2367: This comparison appears to be unintentional because the types 'UrgencyLevel' and '"normal"' have no overlap.
src/pages/OrderListsPage.vue(541,52): error TS2339: Property 'toLowerCase' does not exist on type 'string | number | true | Date | (string | number)[] | { min?: number; max?: number; } | { from?: Date; to?: Date; }'.
  Property 'toLowerCase' does not exist on type 'number'.
src/pages/OrderListsPage.vue(628,36): error TS2367: This comparison appears to be unintentional because the types 'UrgencyLevel' and '"normal"' have no overlap.
src/pages/OrderListsPage.vue(662,36): error TS2367: This comparison appears to be unintentional because the types 'UrgencyLevel' and '"normal"' have no overlap.
src/pages/OrderListsPage.vue(682,20): error TS2304: Cannot find name '$t'.
src/pages/OrderListsPage.vue(690,31): error TS2551: Property 'splitOrdersBySupplier' does not exist on type 'Store<"orderLists", Pick<{ orderLists: Ref<{ items: { id: string; order_list_id: string; product_id: string; supplier_product_id: string | null; suggested_quantity: number; ordered_quantity: number; ... 7 more ...; supplier_product: { ...; } | null; }[]; ... 15 more ...; supplier: { ...; } | null; }[], OrderListWith...'. Did you mean 'splitOrderBySuppliers'?
src/pages/OrderListsPage.vue(694,18): error TS2304: Cannot find name '$t'.
src/pages/OrderListsPage.vue(705,20): error TS2304: Cannot find name '$t'.
src/pages/OrderListsPage.vue(732,24): error TS2304: Cannot find name '$t'.
src/pages/OrderListsPage.vue(741,24): error TS2304: Cannot find name '$t'.
src/pages/OrderListsPage.vue(751,18): error TS2304: Cannot find name '$t'.
src/pages/OrderListsPage.vue(767,16): error TS2304: Cannot find name '$t'.
src/pages/OrderListsPage.vue(774,45): error TS2554: Expected 2 arguments, but got 1.
src/pages/OrderListsPage.vue(778,18): error TS2304: Cannot find name '$t'.
src/pages/OrderListsPage.vue(785,18): error TS2304: Cannot find name '$t'.
src/pages/OrderListsPage.vue(794,16): error TS2304: Cannot find name '$t'.
src/pages/OrderListsPage.vue(810,20): error TS2304: Cannot find name '$t'.
src/pages/OrderListsPage.vue(816,20): error TS2304: Cannot find name '$t'.
src/pages/OrderListsPage.vue(826,16): error TS2304: Cannot find name '$t'.
src/pages/OrderListsPage.vue(835,16): error TS2304: Cannot find name '$t'.
src/pages/OrderListsPage.vue(849,16): error TS2304: Cannot find name '$t'.
src/pages/OrderListsPage.vue(869,18): error TS2304: Cannot find name '$t'.
src/pages/OrderListsPage.vue(891,22): error TS2304: Cannot find name '$t'.
src/pages/OrdersPage.vue(252,5): error TS2322: Type '{ [x: string]: unknown; }' is not assignable to type 'FilterValues'.
  'string' index signatures are incompatible.
    Type 'unknown' is not assignable to type 'FilterValue'.
src/pages/OrdersPage.vue(277,42): error TS2339: Property 'from' does not exist on type 'string | number | true | Date | (string | number)[] | { min?: number; max?: number; } | { from?: Date; to?: Date; }'.
  Property 'from' does not exist on type 'string'.
src/pages/OrdersPage.vue(278,48): error TS2339: Property 'from' does not exist on type 'string | number | true | Date | (string | number)[] | { min?: number; max?: number; } | { from?: Date; to?: Date; }'.
  Property 'from' does not exist on type 'string'.
src/pages/OrdersPage.vue(279,37): error TS2339: Property 'to' does not exist on type 'string | number | true | Date | (string | number)[] | { min?: number; max?: number; } | { from?: Date; to?: Date; }'.
  Property 'to' does not exist on type 'string'.
src/pages/OrdersPage.vue(280,35): error TS2339: Property 'to' does not exist on type 'string | number | true | Date | (string | number)[] | { min?: number; max?: number; } | { from?: Date; to?: Date; }'.
  Property 'to' does not exist on type 'string'.
src/pages/OrdersPage.vue(293,20): error TS2339: Property 'min' does not exist on type 'string | number | true | Date | (string | number)[] | { min?: number; max?: number; } | { from?: Date; to?: Date; }'.
  Property 'min' does not exist on type 'string'.
src/pages/OrdersPage.vue(293,53): error TS2339: Property 'max' does not exist on type 'string | number | true | Date | (string | number)[] | { min?: number; max?: number; } | { from?: Date; to?: Date; }'.
  Property 'max' does not exist on type 'string'.
src/pages/OrdersPage.vue(297,25): error TS2339: Property 'min' does not exist on type 'string | number | true | Date | (string | number)[] | { min?: number; max?: number; } | { from?: Date; to?: Date; }'.
  Property 'min' does not exist on type 'string'.
src/pages/OrdersPage.vue(297,67): error TS2339: Property 'min' does not exist on type 'string | number | true | Date | (string | number)[] | { min?: number; max?: number; } | { from?: Date; to?: Date; }'.
  Property 'min' does not exist on type 'string'.
src/pages/OrdersPage.vue(300,25): error TS2339: Property 'max' does not exist on type 'string | number | true | Date | (string | number)[] | { min?: number; max?: number; } | { from?: Date; to?: Date; }'.
  Property 'max' does not exist on type 'string'.
src/pages/OrdersPage.vue(300,67): error TS2339: Property 'max' does not exist on type 'string | number | true | Date | (string | number)[] | { min?: number; max?: number; } | { from?: Date; to?: Date; }'.
  Property 'max' does not exist on type 'string'.
src/pages/OrdersPage.vue(309,48): error TS2339: Property 'from' does not exist on type 'string | number | true | Date | (string | number)[] | { min?: number; max?: number; } | { from?: Date; to?: Date; }'.
  Property 'from' does not exist on type 'string'.
src/pages/OrdersPage.vue(310,51): error TS2339: Property 'from' does not exist on type 'string | number | true | Date | (string | number)[] | { min?: number; max?: number; } | { from?: Date; to?: Date; }'.
  Property 'from' does not exist on type 'string'.
src/pages/OrdersPage.vue(311,40): error TS2339: Property 'to' does not exist on type 'string | number | true | Date | (string | number)[] | { min?: number; max?: number; } | { from?: Date; to?: Date; }'.
  Property 'to' does not exist on type 'string'.
src/pages/OrdersPage.vue(312,38): error TS2339: Property 'to' does not exist on type 'string | number | true | Date | (string | number)[] | { min?: number; max?: number; } | { from?: Date; to?: Date; }'.
  Property 'to' does not exist on type 'string'.
src/pages/OrdersPage.vue(572,7): error TS2322: Type '{ [x: string]: unknown; }' is not assignable to type 'FilterValues'.
  'string' index signatures are incompatible.
    Type 'unknown' is not assignable to type 'FilterValue'.
src/pages/platform/ApiDocsPage.vue(68,10): error TS2322: Type '{ name: string; label: string; field: string; align: string; }[]' is not assignable to type '{ name: string; label: string; field: string | ((row: any) => any); required?: boolean; align?: "left" | "right" | "center"; sortable?: boolean; sort?: (a: any, b: any, rowA: any, rowB: any) => number; ... 6 more ...; headerClasses?: string; }[]'.
  Type '{ name: string; label: string; field: string; align: string; }' is not assignable to type '{ name: string; label: string; field: string | ((row: any) => any); required?: boolean; align?: "left" | "right" | "center"; sortable?: boolean; sort?: (a: any, b: any, rowA: any, rowB: any) => number; ... 6 more ...; headerClasses?: string; }'.
    Types of property 'align' are incompatible.
      Type 'string' is not assignable to type '"left" | "right" | "center"'.
src/pages/platform/BackupPage.vue(81,10): error TS2322: Type '{ name: string; label: string; field: string; align: string; }[]' is not assignable to type '{ name: string; label: string; field: string | ((row: any) => any); required?: boolean; align?: "left" | "right" | "center"; sortable?: boolean; sort?: (a: any, b: any, rowA: any, rowB: any) => number; ... 6 more ...; headerClasses?: string; }[]'.
  Type '{ name: string; label: string; field: string; align: string; }' is not assignable to type '{ name: string; label: string; field: string | ((row: any) => any); required?: boolean; align?: "left" | "right" | "center"; sortable?: boolean; sort?: (a: any, b: any, rowA: any, rowB: any) => number; ... 6 more ...; headerClasses?: string; }'.
    Types of property 'align' are incompatible.
      Type 'string' is not assignable to type '"left" | "right" | "center"'.
src/pages/platform/DatabaseAdminPage.vue(74,10): error TS2322: Type '{ name: string; label: string; field: string; align: string; }[]' is not assignable to type '{ name: string; label: string; field: string | ((row: any) => any); required?: boolean; align?: "left" | "right" | "center"; sortable?: boolean; sort?: (a: any, b: any, rowA: any, rowB: any) => number; ... 6 more ...; headerClasses?: string; }[]'.
  Type '{ name: string; label: string; field: string; align: string; }' is not assignable to type '{ name: string; label: string; field: string | ((row: any) => any); required?: boolean; align?: "left" | "right" | "center"; sortable?: boolean; sort?: (a: any, b: any, rowA: any, rowB: any) => number; ... 6 more ...; headerClasses?: string; }'.
    Types of property 'align' are incompatible.
      Type 'string' is not assignable to type '"left" | "right" | "center"'.
src/pages/platform/MonitoringPage.vue(73,10): error TS2322: Type '{ name: string; label: string; field: string; align: string; }[]' is not assignable to type '{ name: string; label: string; field: string | ((row: any) => any); required?: boolean; align?: "left" | "right" | "center"; sortable?: boolean; sort?: (a: any, b: any, rowA: any, rowB: any) => number; ... 6 more ...; headerClasses?: string; }[]'.
  Type '{ name: string; label: string; field: string; align: string; }' is not assignable to type '{ name: string; label: string; field: string | ((row: any) => any); required?: boolean; align?: "left" | "right" | "center"; sortable?: boolean; sort?: (a: any, b: any, rowA: any, rowB: any) => number; ... 6 more ...; headerClasses?: string; }'.
    Types of property 'align' are incompatible.
      Type 'string' is not assignable to type '"left" | "right" | "center"'.
src/pages/platform/PlatformDashboard.vue(292,69): error TS2345: Argument of type 'unknown' is not assignable to parameter of type 'LogData'.
src/pages/platform/PlatformDashboard.vue(337,72): error TS2345: Argument of type 'unknown' is not assignable to parameter of type 'LogData'.
src/pages/platform/PlatformDashboard.vue(360,21): error TS2769: No overload matches this call.
  Overload 1 of 2, '(timeout: string | number | Timeout | undefined): void', gave the following error.
    Argument of type '{ hasRef: () => boolean; refresh: () => Timer; [Symbol.toPrimitive]: () => number; ref: () => Timer; unref: () => Timer; }' is not assignable to parameter of type 'string | number | Timeout | undefined'.
      Type '{ hasRef: () => boolean; refresh: () => Timer; [Symbol.toPrimitive]: () => number; ref: () => Timer; unref: () => Timer; }' is missing the following properties from type 'Timeout': close, _onTimeout, [Symbol.dispose]
  Overload 2 of 2, '(id: number | undefined): void', gave the following error.
    Argument of type '{ hasRef: () => boolean; refresh: () => Timer; [Symbol.toPrimitive]: () => number; ref: () => Timer; unref: () => Timer; }' is not assignable to parameter of type 'number'.
src/pages/platform/PracticesPage.vue(32,10): error TS2322: Type '{ name: string; label: string; field: string; align: string; }[]' is not assignable to type '{ name: string; label: string; field: string | ((row: any) => any); required?: boolean; align?: "left" | "right" | "center"; sortable?: boolean; sort?: (a: any, b: any, rowA: any, rowB: any) => number; ... 6 more ...; headerClasses?: string; }[]'.
  Type '{ name: string; label: string; field: string; align: string; }' is not assignable to type '{ name: string; label: string; field: string | ((row: any) => any); required?: boolean; align?: "left" | "right" | "center"; sortable?: boolean; sort?: (a: any, b: any, rowA: any, rowB: any) => number; ... 6 more ...; headerClasses?: string; }'.
    Types of property 'align' are incompatible.
      Type 'string' is not assignable to type '"left" | "right" | "center"'.
src/pages/platform/SystemLogsPage.vue(32,10): error TS2322: Type '{ name: string; label: string; field: string; align: string; }[]' is not assignable to type '{ name: string; label: string; field: string | ((row: any) => any); required?: boolean; align?: "left" | "right" | "center"; sortable?: boolean; sort?: (a: any, b: any, rowA: any, rowB: any) => number; ... 6 more ...; headerClasses?: string; }[]'.
  Type '{ name: string; label: string; field: string; align: string; }' is not assignable to type '{ name: string; label: string; field: string | ((row: any) => any); required?: boolean; align?: "left" | "right" | "center"; sortable?: boolean; sort?: (a: any, b: any, rowA: any, rowB: any) => number; ... 6 more ...; headerClasses?: string; }'.
    Types of property 'align' are incompatible.
      Type 'string' is not assignable to type '"left" | "right" | "center"'.
src/pages/ProductsPage.vue(250,8): error TS2322: Type '{ product_id: string; product: { active: boolean | null; barcode: string | null; base_unit_indicator: boolean | null; brand: string | null; category: string | null; country_of_origin: string | null; ... 44 more ...; batches: { ...; }[]; }; quantity: number; unit_price?: number | null; supplier_id?: string | null; no...' is not assignable to type 'CartItem[]'.
  Type '{ product_id: string; product: { active: boolean | null; barcode: string | null; base_unit_indicator: boolean | null; brand: string | null; category: string | null; country_of_origin: string | null; ... 44 more ...; batches: { ...; }[]; }; quantity: number; unit_price?: number | null; supplier_id?: string | null; no...' is not assignable to type 'CartItem' with 'exactOptionalPropertyTypes: true'. Consider adding 'undefined' to the types of the target's properties.
    Types of property 'unit_price' are incompatible.
      Type 'number | null' is not assignable to type 'number'.
        Type 'null' is not assignable to type 'number'.
src/pages/ProductsPage.vue(261,8): error TS2740: Type 'Record<string, CartItemState[]>' is missing the following properties from type 'OrderListWithItems[]': length, pop, push, concat, and 29 more.
src/pages/ProductsPage.vue(263,8): error TS2322: Type '(request: CreateOrderListRequest) => Promise<OrderListWithItems>' is not assignable to type '(orderList: OrderListWithItems) => any'.
  Types of parameters 'request' and 'orderList' are incompatible.
    Type 'OrderListWithItems' is not assignable to type 'CreateOrderListRequest'.
      Types of property 'supplier_id' are incompatible.
        Type 'string | null' is not assignable to type 'string'.
          Type 'null' is not assignable to type 'string'.
src/pages/ProductsPage.vue(264,8): error TS2322: Type '(request: AddOrderListItemRequest) => Promise<void>' is not assignable to type '(orderListId: string, product: ProductWithStock) => any'.
  Types of parameters 'request' and 'orderListId' are incompatible.
    Type 'string' is not assignable to type 'AddOrderListItemRequest'.
src/pages/ProductsPage.vue(414,42): error TS2339: Property 'fetchProductsPaginated' does not exist on type 'Store<"products", Pick<{ products: Ref<{ active: boolean | null; barcode: string | null; base_unit_indicator: boolean | null; brand: string | null; category: string | null; country_of_origin: string | null; ... 44 more ...; batches: { ...; }[]; }[], ProductWithStock[] | { ...; }[]>; ... 56 more ...; suppliersStore: ...'.
src/pages/ProductsPage.vue(512,38): error TS2345: Argument of type '(cat: string) => { label: string; value: string; }' is not assignable to parameter of type '(value: string | null, index: number, array: (string | null)[]) => { label: string; value: string; }'.
  Types of parameters 'cat' and 'value' are incompatible.
    Type 'string | null' is not assignable to type 'string'.
      Type 'null' is not assignable to type 'string'.
src/pages/ProductsPage.vue(529,37): error TS2345: Argument of type '(country: string) => { label: string; value: string; }' is not assignable to parameter of type '(value: string | null, index: number, array: (string | null)[]) => { label: string; value: string; }'.
  Types of parameters 'country' and 'value' are incompatible.
    Type 'string | null' is not assignable to type 'string'.
      Type 'null' is not assignable to type 'string'.
src/pages/ProductsPage.vue(554,34): error TS2345: Argument of type '(supplier: string) => { label: string; value: string; }' is not assignable to parameter of type '(value: { id: string; name: string; }, index: number, array: { id: string; name: string; }[]) => { label: string; value: string; }'.
  Types of parameters 'supplier' and 'value' are incompatible.
    Type '{ id: string; name: string; }' is not assignable to type 'string'.
src/pages/ProductsPage.vue(660,23): error TS2304: Cannot find name 'filteredProducts'.
src/pages/ProductsPage.vue(761,32): error TS2304: Cannot find name 'filteredProducts'.
src/pages/ProductsPage.vue(766,16): error TS2304: Cannot find name 'filteredProducts'.
src/pages/ProductsPage.vue(834,5): error TS2304: Cannot find name 'tableRequestHandler'.
src/pages/ProductsPage.vue(835,5): error TS2304: Cannot find name 'pagination'.
src/pages/ProductsPage.vue(835,35): error TS2304: Cannot find name 'filteredProducts'.
src/pages/SettingsPage.vue(19,21): error TS2339: Property 'loadSettings' does not exist on type 'CreateComponentPublicInstanceWithMixins<ToResolvedProps<{}, {}>, { PageLayout: __VLS_WithSlots<DefineComponent<Props, {}, {}, {}, {}, ComponentOptionsMixin, ComponentOptionsMixin, ... 12 more ..., any>, __VLS_Slots>; ... 14 more ...; saveSettings: () => Promise<...>; }, ... 23 more ..., {}>'.
src/pages/SettingsPage.vue(20,23): error TS2339: Property 'loading' does not exist on type 'CreateComponentPublicInstanceWithMixins<ToResolvedProps<{}, {}>, { PageLayout: __VLS_WithSlots<DefineComponent<Props, {}, {}, {}, {}, ComponentOptionsMixin, ComponentOptionsMixin, ... 12 more ..., any>, __VLS_Slots>; ... 14 more ...; saveSettings: () => Promise<...>; }, ... 23 more ..., {}>'.
src/pages/StyleSandbox.vue(243,16): error TS2345: Argument of type '{ dense: true; class: string; outlined: true; label: string; }' is not assignable to parameter of type 'VNodeProps & AllowedComponentProps & ComponentCustomProps & QInputProps & Record<string, unknown>'.
  Property 'modelValue' is missing in type '{ dense: true; class: string; outlined: true; label: string; }' but required in type 'QInputProps'.
src/pages/StyleSandbox.vue(244,16): error TS2345: Argument of type '{ class: string; outlined: true; label: string; }' is not assignable to parameter of type 'VNodeProps & AllowedComponentProps & ComponentCustomProps & QInputProps & Record<string, unknown>'.
  Property 'modelValue' is missing in type '{ class: string; outlined: true; label: string; }' but required in type 'QInputProps'.
src/pages/StyleSandbox.vue(245,16): error TS2345: Argument of type '{ class: string; outlined: true; label: string; }' is not assignable to parameter of type 'VNodeProps & AllowedComponentProps & ComponentCustomProps & QInputProps & Record<string, unknown>'.
  Property 'modelValue' is missing in type '{ class: string; outlined: true; label: string; }' but required in type 'QInputProps'.
src/pages/StyleSandbox.vue(246,16): error TS2345: Argument of type '{ options: string[]; class: string; outlined: true; label: string; }' is not assignable to parameter of type 'VNodeProps & AllowedComponentProps & ComponentCustomProps & QSelectProps & Record<string, unknown>'.
  Property 'modelValue' is missing in type '{ options: string[]; class: string; outlined: true; label: string; }' but required in type 'QSelectProps'.
src/pages/StyleSandbox.vue(252,16): error TS2345: Argument of type '{ rows: string; class: string; outlined: true; type: "textarea"; label: string; }' is not assignable to parameter of type 'VNodeProps & AllowedComponentProps & ComponentCustomProps & QInputProps & Record<string, unknown>'.
  Property 'modelValue' is missing in type '{ rows: string; class: string; outlined: true; type: "textarea"; label: string; }' but required in type 'QInputProps'.
src/pages/SuppliersPage.vue(602,30): error TS2304: Cannot find name 'Supplier'.
src/pages/SuppliersPage.vue(807,35): error TS2304: Cannot find name 'Supplier'.
src/pages/SuppliersPage.vue(868,43): error TS2304: Cannot find name 'Supplier'.
src/pages/SuppliersPage.vue(923,43): error TS2304: Cannot find name 'Supplier'.
src/pages/SuppliersPage.vue(955,63): error TS18046: 'error' is of type 'unknown'.
src/pages/SuppliersPage.vue(960,49): error TS2304: Cannot find name 'Supplier'.
src/pages/SuppliersPage.vue(980,17): error TS2339: Property 'success' does not exist on type 'string | number | boolean | { [key: string]: Json | undefined; } | Json[]'.
  Property 'success' does not exist on type 'string'.
src/pages/SuppliersPage.vue(985,25): error TS2339: Property 'products_synced' does not exist on type 'string | number | boolean | { [key: string]: Json | undefined; } | Json[]'.
  Property 'products_synced' does not exist on type 'string'.
src/pages/SuppliersPage.vue(991,31): error TS2339: Property 'error' does not exist on type 'string | number | boolean | { [key: string]: Json | undefined; } | Json[]'.
  Property 'error' does not exist on type 'string'.
src/pages/SuppliersPage.vue(998,18): error TS18046: 'error' is of type 'unknown'.
src/presets/filters/advancedOrderLists.ts(21,7): error TS2353: Object literal may only specify known properties, and 'options' does not exist in type 'FilterField'.
src/presets/filters/advancedOrderLists.ts(36,7): error TS2353: Object literal may only specify known properties, and 'options' does not exist in type 'FilterField'.
src/presets/filters/advancedOrderLists.ts(45,7): error TS2353: Object literal may only specify known properties, and 'options' does not exist in type 'FilterField'.
src/presets/filters/advancedOrderLists.ts(58,7): error TS2322: Type '"toggle"' is not assignable to type 'FilterFieldType'.
src/presets/filters/inventory.ts(124,7): error TS2353: Object literal may only specify known properties, and 'tooltip' does not exist in type 'FilterField'.
src/presets/filters/orderLists.ts(109,9): error TS2353: Object literal may only specify known properties, and 'start' does not exist in type '{ min?: string; max?: string; }'.
src/presets/filters/orderLists.ts(142,7): error TS2322: Type '"checkbox"' is not assignable to type '"outlined" | "filled" | "standard" | "toggle" | "switch" | "chip"'.
src/presets/filters/products.ts(29,7): error TS2322: Type '"large"' is not assignable to type '"xs" | "sm" | "md" | "lg"'.
src/presets/filters/products.ts(51,7): error TS2322: Type '"medium"' is not assignable to type '"xs" | "sm" | "md" | "lg"'.
src/presets/filters/products.ts(71,7): error TS2322: Type '"medium"' is not assignable to type '"xs" | "sm" | "md" | "lg"'.
src/presets/filters/products.ts(107,7): error TS2322: Type '"medium"' is not assignable to type '"xs" | "sm" | "md" | "lg"'.
src/presets/filters/products.ts(123,7): error TS2322: Type '"medium"' is not assignable to type '"xs" | "sm" | "md" | "lg"'.
src/presets/filters/products.ts(136,7): error TS2322: Type '"small"' is not assignable to type '"xs" | "sm" | "md" | "lg"'.
src/presets/filters/products.ts(151,7): error TS2322: Type '"medium"' is not assignable to type '"xs" | "sm" | "md" | "lg"'.
src/presets/filters/products.ts(176,7): error TS2322: Type '"medium"' is not assignable to type '"xs" | "sm" | "md" | "lg"'.
src/presets/filters/products.ts(200,7): error TS2322: Type '"medium"' is not assignable to type '"xs" | "sm" | "md" | "lg"'.
src/presets/filters/products.ts(238,7): error TS2322: Type '"medium"' is not assignable to type '"xs" | "sm" | "md" | "lg"'.
src/router/routes.ts(3,3): error TS2459: Module '"@/services/permissions"' declares 'UserRole' locally, but it is not exported.
src/router/routes.ts(4,3): error TS2459: Module '"@/services/permissions"' declares 'PermissionType' locally, but it is not exported.
src/router/routes.ts(5,3): error TS2459: Module '"@/services/permissions"' declares 'ResourceType' locally, but it is not exported.
src/services/admin.ts(11,8): error TS2307: Cannot find module '@/types/supabase' or its corresponding type declarations.
src/services/admin.ts(160,31): error TS2339: Property 'authStore' does not exist on type 'AdminService'.
src/services/admin.ts(474,23): error TS2304: Cannot find name '$t'.
src/services/admin.ts(479,23): error TS2304: Cannot find name '$t'.
src/services/admin.ts(554,23): error TS2304: Cannot find name '$t'.
src/services/admin.ts(558,19): error TS2304: Cannot find name 'UsageAnalytics'.
src/services/admin.ts(745,14): error TS2304: Cannot find name 'profile'.
src/services/admin.ts(784,9): error TS2367: This comparison appears to be unintentional because the types '"owner" | "manager" | "assistant" | "logistics" | "member" | "guest" | "platform_owner"' and '"inactive"' have no overlap.
src/services/admin.ts(792,9): error TS2322: Type '"owner" | "manager" | "assistant" | "logistics" | "member" | "guest" | "platform_owner" | "inactive"' is not assignable to type '"owner" | "manager" | "assistant" | "logistics" | "member" | "guest" | "platform_owner"'.
  Type '"inactive"' is not assignable to type '"owner" | "manager" | "assistant" | "logistics" | "member" | "guest" | "platform_owner"'.
src/services/admin.ts(833,23): error TS2304: Cannot find name '$t'.
src/services/analytics.ts(104,89): error TS2375: Type '{ productId: string; locationId: string; currentQuantity: number; minimumQuantity: number; reservedQuantity: number; availableQuantity: number; productName: string | undefined; locationName: string | undefined; preferredSupplierId: string | null; updatedAt: string | null; }' is not assignable to type 'AnalyticsStockLevelDTO' with 'exactOptionalPropertyTypes: true'. Consider adding 'undefined' to the types of the target's properties.
  Types of property 'productName' are incompatible.
    Type 'string | undefined' is not assignable to type 'string'.
      Type 'undefined' is not assignable to type 'string'.
src/services/analytics.ts(140,19): error TS2304: Cannot find name '$t'.
src/services/analytics.ts(152,64): error TS2769: No overload matches this call.
  Overload 1 of 2, '(values: { created_at?: string | null; event_data?: Json; event_type: string; id?: string; ip_address?: unknown; location_id?: string | null; practice_id: string; session_id?: string | null; user_agent?: string | null; user_id?: string | null; }, options?: { ...; } | undefined): PostgrestFilterBuilder<...>', gave the following error.
    Argument of type '{ practice_id: string; user_id: string | null; location_id: string | null; event_type: string; event_data: JsonRecord; session_id: string; user_agent: string; }[]' is not assignable to parameter of type '{ created_at?: string | null; event_data?: Json; event_type: string; id?: string; ip_address?: unknown; location_id?: string | null; practice_id: string; session_id?: string | null; user_agent?: string | null; user_id?: string | null; }'.
      Type '{ practice_id: string; user_id: string | null; location_id: string | null; event_type: string; event_data: JsonRecord; session_id: string; user_agent: string; }[]' is missing the following properties from type '{ created_at?: string | null; event_data?: Json; event_type: string; id?: string; ip_address?: unknown; location_id?: string | null; practice_id: string; session_id?: string | null; user_agent?: string | null; user_id?: string | null; }': event_type, practice_id
  Overload 2 of 2, '(values: { created_at?: string | null; event_data?: Json; event_type: string; id?: string; ip_address?: unknown; location_id?: string | null; practice_id: string; session_id?: string | null; user_agent?: string | null; user_id?: string | null; }[], options?: { ...; } | undefined): PostgrestFilterBuilder<...>', gave the following error.
    Type 'JsonRecord' is not assignable to type 'Json'.
      Type 'JsonRecord' is missing the following properties from type 'Json[]': length, pop, push, concat, and 29 more.
src/services/analytics.ts(165,36): error TS2379: Argument of type '{ service: string; operation: string; practiceId: string; userId: string | undefined; metadata: { eventType: string; eventData: JsonRecord | undefined; }; }' is not assignable to parameter of type 'ServiceErrorContext' with 'exactOptionalPropertyTypes: true'. Consider adding 'undefined' to the types of the target's properties.
  Types of property 'userId' are incompatible.
    Type 'string | undefined' is not assignable to type 'string'.
      Type 'undefined' is not assignable to type 'string'.
src/services/analytics.ts(175,9): error TS2345: Argument of type 'unknown' is not assignable to parameter of type 'ErrorLike'.
src/services/analytics.ts(260,11): error TS2532: Object is possibly 'undefined'.
src/services/analytics.ts(263,22): error TS2532: Object is possibly 'undefined'.
src/services/analytics.ts(265,13): error TS2532: Object is possibly 'undefined'.
src/services/analytics.ts(288,65): error TS2345: Argument of type 'unknown' is not assignable to parameter of type 'LogData'.
src/services/analytics.ts(358,24): error TS2538: Type 'null' cannot be used as an index type.
src/services/analytics.ts(358,56): error TS2538: Type 'null' cannot be used as an index type.
src/services/analytics.ts(361,31): error TS2769: No overload matches this call.
  Overload 1 of 4, '(value: string | number | Date): Date', gave the following error.
    Argument of type 'string | null' is not assignable to parameter of type 'string | number | Date'.
      Type 'null' is not assignable to type 'string | number | Date'.
  Overload 2 of 4, '(value: string | number): Date', gave the following error.
    Argument of type 'string | null' is not assignable to parameter of type 'string | number'.
      Type 'null' is not assignable to type 'string | number'.
src/services/analytics.ts(365,43): error TS2304: Cannot find name 'OrderItem'.
src/services/analytics.ts(395,61): error TS2345: Argument of type 'unknown' is not assignable to parameter of type 'LogData'.
src/services/analytics.ts(449,30): error TS18047: 'stockEntries' is possibly 'null'.
src/services/analytics.ts(449,47): error TS2345: Argument of type '(entry: StockLevelView) => AnalyticsStockLevelDTO' is not assignable to parameter of type '(value: { counted_at: string | null; counted_quantity: number; created_at: string | null; created_by: string | null; entry_type: string | null; id: string; location_id: string | null; notes: string | null; practice_id: string; product_id: string; products: { ...; }; }, index: number, array: { ...; }[]) => AnalyticsS...'.
  Types of parameters 'entry' and 'value' are incompatible.
    Type '{ counted_at: string | null; counted_quantity: number; created_at: string | null; created_by: string | null; entry_type: string | null; id: string; location_id: string | null; notes: string | null; practice_id: string; product_id: string; products: { ...; }; }' is missing the following properties from type 'StockLevelView': current_quantity, available_quantity, reserved_quantity, minimum_quantity, and 11 more.
src/services/analytics.ts(491,63): error TS2345: Argument of type 'unknown' is not assignable to parameter of type 'LogData'.
src/services/analytics.ts(516,9): error TS2353: Object literal may only specify known properties, and 'userList' does not exist in type 'UserActivityMetrics'.
src/services/analytics.ts(587,9): error TS2353: Object literal may only specify known properties, and 'userList' does not exist in type 'UserActivityMetrics'.
src/services/analytics.ts(590,69): error TS2345: Argument of type 'unknown' is not assignable to parameter of type 'LogData'.
src/services/analytics.ts(595,9): error TS2353: Object literal may only specify known properties, and 'userList' does not exist in type 'UserActivityMetrics'.
src/services/analytics.ts(605,23): error TS2304: Cannot find name '$t'.
src/services/analytics.ts(653,64): error TS2345: Argument of type 'unknown' is not assignable to parameter of type 'LogData'.
src/services/analytics.ts(667,23): error TS2304: Cannot find name '$t'.
src/services/analytics.ts(737,72): error TS2345: Argument of type 'unknown' is not assignable to parameter of type 'LogData'.
src/services/analytics.ts(751,23): error TS2304: Cannot find name '$t'.
src/services/analytics.ts(776,68): error TS2345: Argument of type 'unknown' is not assignable to parameter of type 'LogData'.
src/services/analytics.ts(791,23): error TS2304: Cannot find name '$t'.
src/services/analytics.ts(813,65): error TS2345: Argument of type 'unknown' is not assignable to parameter of type 'LogData'.
src/services/analytics.ts(827,23): error TS2304: Cannot find name '$t'.
src/services/analytics.ts(884,64): error TS2345: Argument of type 'unknown' is not assignable to parameter of type 'LogData'.
src/services/analytics.ts(898,23): error TS2304: Cannot find name '$t'.
src/services/analytics.ts(930,70): error TS2345: Argument of type 'unknown' is not assignable to parameter of type 'LogData'.
src/services/analytics.ts(942,23): error TS2304: Cannot find name '$t'.
src/services/analytics.ts(963,33): error TS2339: Property 'product_name' does not exist on type 'StockLevelView'.
src/services/analytics.ts(970,62): error TS2345: Argument of type 'unknown' is not assignable to parameter of type 'LogData'.
src/services/analytics.ts(984,23): error TS2304: Cannot find name '$t'.
src/services/analytics.ts(1070,69): error TS2345: Argument of type 'unknown' is not assignable to parameter of type 'LogData'.
src/services/analytics.ts(1079,15): error TS2769: No overload matches this call.
  Overload 1 of 2, '(relation: "practices" | "counting_sessions" | "practice_locations" | "products" | "magic_invites" | "permanent_users" | "orders" | "order_lists" | "suppliers" | "supplier_products" | ... 26 more ... | "user_sessions"): PostgrestQueryBuilder<...>', gave the following error.
    Argument of type '"events"' is not assignable to parameter of type '"practices" | "counting_sessions" | "practice_locations" | "products" | "magic_invites" | "permanent_users" | "orders" | "order_lists" | "suppliers" | "supplier_products" | ... 26 more ... | "user_sessions"'.
  Overload 2 of 2, '(relation: "unified_stock_view" | "reorder_suggestions"): PostgrestQueryBuilder<{ Tables: { activity_log: { Row: { activity_type: string; created_at: string | null; description: string | null; id: string; ... 5 more ...; user_id: string | null; }; Insert: { ...; }; Update: { ...; }; Relationships: [...]; }; ... 35 more ...; user_sessions: { ...; }; }; Views: { ...; }; Functions: { ...; }; Enums: { ...; }; CompositeTypes: {}; }, { ...; } | { ...; }, "unified_stock_view" | "reorder_suggestions", [...] | [...]>', gave the following error.
    Argument of type '"events"' is not assignable to parameter of type '"unified_stock_view" | "reorder_suggestions"'.
src/services/analytics.ts(1085,59): error TS2345: Argument of type 'unknown' is not assignable to parameter of type 'LogData'.
src/services/dashboard/platform-dashboard.ts(83,66): error TS2345: Argument of type 'unknown' is not assignable to parameter of type 'LogData'.
src/services/dashboard/platform-dashboard.ts(152,64): error TS2345: Argument of type 'unknown' is not assignable to parameter of type 'LogData'.
src/services/dashboard/platform-dashboard.ts(169,46): error TS2345: Argument of type 'string | undefined' is not assignable to parameter of type 'string'.
  Type 'undefined' is not assignable to type 'string'.
src/services/dashboard/platform-dashboard.ts(175,11): error TS2345: Argument of type 'unknown' is not assignable to parameter of type 'ErrorLike'.
src/services/dashboard/platform-dashboard.ts(186,11): error TS2322: Type 'string | undefined' is not assignable to type 'string'.
  Type 'undefined' is not assignable to type 'string'.
src/services/dashboard/platform-dashboard.ts(187,38): error TS2345: Argument of type 'string | undefined' is not assignable to parameter of type 'string'.
  Type 'undefined' is not assignable to type 'string'.
src/services/dashboard/platform-dashboard.ts(427,22): error TS2769: No overload matches this call.
  Overload 1 of 4, '(value: string | number | Date): Date', gave the following error.
    Argument of type 'string | null' is not assignable to parameter of type 'string | number | Date'.
      Type 'null' is not assignable to type 'string | number | Date'.
  Overload 2 of 4, '(value: string | number): Date', gave the following error.
    Argument of type 'string | null' is not assignable to parameter of type 'string | number'.
      Type 'null' is not assignable to type 'string | number'.
src/services/dashboard/platform-dashboard.ts(507,20): error TS2538: Type 'undefined' cannot be used as an index type.
src/services/dashboard/platform-dashboard.ts(511,19): error TS18047: 'event.created_at' is possibly 'null'.
src/services/dashboard/platform-dashboard.ts(512,62): error TS2345: Argument of type 'string | undefined' is not assignable to parameter of type 'PropertyKey'.
  Type 'undefined' is not assignable to type 'PropertyKey'.
src/services/dashboard/platform-dashboard.ts(513,22): error TS2538: Type 'undefined' cannot be used as an index type.
src/services/dashboard/platform-dashboard.ts(519,46): error TS2769: No overload matches this call.
  Overload 1 of 4, '(value: string | number | Date): Date', gave the following error.
    Argument of type 'string | undefined' is not assignable to parameter of type 'string | number | Date'.
      Type 'undefined' is not assignable to type 'string | number | Date'.
  Overload 2 of 4, '(value: string | number): Date', gave the following error.
    Argument of type 'string | undefined' is not assignable to parameter of type 'string | number'.
      Type 'undefined' is not assignable to type 'string | number'.
src/services/dashboard/platform-dashboard.ts(523,52): error TS2538: Type 'undefined' cannot be used as an index type.
src/services/dashboard/platform-dashboard.ts(553,11): error TS2345: Argument of type 'unknown' is not assignable to parameter of type 'ErrorLike'.
src/services/dashboard/platform-dashboard.ts(611,11): error TS2322: Type 'string | null' is not assignable to type 'string'.
  Type 'null' is not assignable to type 'string'.
src/services/dashboard/platform-dashboard.ts(616,7): error TS2532: Object is possibly 'undefined'.
src/services/dashboard/platform-dashboard.ts(617,7): error TS2532: Object is possibly 'undefined'.
src/services/dashboard/platform-dashboard.ts(621,20): error TS2769: No overload matches this call.
  Overload 1 of 4, '(value: string | number | Date): Date', gave the following error.
    Argument of type 'string | null' is not assignable to parameter of type 'string | number | Date'.
      Type 'null' is not assignable to type 'string | number | Date'.
  Overload 2 of 4, '(value: string | number): Date', gave the following error.
    Argument of type 'string | null' is not assignable to parameter of type 'string | number'.
      Type 'null' is not assignable to type 'string | number'.
src/services/dashboard/platform-dashboard.ts(621,49): error TS2532: Object is possibly 'undefined'.
src/services/dashboard/platform-dashboard.ts(622,9): error TS2532: Object is possibly 'undefined'.
src/services/dashboard/platform-dashboard.ts(622,9): error TS2322: Type 'string | null' is not assignable to type 'string'.
  Type 'null' is not assignable to type 'string'.
src/services/dashboard/practice-dashboard.ts(10,89): error TS2375: Type '{ productId: string; locationId: string; currentQuantity: number; minimumQuantity: number; reservedQuantity: number; availableQuantity: number; productName: string | undefined; locationName: string | undefined; preferredSupplierId: string | null; updatedAt: string | null; }' is not assignable to type 'AnalyticsStockLevelDTO' with 'exactOptionalPropertyTypes: true'. Consider adding 'undefined' to the types of the target's properties.
  Types of property 'productName' are incompatible.
    Type 'string | undefined' is not assignable to type 'string'.
      Type 'undefined' is not assignable to type 'string'.
src/services/dashboard/practice-dashboard.ts(70,23): error TS2339: Property 'titleKey' does not exist on type 'RoleDashboardConfig'.
src/services/dashboard/practice-dashboard.ts(71,26): error TS2339: Property 'subtitleKey' does not exist on type 'RoleDashboardConfig'.
src/services/dashboard/practice-dashboard.ts(72,23): error TS2339: Property 'widgets' does not exist on type 'RoleDashboardConfig'.
src/services/dashboard/practice-dashboard.ts(72,35): error TS7006: Parameter 'w' implicitly has an 'any' type.
src/services/dashboard/practice-dashboard.ts(73,21): error TS2339: Property 'color' does not exist on type 'RoleDashboardConfig'.
src/services/dashboard/practice-dashboard.ts(74,20): error TS2339: Property 'icon' does not exist on type 'RoleDashboardConfig'.
src/services/dashboard/practice-dashboard.ts(115,66): error TS2345: Argument of type 'unknown' is not assignable to parameter of type 'LogData'.
src/services/dashboard/practice-dashboard.ts(194,20): error TS18047: 'stock.current_quantity' is possibly 'null'.
src/services/dashboard/practice-dashboard.ts(198,62): error TS2345: Argument of type 'string | null' is not assignable to parameter of type 'string'.
  Type 'null' is not assignable to type 'string'.
src/services/dashboard/practice-dashboard.ts(206,26): error TS18047: 'item.current_quantity' is possibly 'null'.
src/services/dashboard/practice-dashboard.ts(217,55): error TS2345: Argument of type 'unknown' is not assignable to parameter of type 'LogData'.
src/services/dashboard/practice-dashboard.ts(241,41): error TS2339: Property 'widgets' does not exist on type 'RoleDashboardConfig'.
src/services/dashboard/practice-dashboard.ts(241,54): error TS7006: Parameter 'w' implicitly has an 'any' type.
src/services/dashboard/practice-dashboard.ts(243,11): error TS2345: Argument of type 'string | undefined' is not assignable to parameter of type 'string'.
  Type 'undefined' is not assignable to type 'string'.
src/services/dashboard/practice-dashboard.ts(253,11): error TS2345: Argument of type 'unknown' is not assignable to parameter of type 'ErrorLike'.
src/services/dashboard/practice-dashboard.ts(264,41): error TS2339: Property 'widgets' does not exist on type 'RoleDashboardConfig'.
src/services/dashboard/practice-dashboard.ts(264,54): error TS7006: Parameter 'w' implicitly has an 'any' type.
src/services/dashboard/practice-dashboard.ts(266,11): error TS2322: Type 'string | undefined' is not assignable to type 'string'.
  Type 'undefined' is not assignable to type 'string'.
src/services/dashboard/practice-dashboard.ts(528,23): error TS2352: Conversion of type '{ current_quantity: number | null; minimum_quantity: number | null; products: { name: string; category: string | null; }; practice_locations: { name: string; }; }[]' to type 'StockLevelView[]' may be a mistake because neither type sufficiently overlaps with the other. If this was intentional, convert the expression to 'unknown' first.
  Type '{ current_quantity: number | null; minimum_quantity: number | null; products: { name: string; category: string | null; }; practice_locations: { name: string; }; }' is missing the following properties from type 'StockLevelView': id, practice_id, product_id, location_id, and 14 more.
src/services/dashboard/practice-dashboard.ts(645,20): error TS2769: No overload matches this call.
  Overload 1 of 4, '(value: string | number | Date): Date', gave the following error.
    Argument of type 'string | null' is not assignable to parameter of type 'string | number | Date'.
      Type 'null' is not assignable to type 'string | number | Date'.
  Overload 2 of 4, '(value: string | number): Date', gave the following error.
    Argument of type 'string | null' is not assignable to parameter of type 'string | number'.
      Type 'null' is not assignable to type 'string | number'.
src/services/dashboard/practice-dashboard.ts(701,29): error TS2769: No overload matches this call.
  Overload 1 of 4, '(value: string | number | Date): Date', gave the following error.
    Argument of type 'string | null' is not assignable to parameter of type 'string | number | Date'.
      Type 'null' is not assignable to type 'string | number | Date'.
  Overload 2 of 4, '(value: string | number): Date', gave the following error.
    Argument of type 'string | null' is not assignable to parameter of type 'string | number'.
      Type 'null' is not assignable to type 'string | number'.
src/services/dashboard/practice-dashboard.ts(702,23): error TS2538: Type 'undefined' cannot be used as an index type.
src/services/dashboard/practice-dashboard.ts(702,41): error TS2538: Type 'undefined' cannot be used as an index type.
src/services/dashboard/practice-dashboard.ts(703,23): error TS2538: Type 'undefined' cannot be used as an index type.
src/services/dashboard/practice-dashboard.ts(704,20): error TS2538: Type 'undefined' cannot be used as an index type.
src/services/dashboard/practice-dashboard.ts(705,18): error TS2538: Type 'undefined' cannot be used as an index type.
src/services/dashboard/practice-dashboard.ts(718,26): error TS2532: Object is possibly 'undefined'.
src/services/dashboard/practice-dashboard.ts(725,35): error TS2532: Object is possibly 'undefined'.
src/services/dashboard/practice-dashboard.ts(773,9): error TS2345: Argument of type 'unknown' is not assignable to parameter of type 'ErrorLike'.
src/services/dashboard/practice-dashboard.ts(1012,19): error TS2769: No overload matches this call.
  Overload 1 of 4, '(value: string | number | Date): Date', gave the following error.
    Argument of type 'string | null' is not assignable to parameter of type 'string | number | Date'.
      Type 'null' is not assignable to type 'string | number | Date'.
  Overload 2 of 4, '(value: string | number): Date', gave the following error.
    Argument of type 'string | null' is not assignable to parameter of type 'string | number'.
      Type 'null' is not assignable to type 'string | number'.
src/services/dashboard/practice-dashboard.ts(1067,19): error TS18047: 'session.products_with_variance' is possibly 'null'.
src/services/dashboard/practice-dashboard.ts(1168,54): error TS2345: Argument of type 'unknown' is not assignable to parameter of type 'LogData'.
src/services/dashboard/practice-dashboard.ts(1272,17): error TS18047: 'item.current_quantity' is possibly 'null'.
src/services/dashboard/practice-dashboard.ts(1275,28): error TS18047: 'item.current_quantity' is possibly 'null'.
src/services/dashboard/role-config.ts(14,18): error TS2395: Individual declarations in merged declaration 'RoleDashboardConfig' must be all exported or all local.
src/services/dashboard/role-config.ts(37,7): error TS2395: Individual declarations in merged declaration 'RoleDashboardConfig' must be all exported or all local.
src/services/dashboard/role-config.ts(41,7): error TS2353: Object literal may only specify known properties, and 'titleKey' does not exist in type 'Omit<RoleDashboardConfig, "role">'.
src/services/dashboard/role-config.ts(125,7): error TS2353: Object literal may only specify known properties, and 'titleKey' does not exist in type 'Omit<RoleDashboardConfig, "role">'.
src/services/dashboard/role-config.ts(209,7): error TS2353: Object literal may only specify known properties, and 'titleKey' does not exist in type 'Omit<RoleDashboardConfig, "role">'.
src/services/dashboard/role-config.ts(293,7): error TS2353: Object literal may only specify known properties, and 'titleKey' does not exist in type 'Omit<RoleDashboardConfig, "role">'.
src/services/dashboard/role-config.ts(361,7): error TS2353: Object literal may only specify known properties, and 'titleKey' does not exist in type 'Omit<RoleDashboardConfig, "role">'.
src/services/dashboard/role-config.ts(405,7): error TS2353: Object literal may only specify known properties, and 'titleKey' does not exist in type 'Omit<RoleDashboardConfig, "role">'.
src/services/dashboard/role-config.ts(433,7): error TS2353: Object literal may only specify known properties, and 'titleKey' does not exist in type 'Omit<RoleDashboardConfig, "role">'.
src/services/dashboard/role-config.ts(458,16): error TS2353: Object literal may only specify known properties, and 'role' does not exist in type 'RoleDashboardConfig'.
src/services/dashboard/role-config.ts(462,7): error TS2353: Object literal may only specify known properties, and 'role' does not exist in type 'RoleDashboardConfig'.
src/services/dashboard/role-config.ts(472,20): error TS2339: Property 'widgets' does not exist on type 'Omit<RoleDashboardConfig, "role">'.
src/services/dashboard/role-config.ts(472,32): error TS7006: Parameter 'w' implicitly has an 'any' type.
src/services/dashboard/role-config.ts(480,20): error TS2551: Property 'quickActions' does not exist on type 'Omit<RoleDashboardConfig, "role">'. Did you mean 'getQuickActions'?
src/services/dashboard/role-config.ts(499,16): error TS7053: Element implicitly has an 'any' type because expression of type 'string' can't be used to index type 'Record<UserRole, Omit<RoleDashboardConfig, "role">>'.
  No index signature with a parameter of type 'string' was found on type 'Record<UserRole, Omit<RoleDashboardConfig, "role">>'.
src/services/dashboard/role-config.ts(501,13): error TS7053: Element implicitly has an 'any' type because expression of type 'string' can't be used to index type 'Record<UserRole, Omit<RoleDashboardConfig, "role">>'.
  No index signature with a parameter of type 'string' was found on type 'Record<UserRole, Omit<RoleDashboardConfig, "role">>'.
src/services/dashboard/role-config.ts(502,14): error TS7053: Element implicitly has an 'any' type because expression of type 'string' can't be used to index type 'Record<UserRole, Omit<RoleDashboardConfig, "role">>'.
  No index signature with a parameter of type 'string' was found on type 'Record<UserRole, Omit<RoleDashboardConfig, "role">>'.
src/services/dashboard/role-config.ts(512,14): error TS2339: Property 'widgets' does not exist on type 'Omit<RoleDashboardConfig, "role">'.
src/services/dashboard/role-config.ts(512,30): error TS7006: Parameter 'widget' implicitly has an 'any' type.
src/services/dashboard/role-config.ts(524,20): error TS2339: Property 'widgets' does not exist on type 'Omit<RoleDashboardConfig, "role">'.
src/services/dashboard/role-config.ts(524,33): error TS7006: Parameter 'w' implicitly has an 'any' type.
src/services/integration/inventoryOrderIntegration.ts(61,53): error TS2769: No overload matches this call.
  Overload 1 of 2, '(values: { config?: Json; created_at?: string | null; created_by?: string | null; description?: string | null; frequency_type: string; frequency_value?: number | null; id?: string; is_active?: boolean | null; ... 9 more ...; updated_at?: string | null; }, options?: { ...; } | undefined): PostgrestFilterBuilder<...>', gave the following error.
    Object literal may only specify known properties, and 'name' does not exist in type '{ config?: Json; created_at?: string | null; created_by?: string | null; description?: string | null; frequency_type: string; frequency_value?: number | null; id?: string; is_active?: boolean | null; ... 9 more ...; updated_at?: string | null; }'.
  Overload 2 of 2, '(values: { config?: Json; created_at?: string | null; created_by?: string | null; description?: string | null; frequency_type: string; frequency_value?: number | null; id?: string; is_active?: boolean | null; ... 9 more ...; updated_at?: string | null; }[], options?: { ...; } | undefined): PostgrestFilterBuilder<...>', gave the following error.
    Object literal may only specify known properties, and 'practice_id' does not exist in type '{ config?: Json; created_at?: string | null; created_by?: string | null; description?: string | null; frequency_type: string; frequency_value?: number | null; id?: string; is_active?: boolean | null; ... 9 more ...; updated_at?: string | null; }[]'.
src/services/integration/inventoryOrderIntegration.ts(102,59): error TS2345: Argument of type 'unknown' is not assignable to parameter of type 'LogData'.
src/services/integration/inventoryOrderIntegration.ts(199,11): error TS2345: Argument of type '{ product_id: any; product_name: any; sku: any; location_id: any; location_name: any; current_stock: any; minimum_stock: any; reorder_point: any; calculated_order_quantity: any; unit_price: any; ... 7 more ...; stock_trend: string; }[]' is not assignable to parameter of type 'ReorderSuggestion[]'.
  Type '{ product_id: any; product_name: any; sku: any; location_id: any; location_name: any; current_stock: any; minimum_stock: any; reorder_point: any; calculated_order_quantity: any; unit_price: any; ... 7 more ...; stock_trend: string; }' is missing the following properties from type 'ReorderSuggestion': id, order_list_id, maximum_stock, suggested_quantity, and 6 more.
src/services/integration/inventoryOrderIntegration.ts(226,11): error TS2345: Argument of type '{ product_id: any; product_name: any; sku: any; location_id: any; location_name: any; current_stock: any; minimum_stock: any; reorder_point: any; calculated_order_quantity: any; unit_price: any; ... 7 more ...; stock_trend: string; }[]' is not assignable to parameter of type 'ReorderSuggestion[]'.
  Type '{ product_id: any; product_name: any; sku: any; location_id: any; location_name: any; current_stock: any; minimum_stock: any; reorder_point: any; calculated_order_quantity: any; unit_price: any; ... 7 more ...; stock_trend: string; }' is missing the following properties from type 'ReorderSuggestion': id, order_list_id, maximum_stock, suggested_quantity, and 6 more.
src/services/integration/inventoryOrderIntegration.ts(242,64): error TS2345: Argument of type 'unknown' is not assignable to parameter of type 'LogData'.
src/services/integration/inventoryOrderIntegration.ts(288,30): error TS2339: Property 'practice_id' does not exist on type 'SelectQueryError<"column 'order_reference' does not exist on 'supplier_orders'.">'.
src/services/integration/inventoryOrderIntegration.ts(290,40): error TS2339: Property 'order_reference' does not exist on type 'SelectQueryError<"column 'order_reference' does not exist on 'supplier_orders'.">'.
src/services/integration/inventoryOrderIntegration.ts(290,69): error TS2339: Property 'suppliers' does not exist on type 'SelectQueryError<"column 'order_reference' does not exist on 'supplier_orders'.">'.
src/services/integration/inventoryOrderIntegration.ts(290,97): error TS2339: Property 'estimated_delivery_date' does not exist on type 'SelectQueryError<"column 'order_reference' does not exist on 'supplier_orders'.">'.
src/services/integration/inventoryOrderIntegration.ts(313,63): error TS2345: Argument of type 'unknown' is not assignable to parameter of type 'LogData'.
src/services/integration/inventoryOrderIntegration.ts(360,71): error TS2345: Argument of type 'unknown' is not assignable to parameter of type 'LogData'.
src/services/inventory/automationService.ts(97,7): error TS2322: Type '{ id: string; productId: string; productName: string; sku: string; locationId: string; locationName: string; currentQuantity: number | null; minimumQuantity: number | null; reorderPoint: number | null; preferredSupplierId: string | null; urgencyLevel: "critical" | ... 2 more ... | "high"; daysOutOfStock: number | un...' is not assignable to type 'LowStockItem[]'.
  Type '{ id: string; productId: string; productName: string; sku: string; locationId: string; locationName: string; currentQuantity: number | null; minimumQuantity: number | null; reorderPoint: number | null; preferredSupplierId: string | null; urgencyLevel: "critical" | ... 2 more ... | "high"; daysOutOfStock: number | un...' is not assignable to type 'LowStockItem' with 'exactOptionalPropertyTypes: true'. Consider adding 'undefined' to the types of the target's properties.
    Types of property 'currentQuantity' are incompatible.
      Type 'number | null' is not assignable to type 'number'.
        Type 'null' is not assignable to type 'number'.
src/services/inventory/automationService.ts(99,11): error TS2345: Argument of type 'number | null' is not assignable to parameter of type 'number'.
  Type 'null' is not assignable to type 'number'.
src/services/inventory/automationService.ts(105,11): error TS18047: 'item.current_quantity' is possibly 'null'.
src/services/inventory/automationService.ts(106,44): error TS2345: Argument of type 'string | null' is not assignable to parameter of type 'string'.
  Type 'null' is not assignable to type 'string'.
src/services/inventory/automationService.ts(125,64): error TS2345: Argument of type 'unknown' is not assignable to parameter of type 'LogData'.
src/services/inventory/automationService.ts(183,70): error TS2345: Argument of type 'unknown' is not assignable to parameter of type 'LogData'.
src/services/inventory/automationService.ts(261,13): error TS2345: Argument of type 'unknown' is not assignable to parameter of type 'LogData'.
src/services/inventory/automationService.ts(274,71): error TS2345: Argument of type 'unknown' is not assignable to parameter of type 'LogData'.
src/services/inventory/automationService.ts(314,68): error TS2339: Property 'id' does not exist on type 'SelectQueryError<"column 'order_reference' does not exist on 'supplier_orders'.">'.
src/services/inventory/automationService.ts(323,29): error TS2339: Property 'id' does not exist on type 'SelectQueryError<"column 'order_reference' does not exist on 'supplier_orders'.">'.
src/services/inventory/automationService.ts(326,28): error TS2339: Property 'id' does not exist on type 'SelectQueryError<"column 'order_reference' does not exist on 'supplier_orders'.">'.
src/services/inventory/automationService.ts(334,64): error TS2339: Property 'order_reference' does not exist on type 'SelectQueryError<"column 'order_reference' does not exist on 'supplier_orders'.">'.
src/services/inventory/automationService.ts(335,29): error TS2339: Property 'suppliers' does not exist on type 'SelectQueryError<"column 'order_reference' does not exist on 'supplier_orders'.">'.
src/services/inventory/automationService.ts(339,58): error TS2339: Property 'id' does not exist on type 'SelectQueryError<"column 'order_reference' does not exist on 'supplier_orders'.">'.
src/services/inventory/automationService.ts(340,13): error TS2345: Argument of type 'unknown' is not assignable to parameter of type 'LogData'.
src/services/inventory/automationService.ts(344,28): error TS2339: Property 'id' does not exist on type 'SelectQueryError<"column 'order_reference' does not exist on 'supplier_orders'.">'.
src/services/inventory/automationService.ts(359,70): error TS2345: Argument of type 'unknown' is not assignable to parameter of type 'LogData'.
src/services/inventory/automationService.ts(412,46): error TS2345: Argument of type '"maximum_quantity"' is not assignable to parameter of type '"get_order_advice" | "calculate_next_run_time" | "calculate_order_suggestions" | "check_and_create_stock_alerts" | "check_user_permission" | "check_user_permission_v2" | ... 29 more ... | "validate_personal_magic_code"'.
src/services/inventory/automationService.ts(456,70): error TS2345: Argument of type 'unknown' is not assignable to parameter of type 'LogData'.
src/services/magento/index.ts(11,3): error TS2440: Import declaration conflicts with local declaration of 'MagentoOrder'.
src/services/magento/index.ts(12,3): error TS2440: Import declaration conflicts with local declaration of 'MagentoOrderItem'.
src/services/magento/index.ts(13,3): error TS2440: Import declaration conflicts with local declaration of 'MagentoProduct'.
src/services/magento/index.ts(14,3): error TS2440: Import declaration conflicts with local declaration of 'MagentoSearchCriteria'.
src/services/magento/index.ts(129,23): error TS2339: Property 'token' does not exist on type 'MagentoConfig'.
src/services/magento/index.ts(140,7): error TS2353: Object literal may only specify known properties, and 'storeCode' does not exist in type 'MagentoConfig'.
src/services/magento/index.ts(140,25): error TS2339: Property 'storeCode' does not exist on type 'MagentoConfig'.
src/services/magento/index.ts(149,23): error TS2304: Cannot find name '$t'.
src/services/magento/index.ts(164,48): error TS2339: Property 'token' does not exist on type 'MagentoConfig'.
src/services/magento/index.ts(166,30): error TS2339: Property 'storeCode' does not exist on type 'MagentoConfig'.
src/services/magento/index.ts(177,21): error TS2304: Cannot find name '$t'.
src/services/magento/index.ts(192,11): error TS18046: 'error' is of type 'unknown'.
src/services/magento/index.ts(193,34): error TS2304: Cannot find name '$t'.
src/services/magento/index.ts(200,22): error TS2345: Argument of type 'unknown' is not assignable to parameter of type 'ErrorLike'.
src/services/magento/index.ts(277,11): error TS2741: Property 'filterGroups' is missing in type '{}' but required in type 'MagentoSearchCriteria'.
src/services/magento/index.ts(473,52): error TS2339: Property 'token' does not exist on type 'MagentoConfig'.
src/services/magento/index.ts(517,23): error TS2304: Cannot find name '$t'.
src/services/magento/index.ts(537,7): error TS2322: Type '{ id: number; increment_id: string; status: string; created_at: string | null; updated_at: string | null; grand_total: number; items: { id: number; product_id: number; name: string; sku: string; qty_ordered: number; price: number; product_type: string; }[]; }[]' is not assignable to type 'MagentoOrder[]'.
  Type '{ id: number; increment_id: string; status: string; created_at: string | null; updated_at: string | null; grand_total: number; items: { id: number; product_id: number; name: string; sku: string; qty_ordered: number; price: number; product_type: string; }[]; }' is missing the following properties from type 'MagentoOrder': entity_id, state, customer_email, customer_firstname, and 4 more.
src/services/magento/index.ts(541,39): error TS2345: Argument of type 'string | null' is not assignable to parameter of type 'string'.
  Type 'null' is not assignable to type 'string'.
src/services/magento/index.ts(575,23): error TS2304: Cannot find name '$t'.
src/services/magento/index.ts(587,7): error TS2322: Type '{ id: number; sku: string; name: string; price: number; status: number; type_id: string; }[]' is not assignable to type 'MagentoProduct[]'.
  Type '{ id: number; sku: string; name: string; price: number; status: number; type_id: string; }' is missing the following properties from type 'MagentoProduct': visibility, weight, custom_attributes
src/services/magento/index.ts(592,29): error TS2345: Argument of type 'number | "0"' is not assignable to parameter of type 'string'.
  Type 'number' is not assignable to type 'string'.
src/services/magento/index.ts(593,27): error TS2551: Property 'is_active' does not exist on type '{ active: boolean | null; barcode: string | null; base_unit_indicator: boolean | null; brand: string | null; category: string | null; country_of_origin: string | null; created_at: string | null; ... 24 more ...; updated_at: string | null; }'. Did you mean 'active'?
src/services/magento/index.ts(611,23): error TS2304: Cannot find name '$t'.
src/services/magento/index.ts(631,7): error TS2322: Type '{ id: number; order_id: number; increment_id: string; created_at: string | null; grand_total: number; }[]' is not assignable to type 'MagentoInvoice[]'.
  Type '{ id: number; order_id: number; increment_id: string; created_at: string | null; grand_total: number; }' is missing the following properties from type 'MagentoInvoice': state, items
src/services/magicInvites.ts(2,27): error TS2307: Cannot find module '../types/supabase' or its corresponding type declarations.
src/services/magicInvites.ts(106,9): error TS2322: Type 'string | null' is not assignable to type 'string | undefined'.
  Type 'null' is not assignable to type 'string | undefined'.
src/services/magicInvites.ts(172,10): error TS2769: No overload matches this call.
  Overload 1 of 2, '(values: { ai_role_suggestions?: Json; allow_guest_mode?: boolean | null; auto_regenerate?: boolean | null; auto_upgrade_to_member?: boolean | null; color_theme?: string | null; contextual_welcome_message?: string | null; ... 29 more ...; whatsapp_link?: string | null; }, options?: { ...; } | undefined): PostgrestFilterBuilder<...>', gave the following error.
    Argument of type '{ id: string; practice_id: string; magic_code: string; emoji_sequence: string; color_theme: string; practice_avatar_seed: string; target_role: string; department: string | undefined; location_access: string[]; ... 16 more ...; conversion_rate: number; }[]' is not assignable to parameter of type '{ ai_role_suggestions?: Json; allow_guest_mode?: boolean | null; auto_regenerate?: boolean | null; auto_upgrade_to_member?: boolean | null; color_theme?: string | null; contextual_welcome_message?: string | null; ... 29 more ...; whatsapp_link?: string | null; }'.
      Type '{ id: string; practice_id: string; magic_code: string; emoji_sequence: string; color_theme: string; practice_avatar_seed: string; target_role: string; department: string | undefined; location_access: string[]; ... 16 more ...; conversion_rate: number; }[]' is missing the following properties from type '{ ai_role_suggestions?: Json; allow_guest_mode?: boolean | null; auto_regenerate?: boolean | null; auto_upgrade_to_member?: boolean | null; color_theme?: string | null; contextual_welcome_message?: string | null; ... 29 more ...; whatsapp_link?: string | null; }': emoji_sequence, magic_code, practice_id
  Overload 2 of 2, '(values: { ai_role_suggestions?: Json; allow_guest_mode?: boolean | null; auto_regenerate?: boolean | null; auto_upgrade_to_member?: boolean | null; color_theme?: string | null; contextual_welcome_message?: string | null; ... 29 more ...; whatsapp_link?: string | null; }[], options?: { ...; } | undefined): PostgrestFilterBuilder<...>', gave the following error.
    Type '{ id: string; practice_id: string; magic_code: string; emoji_sequence: string; color_theme: string; practice_avatar_seed: string; target_role: string; department: string | undefined; location_access: string[]; ... 16 more ...; conversion_rate: number; }' is not assignable to type '{ ai_role_suggestions?: Json; allow_guest_mode?: boolean | null; auto_regenerate?: boolean | null; auto_upgrade_to_member?: boolean | null; color_theme?: string | null; contextual_welcome_message?: string | null; ... 29 more ...; whatsapp_link?: string | null; }' with 'exactOptionalPropertyTypes: true'. Consider adding 'undefined' to the types of the target's properties.
      Types of property 'department' are incompatible.
        Type 'string | undefined' is not assignable to type 'string | null'.
          Type 'undefined' is not assignable to type 'string | null'.
src/services/magicInvites.ts(181,7): error TS2322: Type '{ ai_role_suggestions: Json; allow_guest_mode: boolean | null; auto_regenerate: boolean | null; auto_upgrade_to_member: boolean | null; color_theme: string | null; contextual_welcome_message: string | null; ... 29 more ...; whatsapp_link: string | null; }' is not assignable to type 'MagicInvite'.
  Types of property 'color_theme' are incompatible.
    Type 'string | null' is not assignable to type 'string'.
      Type 'null' is not assignable to type 'string'.
src/services/magicInvites.ts(184,23): error TS2304: Cannot find name '$t'.
src/services/magicInvites.ts(295,36): error TS2304: Cannot find name '$t'.
src/services/magicInvites.ts(306,24): error TS18047: 'invite.guest_session_hours' is possibly 'null'.
src/services/magicInvites.ts(310,55): error TS2345: Argument of type 'string | null' is not assignable to parameter of type 'string'.
  Type 'null' is not assignable to type 'string'.
src/services/magicInvites.ts(312,57): error TS2345: Argument of type 'string | null' is not assignable to parameter of type 'string'.
  Type 'null' is not assignable to type 'string'.
src/services/magicInvites.ts(326,10): error TS2769: No overload matches this call.
  Overload 1 of 2, '(values: { accessible_locations?: string[] | null; achievements_unlocked?: string[] | null; actions_performed?: Json; can_extend?: boolean | null; converted_to_user_id?: string | null; ... 20 more ...; user_agent?: string | null; }, options?: { ...; } | undefined): PostgrestFilterBuilder<...>', gave the following error.
    Argument of type '{ id: string; magic_invite_id: string; practice_id: string; guest_name: string; display_emoji: string; session_color: string; session_token: string; expires_at: string; is_active: boolean; can_extend: boolean; ... 11 more ...; last_activity_at: string; }[]' is not assignable to parameter of type '{ accessible_locations?: string[] | null; achievements_unlocked?: string[] | null; actions_performed?: Json; can_extend?: boolean | null; converted_to_user_id?: string | null; created_at?: string | null; ... 19 more ...; user_agent?: string | null; }'.
      Type '{ id: string; magic_invite_id: string; practice_id: string; guest_name: string; display_emoji: string; session_color: string; session_token: string; expires_at: string; is_active: boolean; can_extend: boolean; ... 11 more ...; last_activity_at: string; }[]' is missing the following properties from type '{ accessible_locations?: string[] | null; achievements_unlocked?: string[] | null; actions_performed?: Json; can_extend?: boolean | null; converted_to_user_id?: string | null; created_at?: string | null; ... 19 more ...; user_agent?: string | null; }': expires_at, guest_name, magic_invite_id, practice_id, session_token
  Overload 2 of 2, '(values: { accessible_locations?: string[] | null; achievements_unlocked?: string[] | null; actions_performed?: Json; can_extend?: boolean | null; converted_to_user_id?: string | null; ... 20 more ...; user_agent?: string | null; }[], options?: { ...; } | undefined): PostgrestFilterBuilder<...>', gave the following error.
    Type '{ id: string; magic_invite_id: string; practice_id: string; guest_name: string; display_emoji: string; session_color: string; session_token: string; expires_at: string; is_active: boolean; can_extend: boolean; ... 11 more ...; last_activity_at: string; }' is not assignable to type '{ accessible_locations?: string[] | null; achievements_unlocked?: string[] | null; actions_performed?: Json; can_extend?: boolean | null; converted_to_user_id?: string | null; created_at?: string | null; ... 19 more ...; user_agent?: string | null; }'.
      Types of property 'achievements_unlocked' are incompatible.
        Type '(string | null)[]' is not assignable to type 'string[]'.
          Type 'string | null' is not assignable to type 'string'.
            Type 'null' is not assignable to type 'string'.
src/services/magicInvites.ts(346,7): error TS2322: Type '{ accessible_locations: string[] | null; achievements_unlocked: string[] | null; actions_performed: Json; can_extend: boolean | null; converted_to_user_id: string | null; created_at: string | null; ... 19 more ...; user_agent: string | null; }' is not assignable to type 'GuestSession'.
  Types of property 'display_emoji' are incompatible.
    Type 'string | null' is not assignable to type 'string'.
      Type 'null' is not assignable to type 'string'.
src/services/magicInvites.ts(349,23): error TS2304: Cannot find name '$t'.
src/services/magicInvites.ts(396,5): error TS2322: Type 'string | undefined' is not assignable to type 'string'.
  Type 'undefined' is not assignable to type 'string'.
src/services/magicInvites.ts(465,7): error TS2322: Type '{ accessible_locations: string[] | null; achievements_unlocked: string[] | null; actions_performed: Json; can_extend: boolean | null; converted_to_user_id: string | null; created_at: string | null; ... 19 more ...; user_agent: string | null; }[]' is not assignable to type 'GuestSession[]'.
  Type '{ accessible_locations: string[] | null; achievements_unlocked: string[] | null; actions_performed: Json; can_extend: boolean | null; converted_to_user_id: string | null; created_at: string | null; ... 19 more ...; user_agent: string | null; }' is not assignable to type 'GuestSession'.
    Types of property 'display_emoji' are incompatible.
      Type 'string | null' is not assignable to type 'string'.
        Type 'null' is not assignable to type 'string'.
src/services/magicInvites.ts(491,23): error TS2304: Cannot find name '$t'.
src/services/magicInvites.ts(505,7): error TS2322: Type '{ ai_role_suggestions: Json; allow_guest_mode: boolean | null; auto_regenerate: boolean | null; auto_upgrade_to_member: boolean | null; color_theme: string | null; contextual_welcome_message: string | null; ... 29 more ...; whatsapp_link: string | null; }[]' is not assignable to type 'MagicInvite[]'.
  Type '{ ai_role_suggestions: Json; allow_guest_mode: boolean | null; auto_regenerate: boolean | null; auto_upgrade_to_member: boolean | null; color_theme: string | null; contextual_welcome_message: string | null; ... 29 more ...; whatsapp_link: string | null; }' is not assignable to type 'MagicInvite'.
    Types of property 'color_theme' are incompatible.
      Type 'string | null' is not assignable to type 'string'.
        Type 'null' is not assignable to type 'string'.
src/services/monitoring.ts(14,5): error TS2322: Type '(message: string, data?: Record<string, unknown>) => void' is not assignable to type '((message: string, data?: LogData) => void) & ((message: string, data?: Record<string, unknown> | undefined) => void)'.
  Type '(message: string, data?: Record<string, unknown>) => void' is not assignable to type '(message: string, data?: LogData) => void'.
    Types of parameters 'data' and 'data' are incompatible.
      Type 'LogData' is not assignable to type 'Record<string, unknown> | undefined'.
        Type 'null' is not assignable to type 'Record<string, unknown> | undefined'.
src/services/monitoring.ts(16,5): error TS2322: Type '(message: string, data?: Record<string, unknown>) => void' is not assignable to type '((message: string, data?: LogData) => void) & ((message: string, data?: Record<string, unknown> | undefined) => void)'.
  Type '(message: string, data?: Record<string, unknown>) => void' is not assignable to type '(message: string, data?: LogData) => void'.
    Types of parameters 'data' and 'data' are incompatible.
      Type 'LogData' is not assignable to type 'Record<string, unknown> | undefined'.
        Type 'null' is not assignable to type 'Record<string, unknown> | undefined'.
src/services/monitoring.ts(18,5): error TS2322: Type '(message: string, data?: Record<string, unknown>) => void' is not assignable to type '((message: string, error?: LogData) => void) & ((message: string, data?: Record<string, unknown> | undefined) => void)'.
  Type '(message: string, data?: Record<string, unknown>) => void' is not assignable to type '(message: string, error?: Error | LogData) => void'.
    Types of parameters 'data' and 'error' are incompatible.
      Type 'LogData' is not assignable to type 'Record<string, unknown> | undefined'.
        Type 'null' is not assignable to type 'Record<string, unknown> | undefined'.
src/services/monitoring.ts(217,37): error TS2379: Argument of type '{ router: Router | undefined; }' is not assignable to parameter of type 'Partial<BrowserTracingOptions> & { router?: VueRouter; routeLabel?: "name" | "path"; }' with 'exactOptionalPropertyTypes: true'. Consider adding 'undefined' to the types of the target's properties.
  Type '{ router: Router | undefined; }' is not assignable to type '{ router?: VueRouter; routeLabel?: "name" | "path"; }' with 'exactOptionalPropertyTypes: true'. Consider adding 'undefined' to the types of the target's properties.
    Types of property 'router' are incompatible.
      Type 'Router | undefined' is not assignable to type 'VueRouter'.
        Type 'undefined' is not assignable to type 'VueRouter'.
src/services/monitoring.ts(230,9): error TS2322: Type 'unknown[]' is not assignable to type 'Integration[] | ((integrations: Integration[]) => Integration[]) | undefined'.
  Type 'unknown[]' is not assignable to type 'Integration[]'.
    Type 'unknown' is not assignable to type 'Integration'.
src/services/notifications.ts(9,8): error TS2307: Cannot find module '@/types/supabase' or its corresponding type declarations.
src/services/notifications.ts(34,11): error TS2345: Argument of type 'ServiceWorkerRegistration' is not assignable to parameter of type 'LogData'.
  Type 'ServiceWorkerRegistration' is not assignable to type 'Record<string, unknown>'.
    Index signature for type 'string' is missing in type 'ServiceWorkerRegistration'.
src/services/notifications.ts(37,73): error TS2345: Argument of type 'unknown' is not assignable to parameter of type 'LogData'.
src/services/notifications.ts(47,23): error TS2304: Cannot find name '$t'.
src/services/notifications.ts(64,23): error TS2304: Cannot find name '$t'.
src/services/notifications.ts(83,9): error TS2345: Argument of type 'unknown' is not assignable to parameter of type 'LogData'.
src/services/notifications.ts(182,7): error TS2353: Object literal may only specify known properties, and 'actions' does not exist in type 'NotificationOptions'.
src/services/notifications.ts(430,49): error TS2339: Property 'raw' does not exist on type 'SupabaseClient<Database, "public", { Tables: { activity_log: { Row: { activity_type: string; created_at: string | null; description: string | null; id: string; new_values: Json; old_values: Json; practice_id: string | null; record_id: string | null; table_name: string | null; user_id: string | null; }; Insert: { ......'.
src/services/notifications.ts(445,59): error TS2345: Argument of type 'unknown' is not assignable to parameter of type 'LogData'.
src/services/notifications.ts(472,37): error TS2345: Argument of type 'number | undefined' is not assignable to parameter of type 'number'.
  Type 'undefined' is not assignable to type 'number'.
src/services/offline.ts(9,8): error TS2307: Cannot find module '@/types/supabase' or its corresponding type declarations.
src/services/offline.ts(164,63): error TS2345: Argument of type 'unknown' is not assignable to parameter of type 'LogData'.
src/services/offline.ts(241,65): error TS2554: Expected 1-2 arguments, but got 3.
src/services/offline.ts(284,51): error TS2345: Argument of type 'unknown' is not assignable to parameter of type 'LogData'.
src/services/offline.ts(305,25): error TS2304: Cannot find name '$t'.
src/services/offline.ts(313,43): error TS2769: No overload matches this call.
  Overload 1 of 2, '(relation: "practices" | "counting_sessions" | "practice_locations" | "products" | "magic_invites" | "permanent_users" | "orders" | "order_lists" | "suppliers" | "supplier_products" | ... 26 more ... | "user_sessions"): PostgrestQueryBuilder<...>', gave the following error.
    Argument of type 'string' is not assignable to parameter of type '"practices" | "counting_sessions" | "practice_locations" | "products" | "magic_invites" | "permanent_users" | "orders" | "order_lists" | "suppliers" | "supplier_products" | ... 26 more ... | "user_sessions"'.
  Overload 2 of 2, '(relation: "unified_stock_view" | "reorder_suggestions"): PostgrestQueryBuilder<{ Tables: { activity_log: { Row: { activity_type: string; created_at: string | null; description: string | null; id: string; ... 5 more ...; user_id: string | null; }; Insert: { ...; }; Update: { ...; }; Relationships: [...]; }; ... 35 more ...; user_sessions: { ...; }; }; Views: { ...; }; Functions: { ...; }; Enums: { ...; }; CompositeTypes: {}; }, { ...; } | { ...; }, "unified_stock_view" | "reorder_suggestions", [...] | [...]>', gave the following error.
    Argument of type 'string' is not assignable to parameter of type '"unified_stock_view" | "reorder_suggestions"'.
src/services/offline.ts(313,64): error TS2769: No overload matches this call.
  Overload 1 of 2, '(values: { activity_type: string; created_at?: string | null; description?: string | null; id?: string; new_values?: Json; old_values?: Json; practice_id?: string | null; record_id?: string | null; table_name?: string | null; user_id?: string | null; } | ... 35 more ... | { ...; }, options?: { ...; } | undefined): PostgrestFilterBuilder<...>', gave the following error.
    Argument of type 'Record<string, unknown>' is not assignable to parameter of type '{ activity_type: string; created_at?: string | null; description?: string | null; id?: string; new_values?: Json; old_values?: Json; practice_id?: string | null; record_id?: string | null; table_name?: string | null; user_id?: string | null; } | ... 35 more ... | { ...; }'.
      Type 'Record<string, unknown>' is missing the following properties from type '{ ai_role_suggestions?: Json; allow_guest_mode?: boolean | null; auto_regenerate?: boolean | null; auto_upgrade_to_member?: boolean | null; color_theme?: string | null; contextual_welcome_message?: string | null; ... 29 more ...; whatsapp_link?: string | null; }': emoji_sequence, magic_code, practice_id
  Overload 2 of 2, '(values: ({ activity_type: string; created_at?: string | null; description?: string | null; id?: string; new_values?: Json; old_values?: Json; practice_id?: string | null; record_id?: string | null; table_name?: string | null; user_id?: string | null; } | ... 35 more ... | { ...; })[], options?: { ...; } | undefined): PostgrestFilterBuilder<...>', gave the following error.
    Argument of type 'Record<string, unknown>' is not assignable to parameter of type '({ activity_type: string; created_at?: string | null; description?: string | null; id?: string; new_values?: Json; old_values?: Json; practice_id?: string | null; record_id?: string | null; table_name?: string | null; user_id?: string | null; } | ... 35 more ... | { ...; })[]'.
      Type 'Record<string, unknown>' is missing the following properties from type '({ activity_type: string; created_at?: string | null; description?: string | null; id?: string; new_values?: Json; old_values?: Json; practice_id?: string | null; record_id?: string | null; table_name?: string | null; user_id?: string | null; } | ... 35 more ... | { ...; })[]': length, pop, push, concat, and 29 more.
src/services/offline.ts(316,23): error TS2304: Cannot find name '$t'.
src/services/offline.ts(327,13): error TS2769: No overload matches this call.
  Overload 1 of 2, '(relation: "practices" | "counting_sessions" | "practice_locations" | "products" | "magic_invites" | "permanent_users" | "orders" | "order_lists" | "suppliers" | "supplier_products" | ... 26 more ... | "user_sessions"): PostgrestQueryBuilder<...>', gave the following error.
    Argument of type 'string' is not assignable to parameter of type '"practices" | "counting_sessions" | "practice_locations" | "products" | "magic_invites" | "permanent_users" | "orders" | "order_lists" | "suppliers" | "supplier_products" | ... 26 more ... | "user_sessions"'.
  Overload 2 of 2, '(relation: "unified_stock_view" | "reorder_suggestions"): PostgrestQueryBuilder<{ Tables: { activity_log: { Row: { activity_type: string; created_at: string | null; description: string | null; id: string; ... 5 more ...; user_id: string | null; }; Insert: { ...; }; Update: { ...; }; Relationships: [...]; }; ... 35 more ...; user_sessions: { ...; }; }; Views: { ...; }; Functions: { ...; }; Enums: { ...; }; CompositeTypes: {}; }, { ...; } | { ...; }, "unified_stock_view" | "reorder_suggestions", [...] | [...]>', gave the following error.
    Argument of type 'string' is not assignable to parameter of type '"unified_stock_view" | "reorder_suggestions"'.
src/services/offline.ts(329,17): error TS2345: Argument of type 'unknown' is not assignable to parameter of type '{}'.
src/services/offline.ts(332,23): error TS2304: Cannot find name '$t'.
src/services/offline.ts(341,13): error TS2769: No overload matches this call.
  Overload 1 of 2, '(relation: "practices" | "counting_sessions" | "practice_locations" | "products" | "magic_invites" | "permanent_users" | "orders" | "order_lists" | "suppliers" | "supplier_products" | ... 26 more ... | "user_sessions"): PostgrestQueryBuilder<...>', gave the following error.
    Argument of type 'string' is not assignable to parameter of type '"practices" | "counting_sessions" | "practice_locations" | "products" | "magic_invites" | "permanent_users" | "orders" | "order_lists" | "suppliers" | "supplier_products" | ... 26 more ... | "user_sessions"'.
  Overload 2 of 2, '(relation: "unified_stock_view" | "reorder_suggestions"): PostgrestQueryBuilder<{ Tables: { activity_log: { Row: { activity_type: string; created_at: string | null; description: string | null; id: string; ... 5 more ...; user_id: string | null; }; Insert: { ...; }; Update: { ...; }; Relationships: [...]; }; ... 35 more ...; user_sessions: { ...; }; }; Views: { ...; }; Functions: { ...; }; Enums: { ...; }; CompositeTypes: {}; }, { ...; } | { ...; }, "unified_stock_view" | "reorder_suggestions", [...] | [...]>', gave the following error.
    Argument of type 'string' is not assignable to parameter of type '"unified_stock_view" | "reorder_suggestions"'.
src/services/offline.ts(343,17): error TS2345: Argument of type 'unknown' is not assignable to parameter of type '{}'.
src/services/offline.ts(346,23): error TS2304: Cannot find name '$t'.
src/services/offline.ts(388,7): error TS18046: 'existingItem.quantity' is of type 'unknown'.
src/services/offline.ts(428,59): error TS2345: Argument of type 'unknown' is not assignable to parameter of type 'LogData'.
src/services/offline.ts(446,59): error TS2345: Argument of type 'unknown' is not assignable to parameter of type 'LogData'.
src/services/offline.ts(465,62): error TS2345: Argument of type 'unknown' is not assignable to parameter of type 'LogData'.
src/services/offline.ts(483,62): error TS2345: Argument of type 'unknown' is not assignable to parameter of type 'LogData'.
src/services/offline.ts(543,23): error TS2304: Cannot find name '$t'.
src/services/offline/action-queue.ts(138,31): error TS2304: Cannot find name '$t'.
src/services/offline/action-queue.ts(166,9): error TS2345: Argument of type 'unknown' is not assignable to parameter of type 'ErrorLike'.
src/services/offline/action-queue.ts(216,21): error TS2304: Cannot find name '$t'.
src/services/offline/data-sync.ts(11,8): error TS2307: Cannot find module 'src/types/supabase' or its corresponding type declarations.
src/services/offline/data-sync.ts(83,23): error TS2304: Cannot find name '$t'.
src/services/offline/index.ts(108,23): error TS2304: Cannot find name '$t'.
src/services/offline/index.ts(136,23): error TS2304: Cannot find name '$t'.
src/services/offline/index.ts(140,23): error TS2304: Cannot find name '$t'.
src/services/offline/index.ts(173,23): error TS2304: Cannot find name '$t'.
src/services/offline/network-monitor.ts(100,9): error TS2769: No overload matches this call.
  Overload 1 of 2, '(input: string | URL | Request, init?: RequestInit | undefined): Promise<Response>', gave the following error.
    Object literal may only specify known properties, and 'timeout' does not exist in type 'RequestInit'.
  Overload 2 of 2, '(input: URL | RequestInfo, init?: RequestInit | undefined): Promise<Response>', gave the following error.
    Object literal may only specify known properties, and 'timeout' does not exist in type 'RequestInit'.
src/services/offline/network-monitor.ts(109,11): error TS2769: No overload matches this call.
  Overload 1 of 2, '(input: string | URL | Request, init?: RequestInit | undefined): Promise<Response>', gave the following error.
    Object literal may only specify known properties, and 'timeout' does not exist in type 'RequestInit'.
  Overload 2 of 2, '(input: URL | RequestInfo, init?: RequestInit | undefined): Promise<Response>', gave the following error.
    Object literal may only specify known properties, and 'timeout' does not exist in type 'RequestInit'.
src/services/orderOrchestration/centralOrderService.ts(99,68): error TS2339: Property 'unit_price' does not exist on type 'ReorderSuggestion'.
src/services/orderOrchestration/centralOrderService.ts(117,64): error TS2345: Argument of type 'unknown' is not assignable to parameter of type 'LogData'.
src/services/orderOrchestration/centralOrderService.ts(156,37): error TS2339: Property 'total_value' does not exist on type 'SupplierOrder'.
src/services/orderOrchestration/centralOrderService.ts(179,65): error TS2345: Argument of type 'unknown' is not assignable to parameter of type 'LogData'.
src/services/orderOrchestration/centralOrderService.ts(197,13): error TS2367: This comparison appears to be unintentional because the types '"pending" | "success" | "failed"' and '"sent"' have no overlap.
src/services/orderOrchestration/centralOrderService.ts(197,41): error TS2367: This comparison appears to be unintentional because the types '"pending" | "success" | "failed"' and '"confirmed"' have no overlap.
src/services/orderOrchestration/centralOrderService.ts(217,63): error TS2345: Argument of type 'unknown' is not assignable to parameter of type 'LogData'.
src/services/orderOrchestration/centralOrderService.ts(246,24): error TS2339: Property 'id' does not exist on type 'SelectQueryError<"column 'order_reference' does not exist on 'supplier_orders'.">'.
src/services/orderOrchestration/centralOrderService.ts(247,32): error TS2339: Property 'id' does not exist on type 'SelectQueryError<"column 'order_reference' does not exist on 'supplier_orders'.">'.
src/services/orderOrchestration/centralOrderService.ts(248,27): error TS2339: Property 'suppliers' does not exist on type 'SelectQueryError<"column 'order_reference' does not exist on 'supplier_orders'.">'.
src/services/orderOrchestration/centralOrderService.ts(249,29): error TS2339: Property 'suppliers' does not exist on type 'SelectQueryError<"column 'order_reference' does not exist on 'supplier_orders'.">'.
src/services/orderOrchestration/centralOrderService.ts(250,23): error TS2339: Property 'status' does not exist on type 'SelectQueryError<"column 'order_reference' does not exist on 'supplier_orders'.">'.
src/services/orderOrchestration/centralOrderService.ts(251,31): error TS2339: Property 'order_reference' does not exist on type 'SelectQueryError<"column 'order_reference' does not exist on 'supplier_orders'.">'.
src/services/orderOrchestration/centralOrderService.ts(252,31): error TS2339: Property 'tracking_number' does not exist on type 'SelectQueryError<"column 'order_reference' does not exist on 'supplier_orders'.">'.
src/services/orderOrchestration/centralOrderService.ts(253,34): error TS2339: Property 'estimated_delivery_date' does not exist on type 'SelectQueryError<"column 'order_reference' does not exist on 'supplier_orders'.">'.
src/services/orderOrchestration/centralOrderService.ts(254,31): error TS2339: Property 'actual_delivery_date' does not exist on type 'SelectQueryError<"column 'order_reference' does not exist on 'supplier_orders'.">'.
src/services/orderOrchestration/centralOrderService.ts(255,28): error TS2339: Property 'updated_at' does not exist on type 'SelectQueryError<"column 'order_reference' does not exist on 'supplier_orders'.">'.
src/services/orderOrchestration/centralOrderService.ts(258,57): error TS2345: Argument of type 'unknown' is not assignable to parameter of type 'LogData'.
src/services/orderOrchestration/centralOrderService.ts(272,15): error TS2769: No overload matches this call.
  Overload 1 of 2, '(relation: "practices" | "counting_sessions" | "practice_locations" | "products" | "magic_invites" | "permanent_users" | "orders" | "order_lists" | "suppliers" | "supplier_products" | ... 26 more ... | "user_sessions"): PostgrestQueryBuilder<...>', gave the following error.
    Argument of type '"supplier_order_items"' is not assignable to parameter of type '"practices" | "counting_sessions" | "practice_locations" | "products" | "magic_invites" | "permanent_users" | "orders" | "order_lists" | "suppliers" | "supplier_products" | ... 26 more ... | "user_sessions"'.
  Overload 2 of 2, '(relation: "unified_stock_view" | "reorder_suggestions"): PostgrestQueryBuilder<{ Tables: { activity_log: { Row: { activity_type: string; created_at: string | null; description: string | null; id: string; ... 5 more ...; user_id: string | null; }; Insert: { ...; }; Update: { ...; }; Relationships: [...]; }; ... 35 more ...; user_sessions: { ...; }; }; Views: { ...; }; Functions: { ...; }; Enums: { ...; }; CompositeTypes: {}; }, { ...; } | { ...; }, "unified_stock_view" | "reorder_suggestions", [...] | [...]>', gave the following error.
    Argument of type '"supplier_order_items"' is not assignable to parameter of type '"unified_stock_view" | "reorder_suggestions"'.
src/services/orderOrchestration/centralOrderService.ts(285,43): error TS2339: Property 'data' does not exist on type '(SelectQueryError<"column 'product_id' does not exist on 'practices'."> | SelectQueryError<"column 'product_id' does not exist on 'counting_sessions'."> | ... 34 more ... | SelectQueryError<...>)[]'.
src/services/orderOrchestration/centralOrderService.ts(291,9): error TS2345: Argument of type '{ value: any; }' is not assignable to parameter of type 'Ref<string | null, string | null>'.
  Property '[RefSymbol]' is missing in type '{ value: any; }' but required in type 'Ref<string | null, string | null>'.
src/services/orderOrchestration/centralOrderService.ts(291,64): error TS2304: Cannot find name 'practiceId'.
src/services/orderOrchestration/centralOrderService.ts(317,11): error TS2322: Type 'null' is not assignable to type 'string'.
src/services/orderOrchestration/centralOrderService.ts(318,11): error TS2322: Type 'null' is not assignable to type 'string'.
src/services/orderOrchestration/centralOrderService.ts(324,24): error TS7006: Parameter 'item' implicitly has an 'any' type.
src/services/orderOrchestration/centralOrderService.ts(348,65): error TS2345: Argument of type 'unknown' is not assignable to parameter of type 'LogData'.
src/services/orderOrchestration/centralOrderService.ts(358,14): error TS2304: Cannot find name 'LowStockItem'.
src/services/orderOrchestration/centralOrderService.ts(375,44): error TS2345: Argument of type '"minimum_quantity"' is not assignable to parameter of type '"get_order_advice" | "calculate_next_run_time" | "calculate_order_suggestions" | "check_and_create_stock_alerts" | "check_user_permission" | "check_user_permission_v2" | ... 29 more ... | "validate_personal_magic_code"'.
src/services/orderOrchestration/centralOrderService.ts(384,28): error TS2304: Cannot find name 'LowStockItem'.
src/services/orderOrchestration/centralOrderService.ts(388,20): error TS2304: Cannot find name 'LowStockItem'.
src/services/orderOrchestration/centralOrderService.ts(390,5): error TS2322: Type '{ product_id: any; product_name: any; sku: any; location_id: any; location_name: any; current_stock: any; minimum_stock: any; reorder_point: any; calculated_order_quantity: number; unit_price: any; ... 7 more ...; stock_trend: string; }[]' is not assignable to type 'ReorderSuggestion[]'.
  Type '{ product_id: any; product_name: any; sku: any; location_id: any; location_name: any; current_stock: any; minimum_stock: any; reorder_point: any; calculated_order_quantity: number; unit_price: any; ... 7 more ...; stock_trend: string; }' is missing the following properties from type 'ReorderSuggestion': id, order_list_id, maximum_stock, suggested_quantity, and 6 more.
src/services/orderOrchestration/centralOrderService.ts(427,8): error TS2769: No overload matches this call.
  Overload 1 of 2, '(values: { auto_reorder_enabled?: boolean | null; created_at?: string | null; created_by?: string | null; description?: string | null; id?: string; is_template?: boolean | null; last_auto_check?: string | null; ... 14 more ...; updated_at?: string | null; }, options?: { ...; } | undefined): PostgrestFilterBuilder<...>', gave the following error.
    Object literal may only specify known properties, and 'estimated_total' does not exist in type '{ auto_reorder_enabled?: boolean | null; created_at?: string | null; created_by?: string | null; description?: string | null; id?: string; is_template?: boolean | null; last_auto_check?: string | null; ... 14 more ...; updated_at?: string | null; }'.
  Overload 2 of 2, '(values: { auto_reorder_enabled?: boolean | null; created_at?: string | null; created_by?: string | null; description?: string | null; id?: string; is_template?: boolean | null; last_auto_check?: string | null; ... 14 more ...; updated_at?: string | null; }[], options?: { ...; } | undefined): PostgrestFilterBuilder<...>', gave the following error.
    Object literal may only specify known properties, and 'practice_id' does not exist in type '{ auto_reorder_enabled?: boolean | null; created_at?: string | null; created_by?: string | null; description?: string | null; id?: string; is_template?: boolean | null; last_auto_check?: string | null; ... 14 more ...; updated_at?: string | null; }[]'.
src/services/orderOrchestration/centralOrderService.ts(434,70): error TS2339: Property 'unit_price' does not exist on type 'ReorderSuggestion'.
src/services/orderOrchestration/centralOrderService.ts(452,27): error TS2339: Property 'unit_price' does not exist on type 'ReorderSuggestion'.
src/services/orderOrchestration/centralOrderService.ts(453,21): error TS2367: This comparison appears to be unintentional because the types 'UrgencyLevel' and '"urgent"' have no overlap.
src/services/orderOrchestration/centralOrderService.ts(463,29): error TS2339: Property 'estimated_total' does not exist on type '{ auto_reorder_enabled: boolean | null; created_at: string | null; created_by: string | null; description: string | null; id: string; is_template: boolean | null; last_auto_check: string | null; ... 14 more ...; updated_at: string | null; }'.
src/services/orderOrchestration/centralOrderService.ts(479,9): error TS2769: No overload matches this call.
  Overload 2 of 2, '(values: { created_at?: string | null; created_by?: string | null; currency?: string | null; delivery_confirmed_at?: string | null; delivery_expected?: string | null; failure_reason?: string | null; ... 12 more ...; updated_at?: string | null; }[], options?: { ...; } | undefined): PostgrestFilterBuilder<...>', gave the following error.
    Object literal may only specify known properties, and 'supplier_id' does not exist in type '{ created_at?: string | null; created_by?: string | null; currency?: string | null; delivery_confirmed_at?: string | null; delivery_expected?: string | null; failure_reason?: string | null; ... 12 more ...; updated_at?: string | null; }[]'.
src/services/orderOrchestration/centralOrderService.ts(479,22): error TS18048: 'order' is possibly 'undefined'.
src/services/orderOrchestration/centralOrderService.ts(481,22): error TS18048: 'order' is possibly 'undefined'.
src/services/orderOrchestration/centralOrderService.ts(482,18): error TS18048: 'result' is possibly 'undefined'.
src/services/orderOrchestration/centralOrderService.ts(483,28): error TS18048: 'order' is possibly 'undefined'.
src/services/orderOrchestration/centralOrderService.ts(484,22): error TS18048: 'order' is possibly 'undefined'.
src/services/orderOrchestration/centralOrderService.ts(485,22): error TS18048: 'order' is possibly 'undefined'.
src/services/orderOrchestration/centralOrderService.ts(485,28): error TS2339: Property 'total_value' does not exist on type 'SupplierOrder'.
src/services/orderOrchestration/centralOrderService.ts(487,19): error TS18048: 'result' is possibly 'undefined'.
src/services/orderOrchestration/centralOrderService.ts(488,28): error TS18048: 'result' is possibly 'undefined'.
src/services/orderOrchestration/centralOrderService.ts(489,26): error TS18048: 'result' is possibly 'undefined'.
src/services/orderOrchestration/centralOrderService.ts(490,18): error TS18048: 'result' is possibly 'undefined'.
src/services/orderOrchestration/centralOrderService.ts(492,17): error TS18048: 'result' is possibly 'undefined'.
src/services/orderOrchestration/centralOrderService.ts(493,24): error TS18048: 'result' is possibly 'undefined'.
src/services/orderOrchestration/centralOrderService.ts(511,30): error TS2365: Operator '+' cannot be applied to types 'PostgrestFilterBuilder<{ Tables: { activity_log: { Row: { activity_type: string; created_at: string | null; description: string | null; id: string; new_values: Json; old_values: Json; practice_id: string | null; record_id: string | null; table_name: string | null; user_id: string | null; }; Insert: { ...; }; Update:...' and 'number'.
src/services/orderOrchestration/centralOrderService.ts(511,43): error TS2345: Argument of type '"reserved_quantity"' is not assignable to parameter of type '"get_order_advice" | "calculate_next_run_time" | "calculate_order_suggestions" | "check_and_create_stock_alerts" | "check_user_permission" | "check_user_permission_v2" | ... 29 more ... | "validate_personal_magic_code"'.
src/services/orderOrchestration/centralOrderService.ts(534,22): error TS2304: Cannot find name 'supplierOrders'.
src/services/orderOrchestration/centralOrderService.ts(534,37): error TS2304: Cannot find name 'i'.
src/services/orderProcessing.ts(12,8): error TS2307: Cannot find module '@/types/supabase' or its corresponding type declarations.
src/services/orderProcessing.ts(25,23): error TS2304: Cannot find name '$t'.
src/services/orderProcessing.ts(44,23): error TS2304: Cannot find name '$t'.
src/services/orderProcessing.ts(50,9): error TS2322: Type 'string' is not assignable to type 'never'.
src/services/orderProcessing.ts(54,23): error TS2304: Cannot find name '$t'.
src/services/orderProcessing.ts(74,23): error TS2304: Cannot find name '$t'.
src/services/orderProcessing.ts(95,25): error TS2304: Cannot find name '$t'.
src/services/orderProcessing.ts(121,23): error TS2304: Cannot find name '$t'.
src/services/orderProcessing.ts(155,23): error TS2304: Cannot find name '$t'.
src/services/orderProcessing.ts(183,23): error TS2304: Cannot find name '$t'.
src/services/orderProcessing.ts(195,23): error TS2304: Cannot find name '$t'.
src/services/orderProcessing.ts(209,30): error TS7006: Parameter 'item' implicitly has an 'any' type.
src/services/orderProcessing.ts(221,22): error TS7006: Parameter 'row' implicitly has an 'any' type.
src/services/orderProcessing.ts(221,37): error TS7006: Parameter 'field' implicitly has an 'any' type.
src/services/orderProcessing.ts(252,35): error TS7006: Parameter 'item' implicitly has an 'any' type.
src/services/orderProcessing.ts(302,23): error TS2304: Cannot find name '$t'.
src/services/orderProcessing.ts(316,11): error TS7006: Parameter 'item' implicitly has an 'any' type.
src/services/orderProcessing.ts(407,23): error TS2304: Cannot find name '$t'.
src/services/orderProcessing.ts(432,23): error TS2304: Cannot find name '$t'.
src/services/orderProcessing.ts(439,32): error TS7006: Parameter 'item' implicitly has an 'any' type.
src/services/permanentUsers.ts(8,8): error TS2307: Cannot find module 'src/types/supabase' or its corresponding type declarations.
src/services/permanentUsers.ts(221,20): error TS2339: Property 'createDeviceToken' does not exist on type 'typeof PermanentUserService'.
src/services/permissions.ts(182,9): error TS2322: Type 'string | null' is not assignable to type 'string | undefined'.
  Type 'null' is not assignable to type 'string | undefined'.
src/services/stockMovements.ts(67,40): error TS2375: Type '{ practice_id: string; location_id: string; product_id: string; movement_type: MovementType; quantity_change: number; quantity_before: number; quantity_after: number; reference_type: string | null; ... 6 more ...; created_at: string; }' is not assignable to type '{ batch_id?: string | null; batch_number?: string | null; created_at?: string | null; created_by?: string | null; expiry_date?: string | null; id?: string; location_id: string; movement_type: string; ... 8 more ...; reference_type?: string | null; }' with 'exactOptionalPropertyTypes: true'. Consider adding 'undefined' to the types of the target's properties.
  Types of property 'batch_number' are incompatible.
    Type 'string | undefined' is not assignable to type 'string | null'.
      Type 'undefined' is not assignable to type 'string | null'.
src/services/supabase.ts(206,7): error TS2322: Type '"owner" | "manager" | "assistant" | "logistics" | "member" | "guest" | "platform_owner" | null' is not assignable to type '"owner" | "manager" | "assistant" | "logistics" | "member" | "guest" | "platform_owner"'.
  Type 'null' is not assignable to type '"owner" | "manager" | "assistant" | "logistics" | "member" | "guest" | "platform_owner"'.
src/services/supplierAgnostic/multiSupplierOrderListService.ts(391,49): error TS2339: Property 'supplier_product' does not exist on type '{ minimum_stock: number | null; maximum_stock: number | null; current_stock: number | null; unit_price: number | null; lead_time_days: number | null; suppliers: { id: string; name: string; } | null; }'.
src/services/supplierAgnostic/multiSupplierOrderListService.ts(420,42): error TS2339: Property 'supplier_product' does not exist on type '{ minimum_stock: number | null; maximum_stock: number | null; current_stock: number | null; unit_price: number | null; lead_time_days: number | null; suppliers: { id: string; name: string; } | null; }'.
src/services/supplierAgnostic/multiSupplierOrderListService.ts(576,45): error TS2339: Property 'name' does not exist on type 'SelectQueryError<"column 'lead_time_days' does not exist on 'suppliers'.">'.
src/services/supplierAgnostic/multiSupplierOrderListService.ts(658,55): error TS2379: Argument of type '{ practice_id: string; name: string; description: string | undefined; location_id: string; auto_reorder_enabled: boolean; }' is not assignable to parameter of type '{ practice_id: string; name: string; description?: string; location_id: string; auto_reorder_enabled?: boolean; }' with 'exactOptionalPropertyTypes: true'. Consider adding 'undefined' to the types of the target's properties.
  Types of property 'description' are incompatible.
    Type 'string | undefined' is not assignable to type 'string'.
      Type 'undefined' is not assignable to type 'string'.
src/stores/batch.ts(28,27): error TS2304: Cannot find name 'FifoBatch'.
src/stores/batch.ts(42,12): error TS2589: Type instantiation is excessively deep and possibly infinite.
src/stores/batch.ts(167,11): error TS2412: Type '"warning" | "normal" | "critical" | "expired" | "low" | "high" | undefined' is not assignable to type 'ExpiryUrgencyLevel | undefined' with 'exactOptionalPropertyTypes: true'. Consider adding 'undefined' to the type of the target.
src/stores/batch.ts(247,7): error TS2322: Type '{ batch_id: string; batch_number: string; current_quantity: number; days_until_expiry: number; expiry_date: string; location_id: string; location_name: string; product_id: string; product_name: string; product_sku: string; urgency_level: string; }[]' is not assignable to type 'ExpiringBatch[] | { batch_id: string; product_id: string; product_name: string; product_sku: string; location_id: string; location_name: string; batch_number: string; expiry_date: string; current_quantity: number; days_until_expiry: number; urgency_level: "warning" | ... 2 more ... | "expired"; }[]'.
  Type '{ batch_id: string; batch_number: string; current_quantity: number; days_until_expiry: number; expiry_date: string; location_id: string; location_name: string; product_id: string; product_name: string; product_sku: string; urgency_level: string; }[]' is not assignable to type 'ExpiringBatch[]'.
    Type '{ batch_id: string; batch_number: string; current_quantity: number; days_until_expiry: number; expiry_date: string; location_id: string; location_name: string; product_id: string; product_name: string; product_sku: string; urgency_level: string; }' is not assignable to type 'ExpiringBatch'.
      Types of property 'urgency_level' are incompatible.
        Type 'string' is not assignable to type '"warning" | "normal" | "critical" | "expired"'.
src/stores/batch.ts(292,23): error TS2304: Cannot find name 'FifoBatch'.
src/stores/batch.ts(344,9): error TS2322: Type 'string | null' is not assignable to type 'string'.
  Type 'null' is not assignable to type 'string'.
src/stores/batch.ts(401,25): error TS2339: Property 'product' does not exist on type '{ available_quantity: number | null; batch_number: string; created_at: string | null; created_by: string | null; currency: string | null; current_quantity: number; expiry_date: string; ... 17 more ...; updated_at: string | null; }'.
src/stores/batch.ts(402,26): error TS2339: Property 'location' does not exist on type '{ available_quantity: number | null; batch_number: string; created_at: string | null; created_by: string | null; currency: string | null; current_quantity: number; expiry_date: string; ... 17 more ...; updated_at: string | null; }'.
src/stores/batch.ts(403,26): error TS2339: Property 'supplier' does not exist on type '{ available_quantity: number | null; batch_number: string; created_at: string | null; created_by: string | null; currency: string | null; current_quantity: number; expiry_date: string; ... 17 more ...; updated_at: string | null; }'.
src/stores/batch.ts(414,11): error TS2412: Type '"warning" | "normal" | "critical" | "expired" | "low" | "high" | undefined' is not assignable to type 'ExpiryUrgencyLevel | undefined' with 'exactOptionalPropertyTypes: true'. Consider adding 'undefined' to the type of the target.
src/stores/batch.ts(661,7): error TS2448: Block-scoped variable 'error' used before its declaration.
src/stores/batch.ts(661,7): error TS2454: Variable 'error' is used before being assigned.
src/stores/batch.ts(661,7): error TS18047: 'error' is possibly 'null'.
src/stores/batch.ts(661,13): error TS2339: Property 'value' does not exist on type 'PostgrestError'.
src/stores/clinic.ts(20,29): error TS2769: No overload matches this call.
  Overload 1 of 2, '(getter: ComputedGetter<{ access_code: string | null; address: string | null; allows_negative_stock: boolean | null; code: string; created_at: string | null; created_by: string | null; description: string | null; ... 12 more ...; updated_by: string | null; }[]>, debugOptions?: DebuggerOptions | undefined): ComputedRef<...>', gave the following error.
    Type '{ id: string; name: string; code: string; practice_id: string; description: string | null; location_type: string | null; address: string | null; floor_level: string | null; room_number: string | null; ... 9 more ...; updated_by: string | null; }[]' is not assignable to type '{ access_code: string | null; address: string | null; allows_negative_stock: boolean | null; code: string; created_at: string | null; created_by: string | null; description: string | null; ... 12 more ...; updated_by: string | null; }[]'.
      Property 'is_active' is missing in type '{ id: string; name: string; code: string; practice_id: string; description: string | null; location_type: string | null; address: string | null; floor_level: string | null; room_number: string | null; ... 9 more ...; updated_by: string | null; }' but required in type '{ access_code: string | null; address: string | null; allows_negative_stock: boolean | null; code: string; created_at: string | null; created_by: string | null; description: string | null; ... 12 more ...; updated_by: string | null; }'.
  Overload 2 of 2, '(options: WritableComputedOptions<{ access_code: string | null; address: string | null; allows_negative_stock: boolean | null; code: string; created_at: string | null; created_by: string | null; description: string | null; ... 12 more ...; updated_by: string | null; }[], { ...; }[]>, debugOptions?: DebuggerOptions | undefined): WritableComputedRef<...>', gave the following error.
    Argument of type '() => { id: string; name: string; code: string; practice_id: string; description: string | null; location_type: string | null; address: string | null; floor_level: string | null; room_number: string | null; ... 9 more ...; updated_by: string | null; }[]' is not assignable to parameter of type 'WritableComputedOptions<{ access_code: string | null; address: string | null; allows_negative_stock: boolean | null; code: string; created_at: string | null; created_by: string | null; description: string | null; ... 12 more ...; updated_by: string | null; }[], { ...; }[]>'.
src/stores/counting.ts(181,7): error TS2322: Type '{ id: string; name: string; sku: string; current_system_quantity: number; location_name: string; category: string | undefined; brand: string | undefined; unit: string | undefined; image_url: string | undefined; last_counted_at: string | undefined; }[]' is not assignable to type 'CountingProduct[] | { id: string; name: string; sku: string; category?: string; brand?: string; unit?: string; current_system_quantity: number; last_counted_at?: string; location_name: string; barcode?: string; image_url?: string; }[]'.
  Type '{ id: string; name: string; sku: string; current_system_quantity: number; location_name: string; category: string | undefined; brand: string | undefined; unit: string | undefined; image_url: string | undefined; last_counted_at: string | undefined; }[]' is not assignable to type 'CountingProduct[]'.
    Type '{ id: string; name: string; sku: string; current_system_quantity: number; location_name: string; category: string | undefined; brand: string | undefined; unit: string | undefined; image_url: string | undefined; last_counted_at: string | undefined; }' is not assignable to type 'CountingProduct' with 'exactOptionalPropertyTypes: true'. Consider adding 'undefined' to the types of the target's properties.
      Types of property 'category' are incompatible.
        Type 'string | undefined' is not assignable to type 'string'.
          Type 'undefined' is not assignable to type 'string'.
src/stores/counting.ts(192,9): error TS1360: Type '{ id: string; name: string; sku: string; current_system_quantity: number; location_name: string; category: string | undefined; brand: string | undefined; unit: string | undefined; image_url: string | undefined; last_counted_at: string | undefined; }' does not satisfy the expected type 'CountingProduct'.
  Types of property 'category' are incompatible.
    Type 'string | undefined' is not assignable to type 'string'.
      Type 'undefined' is not assignable to type 'string'.
src/stores/inventory/inventory-realtime.ts(56,40): error TS2345: Argument of type '{ topic: string; params: { config: { broadcast?: { self?: boolean; ack?: boolean; }; presence?: { key?: string; }; private?: boolean; }; }; socket: { accessTokenValue: string | null; apiKey: string | null; channels: ...[]; ... 40 more ...; flushSendBuffer: () => void; }; ... 19 more ...; teardown: () => void; }' is not assignable to parameter of type 'RealtimeChannel'.
  Types of property 'socket' are incompatible.
    Property '_workerObjectUrl' is missing in type '{ accessTokenValue: string | null; apiKey: string | null; channels: { topic: string; params: { config: { broadcast?: { self?: boolean; ack?: boolean; }; presence?: { key?: string; }; private?: boolean; }; }; ... 20 more ...; teardown: () => void; }[]; ... 40 more ...; flushSendBuffer: () => void; }' but required in type 'RealtimeClient'.
src/stores/inventory/inventory-realtime.ts(86,41): error TS2345: Argument of type '{ topic: string; params: { config: { broadcast?: { self?: boolean; ack?: boolean; }; presence?: { key?: string; }; private?: boolean; }; }; socket: { accessTokenValue: string | null; apiKey: string | null; channels: ...[]; ... 40 more ...; flushSendBuffer: () => void; }; ... 19 more ...; teardown: () => void; }' is not assignable to parameter of type 'RealtimeChannel'.
  Types of property 'socket' are incompatible.
    Property '_workerObjectUrl' is missing in type '{ accessTokenValue: string | null; apiKey: string | null; channels: { topic: string; params: { config: { broadcast?: { self?: boolean; ack?: boolean; }; presence?: { key?: string; }; private?: boolean; }; }; ... 20 more ...; teardown: () => void; }[]; ... 40 more ...; flushSendBuffer: () => void; }' but required in type 'RealtimeClient'.
src/stores/orderLists/orderLists-minmax.ts(145,43): error TS2339: Property 'lead_time_days' does not exist on type '{ id: string; order_list_id: string; product_id: string; current_stock: number; minimum_stock: number; maximum_stock: number; reorder_point: number; suggested_quantity: number; urgency_level: UrgencyLevel; ... 12 more ...; preferred_supplier_id?: string; }'.
src/stores/orderLists/orderLists-minmax.ts(149,7): error TS2322: Type 'string | undefined' is not assignable to type 'string'.
  Type 'undefined' is not assignable to type 'string'.
src/stores/orderLists/orderLists-minmax.ts(326,11): error TS2353: Object literal may only specify known properties, and 'total_cost' does not exist in type '{ auto_reorder_enabled?: boolean | null; created_at?: string | null; created_by?: string | null; description?: string | null; id?: string; is_template?: boolean | null; last_auto_check?: string | null; ... 14 more ...; updated_at?: string | null; }'.
src/stores/orderLists/orderLists-minmax.ts(343,27): error TS2304: Cannot find name 'OrderListItemInsert'.
src/stores/orderLists/orderLists-realtime.ts(106,43): error TS2345: Argument of type '{ topic: string; params: { config: { broadcast?: { self?: boolean; ack?: boolean; }; presence?: { key?: string; }; private?: boolean; }; }; socket: { accessTokenValue: string | null; apiKey: string | null; channels: ...[]; ... 40 more ...; flushSendBuffer: () => void; }; ... 19 more ...; teardown: () => void; }' is not assignable to parameter of type 'RealtimeChannel'.
  Types of property 'socket' are incompatible.
    Property '_workerObjectUrl' is missing in type '{ accessTokenValue: string | null; apiKey: string | null; channels: { topic: string; params: { config: { broadcast?: { self?: boolean; ack?: boolean; }; presence?: { key?: string; }; private?: boolean; }; }; ... 20 more ...; teardown: () => void; }[]; ... 40 more ...; flushSendBuffer: () => void; }' but required in type 'RealtimeClient'.
src/stores/orderLists/orderLists-realtime.ts(116,45): error TS2345: Argument of type '{ topic: string; params: { config: { broadcast?: { self?: boolean; ack?: boolean; }; presence?: { key?: string; }; private?: boolean; }; }; socket: { accessTokenValue: string | null; apiKey: string | null; channels: ...[]; ... 40 more ...; flushSendBuffer: () => void; }; ... 19 more ...; teardown: () => void; }' is not assignable to parameter of type 'RealtimeChannel'.
  Types of property 'socket' are incompatible.
    Property '_workerObjectUrl' is missing in type '{ accessTokenValue: string | null; apiKey: string | null; channels: { topic: string; params: { config: { broadcast?: { self?: boolean; ack?: boolean; }; presence?: { key?: string; }; private?: boolean; }; }; ... 20 more ...; teardown: () => void; }[]; ... 40 more ...; flushSendBuffer: () => void; }' but required in type 'RealtimeClient'.
src/stores/orderLists/orderLists-realtime.ts(287,15): error TS18047: 'newRow.current_quantity' is possibly 'null'.
src/stores/orderLists/orderLists-realtime.ts(287,57): error TS18047: 'oldRow.current_quantity' is possibly 'null'.
src/stores/orderLists/orderLists-supplier-splitting.ts(258,9): error TS2322: Type 'string | undefined' is not assignable to type 'string'.
  Type 'undefined' is not assignable to type 'string'.
src/stores/orderLists/orderLists-supplier-splitting.ts(262,9): error TS2322: Type 'string | undefined' is not assignable to type 'string'.
  Type 'undefined' is not assignable to type 'string'.
src/stores/orderLists/orderLists-supplier-splitting.ts(351,9): error TS2322: Type 'string | undefined' is not assignable to type 'string'.
  Type 'undefined' is not assignable to type 'string'.
src/stores/orderLists/orderLists-supplier-splitting.ts(352,9): error TS2322: Type 'string | undefined' is not assignable to type 'string'.
  Type 'undefined' is not assignable to type 'string'.
src/stores/products/products-core.ts(209,30): error TS2304: Cannot find name 'SupplierProductRow'.
src/stores/products/products-core.ts(250,7): error TS2322: Type '{ id: string; name: string; description: string; parent_id: null; sort_order: number; is_active: true; }[]' is not assignable to type 'ProductCategory[] | { id: string; name: string; description?: string; parent_id?: string; sort_order: number; is_active: boolean; }[]'.
  Type '{ id: string; name: string; description: string; parent_id: null; sort_order: number; is_active: true; }[]' is not assignable to type 'ProductCategory[]'.
    Type '{ id: string; name: string; description: string; parent_id: null; sort_order: number; is_active: true; }' is not assignable to type 'ProductCategory'.
      Types of property 'parent_id' are incompatible.
        Type 'null' is not assignable to type 'string'.
src/stores/products/products-core.ts(254,9): error TS2322: Type 'null' is not assignable to type 'string'.
src/stores/products/products-filters.ts(24,15): error TS2339: Property 'minimum_stock' does not exist on type 'ProductWithStock'.
src/stores/products/products-filters.ts(196,72): error TS2339: Property 'minimum_stock' does not exist on type 'ProductWithStock'.
src/stores/products/products-filters.ts(202,32): error TS2339: Property 'minimum_stock' does not exist on type 'ProductWithStock'.
src/stores/products/products-inventory.ts(8,11): error TS2339: Property 'minimum_stock' does not exist on type 'ProductWithStock'.
src/stores/products/products-inventory.ts(65,22): error TS2339: Property 'minimum_stock' does not exist on type 'StockLevelView'.
src/stores/products/products-inventory.ts(65,47): error TS2339: Property 'minimum_stock' does not exist on type 'ProductWithStock'.
src/stores/products/products-inventory.ts(113,42): error TS2339: Property 'minimum_stock' does not exist on type 'ProductWithStock'.
src/stores/suppliers.ts(18,3): error TS2353: Object literal may only specify known properties, and 'practice_id' does not exist in type 'SupplierView'.
src/stores/suppliers.ts(18,20): error TS2339: Property 'practice_id' does not exist on type '{ address: string | null; api_endpoint: string | null; api_key_encrypted: string | null; api_type: string | null; auto_sync_enabled: boolean | null; business_registration: string | null; ... 27 more ...; website: string | null; }'.
src/stores/suppliers.ts(250,13): error TS2353: Object literal may only specify known properties, and 'practice_id' does not exist in type '{ cost_price?: number | null; created_at?: string | null; currency?: string | null; gtin?: string | null; id?: string; is_available?: boolean | null; is_preferred?: boolean | null; last_synced_at?: string | null; ... 8 more ...; updated_at?: string | null; }'.
src/stores/suppliers.ts(307,17): error TS2379: Argument of type '{ cost_price: number | null; currency: string | null; list_price: number | null; minimum_order_quantity: number | null; order_multiple: number | null; is_available: boolean | null; ... 5 more ...; updated_at: string; }' is not assignable to parameter of type '{ cost_price?: number | null; created_at?: string | null; currency?: string | null; gtin?: string | null; id?: string; is_available?: boolean | null; is_preferred?: boolean | null; last_synced_at?: string | null; ... 8 more ...; updated_at?: string | null; }' with 'exactOptionalPropertyTypes: true'. Consider adding 'undefined' to the types of the target's properties.
  Types of property 'supplier_sku' are incompatible.
    Type 'string | undefined' is not assignable to type 'string'.
      Type 'undefined' is not assignable to type 'string'.
src/stores/suppliers.ts(320,11): error TS1360: Type '{ cost_price: number | null; currency: string | null; list_price: number | null; minimum_order_quantity: number | null; order_multiple: number | null; is_available: boolean | null; ... 5 more ...; updated_at: string; }' does not satisfy the expected type '{ cost_price?: number | null; created_at?: string | null; currency?: string | null; gtin?: string | null; id?: string; is_available?: boolean | null; is_preferred?: boolean | null; last_synced_at?: string | null; ... 8 more ...; updated_at?: string | null; }'.
  Types of property 'supplier_sku' are incompatible.
    Type 'string | undefined' is not assignable to type 'string'.
      Type 'undefined' is not assignable to type 'string'.
src/types/inventory.ts(586,28): error TS2339: Property 'minimum_stock' does not exist on type 'ProductWithRelations'.
src/types/inventory.ts(770,19): error TS2339: Property 'updated_at' does not exist on type '{ alternative_suppliers: string[] | null; auto_suggest_enabled: boolean | null; average_consumption: number | null; created_at: string | null; current_stock: number | null; id: string; ... 19 more ...; urgency_level: string | null; }'.
